Archive member included to satisfy reference by file (symbol)

C:/ST/STM32CubeIDE_1.18.1/STM32CubeIDE/plugins/com.st.stm32cube.ide.mcu.externaltools.gnu-tools-for-stm32.13.3.rel1.win32_1.0.0.202411081344/tools/bin/../lib/gcc/arm-none-eabi/13.3.1/../../../../arm-none-eabi/lib/thumb/v8-m.main+fp/hard\libm.a(libm_a-w_exp.o)
                              ./Component/codegen/rtwhalf.o (exp)
C:/ST/STM32CubeIDE_1.18.1/STM32CubeIDE/plugins/com.st.stm32cube.ide.mcu.externaltools.gnu-tools-for-stm32.13.3.rel1.win32_1.0.0.202411081344/tools/bin/../lib/gcc/arm-none-eabi/13.3.1/../../../../arm-none-eabi/lib/thumb/v8-m.main+fp/hard\libm.a(libm_a-w_log.o)
                              ./Component/codegen/rtwhalf.o (log)
C:/ST/STM32CubeIDE_1.18.1/STM32CubeIDE/plugins/com.st.stm32cube.ide.mcu.externaltools.gnu-tools-for-stm32.13.3.rel1.win32_1.0.0.202411081344/tools/bin/../lib/gcc/arm-none-eabi/13.3.1/../../../../arm-none-eabi/lib/thumb/v8-m.main+fp/hard\libm.a(libm_a-w_log10.o)
                              ./Component/codegen/rtwhalf.o (log10)
C:/ST/STM32CubeIDE_1.18.1/STM32CubeIDE/plugins/com.st.stm32cube.ide.mcu.externaltools.gnu-tools-for-stm32.13.3.rel1.win32_1.0.0.202411081344/tools/bin/../lib/gcc/arm-none-eabi/13.3.1/../../../../arm-none-eabi/lib/thumb/v8-m.main+fp/hard\libm.a(libm_a-w_sqrt.o)
                              ./Component/codegen/rtwhalf.o (sqrt)
C:/ST/STM32CubeIDE_1.18.1/STM32CubeIDE/plugins/com.st.stm32cube.ide.mcu.externaltools.gnu-tools-for-stm32.13.3.rel1.win32_1.0.0.202411081344/tools/bin/../lib/gcc/arm-none-eabi/13.3.1/../../../../arm-none-eabi/lib/thumb/v8-m.main+fp/hard\libm.a(libm_a-s_cos.o)
                              ./Component/codegen/rtwhalf.o (cos)
C:/ST/STM32CubeIDE_1.18.1/STM32CubeIDE/plugins/com.st.stm32cube.ide.mcu.externaltools.gnu-tools-for-stm32.13.3.rel1.win32_1.0.0.202411081344/tools/bin/../lib/gcc/arm-none-eabi/13.3.1/../../../../arm-none-eabi/lib/thumb/v8-m.main+fp/hard\libm.a(libm_a-s_sin.o)
                              ./Component/codegen/rtwhalf.o (sin)
C:/ST/STM32CubeIDE_1.18.1/STM32CubeIDE/plugins/com.st.stm32cube.ide.mcu.externaltools.gnu-tools-for-stm32.13.3.rel1.win32_1.0.0.202411081344/tools/bin/../lib/gcc/arm-none-eabi/13.3.1/../../../../arm-none-eabi/lib/thumb/v8-m.main+fp/hard\libm.a(libm_a-s_finite.o)
                              C:/ST/STM32CubeIDE_1.18.1/STM32CubeIDE/plugins/com.st.stm32cube.ide.mcu.externaltools.gnu-tools-for-stm32.13.3.rel1.win32_1.0.0.202411081344/tools/bin/../lib/gcc/arm-none-eabi/13.3.1/../../../../arm-none-eabi/lib/thumb/v8-m.main+fp/hard\libm.a(libm_a-w_exp.o) (finite)
C:/ST/STM32CubeIDE_1.18.1/STM32CubeIDE/plugins/com.st.stm32cube.ide.mcu.externaltools.gnu-tools-for-stm32.13.3.rel1.win32_1.0.0.202411081344/tools/bin/../lib/gcc/arm-none-eabi/13.3.1/../../../../arm-none-eabi/lib/thumb/v8-m.main+fp/hard\libm.a(libm_a-s_nan.o)
                              C:/ST/STM32CubeIDE_1.18.1/STM32CubeIDE/plugins/com.st.stm32cube.ide.mcu.externaltools.gnu-tools-for-stm32.13.3.rel1.win32_1.0.0.202411081344/tools/bin/../lib/gcc/arm-none-eabi/13.3.1/../../../../arm-none-eabi/lib/thumb/v8-m.main+fp/hard\libm.a(libm_a-w_log.o) (nan)
C:/ST/STM32CubeIDE_1.18.1/STM32CubeIDE/plugins/com.st.stm32cube.ide.mcu.externaltools.gnu-tools-for-stm32.13.3.rel1.win32_1.0.0.202411081344/tools/bin/../lib/gcc/arm-none-eabi/13.3.1/../../../../arm-none-eabi/lib/thumb/v8-m.main+fp/hard\libm.a(libm_a-e_sqrt.o)
                              C:/ST/STM32CubeIDE_1.18.1/STM32CubeIDE/plugins/com.st.stm32cube.ide.mcu.externaltools.gnu-tools-for-stm32.13.3.rel1.win32_1.0.0.202411081344/tools/bin/../lib/gcc/arm-none-eabi/13.3.1/../../../../arm-none-eabi/lib/thumb/v8-m.main+fp/hard\libm.a(libm_a-w_sqrt.o) (__ieee754_sqrt)
C:/ST/STM32CubeIDE_1.18.1/STM32CubeIDE/plugins/com.st.stm32cube.ide.mcu.externaltools.gnu-tools-for-stm32.13.3.rel1.win32_1.0.0.202411081344/tools/bin/../lib/gcc/arm-none-eabi/13.3.1/../../../../arm-none-eabi/lib/thumb/v8-m.main+fp/hard\libm.a(libm_a-s_ceil.o)
                              ./Component/codegen/rtwhalf.o (ceil)
C:/ST/STM32CubeIDE_1.18.1/STM32CubeIDE/plugins/com.st.stm32cube.ide.mcu.externaltools.gnu-tools-for-stm32.13.3.rel1.win32_1.0.0.202411081344/tools/bin/../lib/gcc/arm-none-eabi/13.3.1/../../../../arm-none-eabi/lib/thumb/v8-m.main+fp/hard\libm.a(libm_a-s_floor.o)
                              ./Component/codegen/rtwhalf.o (floor)
C:/ST/STM32CubeIDE_1.18.1/STM32CubeIDE/plugins/com.st.stm32cube.ide.mcu.externaltools.gnu-tools-for-stm32.13.3.rel1.win32_1.0.0.202411081344/tools/bin/../lib/gcc/arm-none-eabi/13.3.1/../../../../arm-none-eabi/lib/thumb/v8-m.main+fp/hard\libm.a(libm_a-k_cos.o)
                              C:/ST/STM32CubeIDE_1.18.1/STM32CubeIDE/plugins/com.st.stm32cube.ide.mcu.externaltools.gnu-tools-for-stm32.13.3.rel1.win32_1.0.0.202411081344/tools/bin/../lib/gcc/arm-none-eabi/13.3.1/../../../../arm-none-eabi/lib/thumb/v8-m.main+fp/hard\libm.a(libm_a-s_cos.o) (__kernel_cos)
[...]
Memory Configuration

Name             Origin             Length             Attributes
RAM              0x20000000         0x00040000         xrw
SRAM4            0x28000000         0x00004000         xrw
FLASH            0x08000000         0x00080000         xr
*default*        0x00000000         0xffffffff

Linker script and memory map

LOAD C:/ST/STM32CubeIDE_1.18.1/STM32CubeIDE/plugins/com.st.stm32cube.ide.mcu.externaltools.gnu-tools-for-stm32.13.3.rel1.win32_1.0.0.202411081344/tools/bin/../lib/gcc/arm-none-eabi/13.3.1/thumb/v8-m.main+fp/hard/crti.o
LOAD C:/ST/STM32CubeIDE_1.18.1/STM32CubeIDE/plugins/com.st.stm32cube.ide.mcu.externaltools.gnu-tools-for-stm32.13.3.rel1.win32_1.0.0.202411081344/tools/bin/../lib/gcc/arm-none-eabi/13.3.1/thumb/v8-m.main+fp/hard/crtbegin.o
LOAD C:/ST/STM32CubeIDE_1.18.1/STM32CubeIDE/plugins/com.st.stm32cube.ide.mcu.externaltools.gnu-tools-for-stm32.13.3.rel1.win32_1.0.0.202411081344/tools/bin/../lib/gcc/arm-none-eabi/13.3.1/../../../../arm-none-eabi/lib/thumb/v8-m.main+fp/hard/crt0.o
LOAD ./Component/Src/half_float.o
LOAD ./Component/codegen/rtwhalf.o
LOAD ./Component/ntshell-v0.3.1/src/lib/core/ntlibc.o
LOAD ./Component/ntshell-v0.3.1/src/lib/core/ntshell.o
LOAD ./Component/ntshell-v0.3.1/src/lib/core/text_editor.o
LOAD ./Component/ntshell-v0.3.1/src/lib/core/text_history.o
LOAD ./Component/ntshell-v0.3.1/src/lib/core/vtrecv.o
LOAD ./Component/ntshell-v0.3.1/src/lib/core/vtsend.o
LOAD ./Component/ntshell-v0.3.1/src/lib/util/ntopt.o
LOAD ./Component/ntshell-v0.3.1/src/lib/util/ntstdio.o
LOAD ./Core/Src/adc.o
LOAD ./Core/Src/gpdma.o
LOAD ./Core/Src/gpio.o
LOAD ./Core/Src/icache.o
LOAD ./Core/Src/lptim.o
LOAD ./Core/Src/main.o
LOAD ./Core/Src/memorymap.o
LOAD ./Core/Src/spi.o
LOAD ./Core/Src/stm32u5xx_hal_msp.o
LOAD ./Core/Src/stm32u5xx_it.o
LOAD ./Core/Src/syscalls.o
LOAD ./Core/Src/sysmem.o
LOAD ./Core/Src/system_stm32u5xx.o
LOAD ./Core/Src/tim.o
LOAD ./Core/Src/usart.o
LOAD ./Core/Startup/startup_stm32u535cetx.o
LOAD ./Drivers/STM32U5xx_HAL_Driver/Src/stm32u5xx_hal.o
LOAD ./Drivers/STM32U5xx_HAL_Driver/Src/stm32u5xx_hal_adc.o
LOAD ./Drivers/STM32U5xx_HAL_Driver/Src/stm32u5xx_hal_adc_ex.o
LOAD ./Drivers/STM32U5xx_HAL_Driver/Src/stm32u5xx_hal_cortex.o
LOAD ./Drivers/STM32U5xx_HAL_Driver/Src/stm32u5xx_hal_dma.o
LOAD ./Drivers/STM32U5xx_HAL_Driver/Src/stm32u5xx_hal_dma_ex.o
LOAD ./Drivers/STM32U5xx_HAL_Driver/Src/stm32u5xx_hal_exti.o
LOAD ./Drivers/STM32U5xx_HAL_Driver/Src/stm32u5xx_hal_flash.o
LOAD ./Drivers/STM32U5xx_HAL_Driver/Src/stm32u5xx_hal_flash_ex.o
LOAD ./Drivers/STM32U5xx_HAL_Driver/Src/stm32u5xx_hal_gpio.o
LOAD ./Drivers/STM32U5xx_HAL_Driver/Src/stm32u5xx_hal_gtzc.o
LOAD ./Drivers/STM32U5xx_HAL_Driver/Src/stm32u5xx_hal_i2c.o
LOAD ./Drivers/STM32U5xx_HAL_Driver/Src/stm32u5xx_hal_i2c_ex.o
LOAD ./Drivers/STM32U5xx_HAL_Driver/Src/stm32u5xx_hal_icache.o
LOAD ./Drivers/STM32U5xx_HAL_Driver/Src/stm32u5xx_hal_lptim.o
LOAD ./Drivers/STM32U5xx_HAL_Driver/Src/stm32u5xx_hal_pwr.o
LOAD ./Drivers/STM32U5xx_HAL_Driver/Src/stm32u5xx_hal_pwr_ex.o
LOAD ./Drivers/STM32U5xx_HAL_Driver/Src/stm32u5xx_hal_rcc.o
LOAD ./Drivers/STM32U5xx_HAL_Driver/Src/stm32u5xx_hal_rcc_ex.o
LOAD ./Drivers/STM32U5xx_HAL_Driver/Src/stm32u5xx_hal_spi.o
LOAD ./Drivers/STM32U5xx_HAL_Driver/Src/stm32u5xx_hal_spi_ex.o
LOAD ./Drivers/STM32U5xx_HAL_Driver/Src/stm32u5xx_hal_tim.o
LOAD ./Drivers/STM32U5xx_HAL_Driver/Src/stm32u5xx_hal_tim_ex.o
LOAD ./Drivers/STM32U5xx_HAL_Driver/Src/stm32u5xx_hal_uart.o
LOAD ./Drivers/STM32U5xx_HAL_Driver/Src/stm32u5xx_hal_uart_ex.o
LOAD ./Pheripheral/Src/communicate.o
LOAD ./Pheripheral/Src/imu.o
LOAD ./Pheripheral/Src/interface.o
LOAD ./Pheripheral/Src/ir_sensor.o
START GROUP
LOAD C:/ST/STM32CubeIDE_1.18.1/STM32CubeIDE/plugins/com.st.stm32cube.ide.mcu.externaltools.gnu-tools-for-stm32.13.3.rel1.win32_1.0.0.202411081344/tools/bin/../lib/gcc/arm-none-eabi/13.3.1/../../../../arm-none-eabi/lib/thumb/v8-m.main+fp/hard\libstdc++_nano.a
LOAD C:/ST/STM32CubeIDE_1.18.1/STM32CubeIDE/plugins/com.st.stm32cube.ide.mcu.externaltools.gnu-tools-for-stm32.13.3.rel1.win32_1.0.0.202411081344/tools/bin/../lib/gcc/arm-none-eabi/13.3.1/../../../../arm-none-eabi/lib/thumb/v8-m.main+fp/hard\libsupc++_nano.a
END GROUP
LOAD C:/ST/STM32CubeIDE_1.18.1/STM32CubeIDE/plugins/com.st.stm32cube.ide.mcu.externaltools.gnu-tools-for-stm32.13.3.rel1.win32_1.0.0.202411081344/tools/bin/../lib/gcc/arm-none-eabi/13.3.1/../../../../arm-none-eabi/lib/thumb/v8-m.main+fp/hard\libstdc++_nano.a
LOAD C:/ST/STM32CubeIDE_1.18.1/STM32CubeIDE/plugins/com.st.stm32cube.ide.mcu.externaltools.gnu-tools-for-stm32.13.3.rel1.win32_1.0.0.202411081344/tools/bin/../lib/gcc/arm-none-eabi/13.3.1/../../../../arm-none-eabi/lib/thumb/v8-m.main+fp/hard\libm.a
LOAD C:/ST/STM32CubeIDE_1.18.1/STM32CubeIDE/plugins/com.st.stm32cube.ide.mcu.externaltools.gnu-tools-for-stm32.13.3.rel1.win32_1.0.0.202411081344/tools/bin/../lib/gcc/arm-none-eabi/13.3.1/../../../../arm-none-eabi/lib/thumb/v8-m.main+fp/hard\libc_nano.a
START GROUP
LOAD C:/ST/STM32CubeIDE_1.18.1/STM32CubeIDE/plugins/com.st.stm32cube.ide.mcu.externaltools.gnu-tools-for-stm32.13.3.rel1.win32_1.0.0.202411081344/tools/bin/../lib/gcc/arm-none-eabi/13.3.1/thumb/v8-m.main+fp/hard\libgcc.a
LOAD C:/ST/STM32CubeIDE_1.18.1/STM32CubeIDE/plugins/com.st.stm32cube.ide.mcu.externaltools.gnu-tools-for-stm32.13.3.rel1.win32_1.0.0.202411081344/tools/bin/../lib/gcc/arm-none-eabi/13.3.1/../../../../arm-none-eabi/lib/thumb/v8-m.main+fp/hard\libc_nano.a
END GROUP
START GROUP
LOAD C:/ST/STM32CubeIDE_1.18.1/STM32CubeIDE/plugins/com.st.stm32cube.ide.mcu.externaltools.gnu-tools-for-stm32.13.3.rel1.win32_1.0.0.202411081344/tools/bin/../lib/gcc/arm-none-eabi/13.3.1/thumb/v8-m.main+fp/hard\libgcc.a
LOAD C:/ST/STM32CubeIDE_1.18.1/STM32CubeIDE/plugins/com.st.stm32cube.ide.mcu.externaltools.gnu-tools-for-stm32.13.3.rel1.win32_1.0.0.202411081344/tools/bin/../lib/gcc/arm-none-eabi/13.3.1/../../../../arm-none-eabi/lib/thumb/v8-m.main+fp/hard\libc_nano.a
LOAD C:/ST/STM32CubeIDE_1.18.1/STM32CubeIDE/plugins/com.st.stm32cube.ide.mcu.externaltools.gnu-tools-for-stm32.13.3.rel1.win32_1.0.0.202411081344/tools/bin/../lib/gcc/arm-none-eabi/13.3.1/../../../../arm-none-eabi/lib/thumb/v8-m.main+fp/hard\libnosys.a
END GROUP
START GROUP
LOAD C:/ST/STM32CubeIDE_1.18.1/STM32CubeIDE/plugins/com.st.stm32cube.ide.mcu.externaltools.gnu-tools-for-stm32.13.3.rel1.win32_1.0.0.202411081344/tools/bin/../lib/gcc/arm-none-eabi/13.3.1/thumb/v8-m.main+fp/hard\libgcc.a
LOAD C:/ST/STM32CubeIDE_1.18.1/STM32CubeIDE/plugins/com.st.stm32cube.ide.mcu.externaltools.gnu-tools-for-stm32.13.3.rel1.win32_1.0.0.202411081344/tools/bin/../lib/gcc/arm-none-eabi/13.3.1/../../../../arm-none-eabi/lib/thumb/v8-m.main+fp/hard\libc_nano.a
LOAD C:/ST/STM32CubeIDE_1.18.1/STM32CubeIDE/plugins/com.st.stm32cube.ide.mcu.externaltools.gnu-tools-for-stm32.13.3.rel1.win32_1.0.0.202411081344/tools/bin/../lib/gcc/arm-none-eabi/13.3.1/../../../../arm-none-eabi/lib/thumb/v8-m.main+fp/hard\libnosys.a
END GROUP
LOAD C:/ST/STM32CubeIDE_1.18.1/STM32CubeIDE/plugins/com.st.stm32cube.ide.mcu.externaltools.gnu-tools-for-stm32.13.3.rel1.win32_1.0.0.202411081344/tools/bin/../lib/gcc/arm-none-eabi/13.3.1/thumb/v8-m.main+fp/hard/crtend.o
LOAD C:/ST/STM32CubeIDE_1.18.1/STM32CubeIDE/plugins/com.st.stm32cube.ide.mcu.externaltools.gnu-tools-for-stm32.13.3.rel1.win32_1.0.0.202411081344/tools/bin/../lib/gcc/arm-none-eabi/13.3.1/thumb/v8-m.main+fp/hard/crtn.o
                0x20040000                        _estack = (ORIGIN (RAM) + LENGTH (RAM))
                0x00000200                        _Min_Heap_Size = 0x200
                0x00000400                        _Min_Stack_Size = 0x400

.isr_vector     0x08000000      0x238
 *(.isr_vector)
 .isr_vector    0x08000000      0x238 ./Core/Startup/startup_stm32u535cetx.o
                0x08000000                g_pfnVectors

.text           0x08000238     0xc3a0
 *(.text)
 .text          0x08000238       0x40 C:/ST/STM32CubeIDE_1.18.1/STM32CubeIDE/plugins/com.st.stm32cube.ide.mcu.externaltools.gnu-tools-for-stm32.13.3.rel1.win32_1.0.0.202411081344/tools/bin/../lib/gcc/arm-none-eabi/13.3.1/thumb/v8-m.main+fp/hard/crtbegin.o
 .text          0x08000278       0x30 C:/ST/STM32CubeIDE_1.18.1/STM32CubeIDE/plugins/com.st.stm32cube.ide.mcu.externaltools.gnu-tools-for-stm32.13.3.rel1.win32_1.0.0.202411081344/tools/bin/../lib/gcc/arm-none-eabi/13.3.1/thumb/v8-m.main+fp/hard\libgcc.a(_aeabi_uldivmod.o)
                0x08000278                __aeabi_uldivmod
 .text          0x080002a8      0x348 C:/ST/STM32CubeIDE_1.18.1/STM32CubeIDE/plugins/com.st.stm32cube.ide.mcu.externaltools.gnu-tools-for-stm32.13.3.rel1.win32_1.0.0.202411081344/tools/bin/../lib/gcc/arm-none-eabi/13.3.1/thumb/v8-m.main+fp/hard\libgcc.a(_udivmoddi4.o)
                0x080002a8                __udivmoddi4
 .text          0x080005f0        0x4 C:/ST/STM32CubeIDE_1.18.1/STM32CubeIDE/plugins/com.st.stm32cube.ide.mcu.externaltools.gnu-tools-for-stm32.13.3.rel1.win32_1.0.0.202411081344/tools/bin/../lib/gcc/arm-none-eabi/13.3.1/thumb/v8-m.main+fp/hard\libgcc.a(_dvmd_tls.o)
                0x080005f0                __aeabi_idiv0
                0x080005f0                __aeabi_ldiv0
 *(.text*)
 .text.MX_ADC1_Init
                0x080005f4       0xe0 ./Core/Src/adc.o
                0x080005f4                MX_ADC1_Init
 .text.MX_ADC4_Init
                0x080006d4       0xdc ./Core/Src/adc.o
                0x080006d4                MX_ADC4_Init
 .text.HAL_ADC_MspInit
                0x080007b0      0x198 ./Core/Src/adc.o
                0x080007b0                HAL_ADC_MspInit
 .text.MX_GPDMA1_Init
                0x08000948      0x224 ./Core/Src/gpdma.o
                0x08000948                MX_GPDMA1_Init
 .text.MX_GPIO_Init
                0x08000b6c      0x168 ./Core/Src/gpio.o
                0x08000b6c                MX_GPIO_Init
 .text.MX_ICACHE_Init
                0x08000cd4       0x26 ./Core/Src/icache.o
                0x08000cd4                MX_ICACHE_Init
 *fill*         0x08000cfa        0x2 
 .text.MX_LPTIM1_Init
                0x08000cfc       0xa4 ./Core/Src/lptim.o
                0x08000cfc                MX_LPTIM1_Init
 .text.HAL_LPTIM_MspInit
                0x08000da0       0x78 ./Core/Src/lptim.o
                0x08000da0                HAL_LPTIM_MspInit
 .text.main     0x08000e18       0x44 ./Core/Src/main.o
                0x08000e18                main
 .text.SystemClock_Config
                0x08000e5c       0xd4 ./Core/Src/main.o
                0x08000e5c                SystemClock_Config
 .text.Error_Handler
                0x08000f30        0xc ./Core/Src/main.o
                0x08000f30                Error_Handler
 .text.MX_SPI2_Init
                0x08000f3c       0xe0 ./Core/Src/spi.o
                0x08000f3c                MX_SPI2_Init
 .text.HAL_SPI_MspInit
                0x0800101c       0xe4 ./Core/Src/spi.o
                0x0800101c                HAL_SPI_MspInit
 .text.HAL_MspInit
                0x08001100       0x34 ./Core/Src/stm32u5xx_hal_msp.o
                0x08001100                HAL_MspInit
 .text.NMI_Handler
                0x08001134        0x8 ./Core/Src/stm32u5xx_it.o
                0x08001134                NMI_Handler
 .text.HardFault_Handler
                0x0800113c        0x8 ./Core/Src/stm32u5xx_it.o
                0x0800113c                HardFault_Handler
 .text.MemManage_Handler
                0x08001144        0x8 ./Core/Src/stm32u5xx_it.o
                0x08001144                MemManage_Handler
 .text.BusFault_Handler
                0x0800114c        0x8 ./Core/Src/stm32u5xx_it.o
                0x0800114c                BusFault_Handler
 .text.UsageFault_Handler
                0x08001154        0x8 ./Core/Src/stm32u5xx_it.o
                0x08001154                UsageFault_Handler
 .text.SVC_Handler
                0x0800115c        0xe ./Core/Src/stm32u5xx_it.o
                0x0800115c                SVC_Handler
 .text.DebugMon_Handler
                0x0800116a        0xe ./Core/Src/stm32u5xx_it.o
                0x0800116a                DebugMon_Handler
 .text.PendSV_Handler
                0x08001178        0xe ./Core/Src/stm32u5xx_it.o
                0x08001178                PendSV_Handler
 .text.SysTick_Handler
                0x08001186        0xc ./Core/Src/stm32u5xx_it.o
                0x08001186                SysTick_Handler
 *fill*         0x08001192        0x2 
 .text.GPDMA1_Channel0_IRQHandler
                0x08001194       0x14 ./Core/Src/stm32u5xx_it.o
                0x08001194                GPDMA1_Channel0_IRQHandler
 .text.GPDMA1_Channel1_IRQHandler
                0x080011a8       0x14 ./Core/Src/stm32u5xx_it.o
                0x080011a8                GPDMA1_Channel1_IRQHandler
 .text.GPDMA1_Channel2_IRQHandler
                0x080011bc       0x14 ./Core/Src/stm32u5xx_it.o
                0x080011bc                GPDMA1_Channel2_IRQHandler
 .text.GPDMA1_Channel3_IRQHandler
                0x080011d0       0x14 ./Core/Src/stm32u5xx_it.o
                0x080011d0                GPDMA1_Channel3_IRQHandler
 .text.SPI2_IRQHandler
                0x080011e4       0x14 ./Core/Src/stm32u5xx_it.o
                0x080011e4                SPI2_IRQHandler
 .text.SystemInit
                0x080011f8       0x70 ./Core/Src/system_stm32u5xx.o
                0x080011f8                SystemInit
 .text.MX_TIM2_Init
                0x08001268       0xa8 ./Core/Src/tim.o
                0x08001268                MX_TIM2_Init
 .text.MX_TIM3_Init
                0x08001310       0xac ./Core/Src/tim.o
                0x08001310                MX_TIM3_Init
 .text.MX_TIM4_Init
                0x080013bc      0x130 ./Core/Src/tim.o
                0x080013bc                MX_TIM4_Init
 .text.MX_TIM8_Init
                0x080014ec      0x160 ./Core/Src/tim.o
                0x080014ec                MX_TIM8_Init
 .text.HAL_TIM_Encoder_MspInit
                0x0800164c      0x140 ./Core/Src/tim.o
                0x0800164c                HAL_TIM_Encoder_MspInit
 .text.HAL_TIM_Base_MspInit
                0x0800178c       0x74 ./Core/Src/tim.o
                0x0800178c                HAL_TIM_Base_MspInit
 .text.HAL_TIM_MspPostInit
                0x08001800       0xc4 ./Core/Src/tim.o
                0x08001800                HAL_TIM_MspPostInit
 .text.MX_USART1_UART_Init
                0x080018c4       0x98 ./Core/Src/usart.o
                0x080018c4                MX_USART1_UART_Init
 .text.HAL_UART_MspInit
                0x0800195c      0x1ec ./Core/Src/usart.o
                0x0800195c                HAL_UART_MspInit
 .text.Reset_Handler
                0x08001b48       0x50 ./Core/Startup/startup_stm32u535cetx.o
                0x08001b48                Reset_Handler
 .text.Default_Handler
                0x08001b98        0x2 ./Core/Startup/startup_stm32u535cetx.o
                0x08001b98                EXTI2_IRQHandler
                0x08001b98                TIM8_TRG_COM_IRQHandler
                0x08001b98                TIM8_CC_IRQHandler
                0x08001b98                EXTI5_IRQHandler
                0x08001b98                FLASH_S_IRQHandler
                0x08001b98                EXTI13_IRQHandler
                0x08001b98                TIM1_CC_IRQHandler
                0x08001b98                TSC_IRQHandler
                0x08001b98                TAMP_IRQHandler
                0x08001b98                TIM6_IRQHandler
                0x08001b98                EXTI12_IRQHandler
                0x08001b98                CORDIC_IRQHandler
                0x08001b98                EXTI3_IRQHandler
                0x08001b98                LPTIM4_IRQHandler
                0x08001b98                GPDMA1_Channel5_IRQHandler
                0x08001b98                EXTI8_IRQHandler
                0x08001b98                LPTIM2_IRQHandler
                0x08001b98                I2C3_ER_IRQHandler
                0x08001b98                PWR_S3WU_IRQHandler
                0x08001b98                LPDMA1_Channel3_IRQHandler
                0x08001b98                LPTIM3_IRQHandler
                0x08001b98                EXTI0_IRQHandler
                0x08001b98                I2C2_EV_IRQHandler
                0x08001b98                FPU_IRQHandler
                0x08001b98                GPDMA1_Channel7_IRQHandler
                0x08001b98                FDCAN1_IT1_IRQHandler
                0x08001b98                RAMCFG_IRQHandler
                0x08001b98                GPDMA1_Channel9_IRQHandler
                0x08001b98                DCACHE1_IRQHandler
                0x08001b98                SPI1_IRQHandler
                0x08001b98                OCTOSPI1_IRQHandler
                0x08001b98                TIM8_UP_IRQHandler
                0x08001b98                RCC_S_IRQHandler
                0x08001b98                MDF1_FLT1_IRQHandler
                0x08001b98                ADC1_IRQHandler
                0x08001b98                EXTI15_IRQHandler
                0x08001b98                TIM17_IRQHandler
                0x08001b98                USART3_IRQHandler
                0x08001b98                RTC_IRQHandler
                0x08001b98                EXTI9_IRQHandler
                0x08001b98                UART5_IRQHandler
                0x08001b98                TIM4_IRQHandler
                0x08001b98                I2C1_EV_IRQHandler
                0x08001b98                GPDMA1_Channel12_IRQHandler
                0x08001b98                TIM16_IRQHandler
                0x08001b98                GPDMA1_Channel15_IRQHandler
                0x08001b98                UART4_IRQHandler
                0x08001b98                SecureFault_Handler
                0x08001b98                TIM3_IRQHandler
                0x08001b98                RCC_IRQHandler
                0x08001b98                TIM1_TRG_COM_IRQHandler
                0x08001b98                Default_Handler
                0x08001b98                GPDMA1_Channel8_IRQHandler
                0x08001b98                FMAC_IRQHandler
                0x08001b98                GPDMA1_Channel11_IRQHandler
                0x08001b98                TIM7_IRQHandler
                0x08001b98                SDMMC1_IRQHandler
                0x08001b98                TIM5_IRQHandler
                0x08001b98                TIM15_IRQHandler
                0x08001b98                I2C3_EV_IRQHandler
                0x08001b98                USB_IRQHandler
                0x08001b98                LPDMA1_Channel0_IRQHandler
                0x08001b98                PVD_PVM_IRQHandler
                0x08001b98                LPDMA1_Channel1_IRQHandler
                0x08001b98                EXTI14_IRQHandler
                0x08001b98                EXTI11_IRQHandler
                0x08001b98                CRS_IRQHandler
                0x08001b98                GPDMA1_Channel14_IRQHandler
                0x08001b98                LSECSSD_IRQHandler
                0x08001b98                EXTI4_IRQHandler
                0x08001b98                RTC_S_IRQHandler
                0x08001b98                GPDMA1_Channel13_IRQHandler
                0x08001b98                RNG_IRQHandler
                0x08001b98                COMP_IRQHandler
                0x08001b98                TIM1_UP_IRQHandler
                0x08001b98                ADC4_IRQHandler
                0x08001b98                WWDG_IRQHandler
                0x08001b98                I2C4_EV_IRQHandler
                0x08001b98                ADF1_IRQHandler
                0x08001b98                IWDG_IRQHandler
                0x08001b98                LPUART1_IRQHandler
                0x08001b98                MDF1_FLT0_IRQHandler
                0x08001b98                FDCAN1_IT0_IRQHandler
                0x08001b98                TIM2_IRQHandler
                0x08001b98                GPDMA1_Channel4_IRQHandler
                0x08001b98                EXTI7_IRQHandler
                0x08001b98                TIM1_BRK_IRQHandler
                0x08001b98                EXTI1_IRQHandler
                0x08001b98                DAC1_IRQHandler
                0x08001b98                GTZC_IRQHandler
                0x08001b98                GPDMA1_Channel6_IRQHandler
                0x08001b98                I2C2_ER_IRQHandler
                0x08001b98                TIM8_BRK_IRQHandler
                0x08001b98                FLASH_IRQHandler
                0x08001b98                USART1_IRQHandler
                0x08001b98                EXTI10_IRQHandler
                0x08001b98                SPI3_IRQHandler
                0x08001b98                LPDMA1_Channel2_IRQHandler
                0x08001b98                I2C1_ER_IRQHandler
                0x08001b98                EXTI6_IRQHandler
                0x08001b98                LPTIM1_IRQHandler
                0x08001b98                DCMI_PSSI_IRQHandler
                0x08001b98                I2C4_ER_IRQHandler
                0x08001b98                GPDMA1_Channel10_IRQHandler
                0x08001b98                ICACHE_IRQHandler
                0x08001b98                SAI1_IRQHandler
                0x08001b98                HASH_IRQHandler
 *fill*         0x08001b9a        0x2 
 .text.HAL_Init
                0x08001b9c       0x60 ./Drivers/STM32U5xx_HAL_Driver/Src/stm32u5xx_hal.o
                0x08001b9c                HAL_Init
 .text.HAL_InitTick
                0x08001bfc       0xec ./Drivers/STM32U5xx_HAL_Driver/Src/stm32u5xx_hal.o
                0x08001bfc                HAL_InitTick
 .text.HAL_IncTick
                0x08001ce8       0x28 ./Drivers/STM32U5xx_HAL_Driver/Src/stm32u5xx_hal.o
                0x08001ce8                HAL_IncTick
 .text.HAL_GetTick
                0x08001d10       0x18 ./Drivers/STM32U5xx_HAL_Driver/Src/stm32u5xx_hal.o
                0x08001d10                HAL_GetTick
 .text.HAL_GetREVID
                0x08001d28       0x1c ./Drivers/STM32U5xx_HAL_Driver/Src/stm32u5xx_hal.o
                0x08001d28                HAL_GetREVID
 .text.LL_ADC_SetCommonClock
                0x08001d44       0x26 ./Drivers/STM32U5xx_HAL_Driver/Src/stm32u5xx_hal_adc.o
 .text.LL_ADC_SetCommonPathInternalCh
                0x08001d6a       0x26 ./Drivers/STM32U5xx_HAL_Driver/Src/stm32u5xx_hal_adc.o
 .text.LL_ADC_GetCommonPathInternalCh
                0x08001d90       0x1c ./Drivers/STM32U5xx_HAL_Driver/Src/stm32u5xx_hal_adc.o
 .text.LL_ADC_SetResolution
                0x08001dac       0x40 ./Drivers/STM32U5xx_HAL_Driver/Src/stm32u5xx_hal_adc.o
 .text.LL_ADC_SetOffset
                0x08001dec       0x42 ./Drivers/STM32U5xx_HAL_Driver/Src/stm32u5xx_hal_adc.o
 .text.LL_ADC_GetOffsetChannel
                0x08001e2e       0x58 ./Drivers/STM32U5xx_HAL_Driver/Src/stm32u5xx_hal_adc.o
 .text.LL_ADC_SetOffsetSign
                0x08001e86       0x36 ./Drivers/STM32U5xx_HAL_Driver/Src/stm32u5xx_hal_adc.o
 .text.LL_ADC_SetOffsetSignedSaturation
                0x08001ebc       0x36 ./Drivers/STM32U5xx_HAL_Driver/Src/stm32u5xx_hal_adc.o
 .text.LL_ADC_SetOffsetUnsignedSaturation
                0x08001ef2       0x36 ./Drivers/STM32U5xx_HAL_Driver/Src/stm32u5xx_hal_adc.o
 .text.LL_ADC_SetGainCompensation
                0x08001f28       0x46 ./Drivers/STM32U5xx_HAL_Driver/Src/stm32u5xx_hal_adc.o
 .text.LL_ADC_SetSamplingTimeCommonChannels
                0x08001f6e       0x3e ./Drivers/STM32U5xx_HAL_Driver/Src/stm32u5xx_hal_adc.o
 .text.LL_ADC_REG_SetSequencerRanks
                0x08001fac       0xc0 ./Drivers/STM32U5xx_HAL_Driver/Src/stm32u5xx_hal_adc.o
 .text.LL_ADC_REG_SetSequencerChAdd
                0x0800206c       0x66 ./Drivers/STM32U5xx_HAL_Driver/Src/stm32u5xx_hal_adc.o
 .text.LL_ADC_REG_SetSequencerChRem
                0x080020d2       0x30 ./Drivers/STM32U5xx_HAL_Driver/Src/stm32u5xx_hal_adc.o
 *fill*         0x08002102        0x2 
 .text.LL_ADC_SetChannelSamplingTime
                0x08002104       0xc8 ./Drivers/STM32U5xx_HAL_Driver/Src/stm32u5xx_hal_adc.o
 .text.LL_ADC_SetChannelSingleDiff
                0x080021cc       0x48 ./Drivers/STM32U5xx_HAL_Driver/Src/stm32u5xx_hal_adc.o
 .text.LL_ADC_DisableDeepPowerDown
                0x08002214       0x24 ./Drivers/STM32U5xx_HAL_Driver/Src/stm32u5xx_hal_adc.o
 .text.LL_ADC_IsDeepPowerDownEnabled
                0x08002238       0x28 ./Drivers/STM32U5xx_HAL_Driver/Src/stm32u5xx_hal_adc.o
 .text.LL_ADC_EnableInternalRegulator
                0x08002260       0x28 ./Drivers/STM32U5xx_HAL_Driver/Src/stm32u5xx_hal_adc.o
 .text.LL_ADC_IsInternalRegulatorEnabled
                0x08002288       0x28 ./Drivers/STM32U5xx_HAL_Driver/Src/stm32u5xx_hal_adc.o
 .text.LL_ADC_IsEnabled
                0x080022b0       0x26 ./Drivers/STM32U5xx_HAL_Driver/Src/stm32u5xx_hal_adc.o
 .text.LL_ADC_REG_IsConversionOngoing
                0x080022d6       0x26 ./Drivers/STM32U5xx_HAL_Driver/Src/stm32u5xx_hal_adc.o
 .text.LL_ADC_INJ_IsConversionOngoing
                0x080022fc       0x26 ./Drivers/STM32U5xx_HAL_Driver/Src/stm32u5xx_hal_adc.o
 *fill*         0x08002322        0x2 
 .text.HAL_ADC_Init
                0x08002324      0x594 ./Drivers/STM32U5xx_HAL_Driver/Src/stm32u5xx_hal_adc.o
                0x08002324                HAL_ADC_Init
 .text.HAL_ADC_ConfigChannel
                0x080028b8      0xd20 ./Drivers/STM32U5xx_HAL_Driver/Src/stm32u5xx_hal_adc.o
                0x080028b8                HAL_ADC_ConfigChannel
 .text.__NVIC_SetPriorityGrouping
                0x080035d8       0x48 ./Drivers/STM32U5xx_HAL_Driver/Src/stm32u5xx_hal_cortex.o
 .text.__NVIC_GetPriorityGrouping
                0x08003620       0x1c ./Drivers/STM32U5xx_HAL_Driver/Src/stm32u5xx_hal_cortex.o
 .text.__NVIC_EnableIRQ
                0x0800363c       0x3c ./Drivers/STM32U5xx_HAL_Driver/Src/stm32u5xx_hal_cortex.o
 .text.__NVIC_SetPriority
                0x08003678       0x54 ./Drivers/STM32U5xx_HAL_Driver/Src/stm32u5xx_hal_cortex.o
 .text.NVIC_EncodePriority
                0x080036cc       0x66 ./Drivers/STM32U5xx_HAL_Driver/Src/stm32u5xx_hal_cortex.o
 .text.HAL_NVIC_SetPriorityGrouping
                0x08003732       0x16 ./Drivers/STM32U5xx_HAL_Driver/Src/stm32u5xx_hal_cortex.o
                0x08003732                HAL_NVIC_SetPriorityGrouping
 .text.HAL_NVIC_SetPriority
                0x08003748       0x34 ./Drivers/STM32U5xx_HAL_Driver/Src/stm32u5xx_hal_cortex.o
                0x08003748                HAL_NVIC_SetPriority
 .text.HAL_NVIC_EnableIRQ
                0x0800377c       0x1c ./Drivers/STM32U5xx_HAL_Driver/Src/stm32u5xx_hal_cortex.o
                0x0800377c                HAL_NVIC_EnableIRQ
 .text.HAL_SYSTICK_Config
                0x08003798       0x44 ./Drivers/STM32U5xx_HAL_Driver/Src/stm32u5xx_hal_cortex.o
                0x08003798                HAL_SYSTICK_Config
 .text.HAL_SYSTICK_CLKSourceConfig
                0x080037dc       0xb0 ./Drivers/STM32U5xx_HAL_Driver/Src/stm32u5xx_hal_cortex.o
                0x080037dc                HAL_SYSTICK_CLKSourceConfig
 .text.HAL_SYSTICK_GetCLKSourceConfig
                0x0800388c       0x74 ./Drivers/STM32U5xx_HAL_Driver/Src/stm32u5xx_hal_cortex.o
                0x0800388c                HAL_SYSTICK_GetCLKSourceConfig
 .text.HAL_DMA_Init
                0x08003900      0x258 ./Drivers/STM32U5xx_HAL_Driver/Src/stm32u5xx_hal_dma.o
                0x08003900                HAL_DMA_Init
 .text.HAL_DMA_Abort_IT
                0x08003b58       0x52 ./Drivers/STM32U5xx_HAL_Driver/Src/stm32u5xx_hal_dma.o
                0x08003b58                HAL_DMA_Abort_IT
 .text.HAL_DMA_IRQHandler
                0x08003baa      0x2c2 ./Drivers/STM32U5xx_HAL_Driver/Src/stm32u5xx_hal_dma.o
                0x08003baa                HAL_DMA_IRQHandler
 .text.HAL_DMA_ConfigChannelAttributes
                0x08003e6c       0x78 ./Drivers/STM32U5xx_HAL_Driver/Src/stm32u5xx_hal_dma.o
                0x08003e6c                HAL_DMA_ConfigChannelAttributes
 .text.DMA_Init
                0x08003ee4      0x500 ./Drivers/STM32U5xx_HAL_Driver/Src/stm32u5xx_hal_dma.o
 .text.HAL_DMAEx_List_Init
                0x080043e4      0x258 ./Drivers/STM32U5xx_HAL_Driver/Src/stm32u5xx_hal_dma_ex.o
                0x080043e4                HAL_DMAEx_List_Init
 .text.HAL_DMAEx_List_Start_IT
                0x0800463c      0x128 ./Drivers/STM32U5xx_HAL_Driver/Src/stm32u5xx_hal_dma_ex.o
                0x0800463c                HAL_DMAEx_List_Start_IT
 .text.HAL_DMAEx_List_BuildNode
                0x08004764       0x2c ./Drivers/STM32U5xx_HAL_Driver/Src/stm32u5xx_hal_dma_ex.o
                0x08004764                HAL_DMAEx_List_BuildNode
 .text.HAL_DMAEx_List_GetNodeConfig
                0x08004790       0x2c ./Drivers/STM32U5xx_HAL_Driver/Src/stm32u5xx_hal_dma_ex.o
                0x08004790                HAL_DMAEx_List_GetNodeConfig
 .text.HAL_DMAEx_List_InsertNode
                0x080047bc      0x192 ./Drivers/STM32U5xx_HAL_Driver/Src/stm32u5xx_hal_dma_ex.o
                0x080047bc                HAL_DMAEx_List_InsertNode
 .text.HAL_DMAEx_List_SetCircularMode
                0x0800494e       0xc0 ./Drivers/STM32U5xx_HAL_Driver/Src/stm32u5xx_hal_dma_ex.o
                0x0800494e                HAL_DMAEx_List_SetCircularMode
 *fill*         0x08004a0e        0x2 
 .text.HAL_DMAEx_List_LinkQ
                0x08004a10      0x12c ./Drivers/STM32U5xx_HAL_Driver/Src/stm32u5xx_hal_dma_ex.o
                0x08004a10                HAL_DMAEx_List_LinkQ
 .text.DMA_List_Init
                0x08004b3c      0x2b0 ./Drivers/STM32U5xx_HAL_Driver/Src/stm32u5xx_hal_dma_ex.o
 .text.DMA_List_BuildNode
                0x08004dec      0x2b0 ./Drivers/STM32U5xx_HAL_Driver/Src/stm32u5xx_hal_dma_ex.o
 .text.DMA_List_GetNodeConfig
                0x0800509c      0x214 ./Drivers/STM32U5xx_HAL_Driver/Src/stm32u5xx_hal_dma_ex.o
 .text.DMA_List_CheckNodesBaseAddresses
                0x080052b0       0x60 ./Drivers/STM32U5xx_HAL_Driver/Src/stm32u5xx_hal_dma_ex.o
 .text.DMA_List_CheckNodesTypes
                0x08005310       0x78 ./Drivers/STM32U5xx_HAL_Driver/Src/stm32u5xx_hal_dma_ex.o
 .text.DMA_List_GetCLLRNodeInfo
                0x08005388       0x60 ./Drivers/STM32U5xx_HAL_Driver/Src/stm32u5xx_hal_dma_ex.o
 .text.DMA_List_FindNode
                0x080053e8      0x13e ./Drivers/STM32U5xx_HAL_Driver/Src/stm32u5xx_hal_dma_ex.o
 *fill*         0x08005526        0x2 
 .text.HAL_GPIO_Init
                0x08005528      0x3b0 ./Drivers/STM32U5xx_HAL_Driver/Src/stm32u5xx_hal_gpio.o
                0x08005528                HAL_GPIO_Init
 .text.HAL_GPIO_WritePin
                0x080058d8       0x30 ./Drivers/STM32U5xx_HAL_Driver/Src/stm32u5xx_hal_gpio.o
                0x080058d8                HAL_GPIO_WritePin
 .text.HAL_ICACHE_ConfigAssociativityMode
                0x08005908       0x40 ./Drivers/STM32U5xx_HAL_Driver/Src/stm32u5xx_hal_icache.o
                0x08005908                HAL_ICACHE_ConfigAssociativityMode
 .text.HAL_ICACHE_Enable
                0x08005948       0x20 ./Drivers/STM32U5xx_HAL_Driver/Src/stm32u5xx_hal_icache.o
                0x08005948                HAL_ICACHE_Enable
 .text.HAL_LPTIM_Init
                0x08005968      0x200 ./Drivers/STM32U5xx_HAL_Driver/Src/stm32u5xx_hal_lptim.o
                0x08005968                HAL_LPTIM_Init
 .text.HAL_LPTIM_IC_Start
                0x08005b68       0xc4 ./Drivers/STM32U5xx_HAL_Driver/Src/stm32u5xx_hal_lptim.o
                0x08005b68                HAL_LPTIM_IC_Start
 .text.HAL_LPTIM_OC_ConfigChannel
                0x08005c2c       0x66 ./Drivers/STM32U5xx_HAL_Driver/Src/stm32u5xx_hal_lptim.o
                0x08005c2c                HAL_LPTIM_OC_ConfigChannel
 *fill*         0x08005c92        0x2 
 .text.LPTIM_WaitForFlag
                0x08005c94       0x60 ./Drivers/STM32U5xx_HAL_Driver/Src/stm32u5xx_hal_lptim.o
 .text.LPTIM_OC1_SetConfig
                0x08005cf4       0xcc ./Drivers/STM32U5xx_HAL_Driver/Src/stm32u5xx_hal_lptim.o
 .text.LPTIM_OC2_SetConfig
                0x08005dc0       0x9c ./Drivers/STM32U5xx_HAL_Driver/Src/stm32u5xx_hal_lptim.o
 .text.HAL_PWREx_ControlVoltageScaling
                0x08005e5c       0xfc ./Drivers/STM32U5xx_HAL_Driver/Src/stm32u5xx_hal_pwr_ex.o
                0x08005e5c                HAL_PWREx_ControlVoltageScaling
 .text.HAL_PWREx_GetVoltageRange
                0x08005f58       0x1c ./Drivers/STM32U5xx_HAL_Driver/Src/stm32u5xx_hal_pwr_ex.o
                0x08005f58                HAL_PWREx_GetVoltageRange
 .text.HAL_PWREx_EnableVddA
                0x08005f74       0x20 ./Drivers/STM32U5xx_HAL_Driver/Src/stm32u5xx_hal_pwr_ex.o
                0x08005f74                HAL_PWREx_EnableVddA
 .text.HAL_RCC_OscConfig
                0x08005f94      0xdb8 ./Drivers/STM32U5xx_HAL_Driver/Src/stm32u5xx_hal_rcc.o
                0x08005f94                HAL_RCC_OscConfig
 .text.HAL_RCC_ClockConfig
                0x08006d4c      0x3e4 ./Drivers/STM32U5xx_HAL_Driver/Src/stm32u5xx_hal_rcc.o
                0x08006d4c                HAL_RCC_ClockConfig
 .text.HAL_RCC_GetSysClockFreq
                0x08007130      0x204 ./Drivers/STM32U5xx_HAL_Driver/Src/stm32u5xx_hal_rcc.o
                0x08007130                HAL_RCC_GetSysClockFreq
 .text.HAL_RCC_GetHCLKFreq
                0x08007334       0x34 ./Drivers/STM32U5xx_HAL_Driver/Src/stm32u5xx_hal_rcc.o
                0x08007334                HAL_RCC_GetHCLKFreq
 .text.HAL_RCC_GetPCLK1Freq
                0x08007368       0x28 ./Drivers/STM32U5xx_HAL_Driver/Src/stm32u5xx_hal_rcc.o
                0x08007368                HAL_RCC_GetPCLK1Freq
 .text.HAL_RCC_GetPCLK2Freq
                0x08007390       0x28 ./Drivers/STM32U5xx_HAL_Driver/Src/stm32u5xx_hal_rcc.o
                0x08007390                HAL_RCC_GetPCLK2Freq
 .text.HAL_RCC_GetPCLK3Freq
                0x080073b8       0x28 ./Drivers/STM32U5xx_HAL_Driver/Src/stm32u5xx_hal_rcc.o
                0x080073b8                HAL_RCC_GetPCLK3Freq
 .text.RCC_SetFlashLatencyFromMSIRange
                0x080073e0      0x10c ./Drivers/STM32U5xx_HAL_Driver/Src/stm32u5xx_hal_rcc.o
 .text.HAL_RCCEx_PeriphCLKConfig
                0x080074ec      0xa44 ./Drivers/STM32U5xx_HAL_Driver/Src/stm32u5xx_hal_rcc_ex.o
                0x080074ec                HAL_RCCEx_PeriphCLKConfig
 .text.HAL_RCCEx_GetPLL1ClockFreq
                0x08007f30      0x2b4 ./Drivers/STM32U5xx_HAL_Driver/Src/stm32u5xx_hal_rcc_ex.o
                0x08007f30                HAL_RCCEx_GetPLL1ClockFreq
 .text.HAL_RCCEx_GetPLL2ClockFreq
                0x080081e4      0x2b4 ./Drivers/STM32U5xx_HAL_Driver/Src/stm32u5xx_hal_rcc_ex.o
                0x080081e4                HAL_RCCEx_GetPLL2ClockFreq
 .text.HAL_RCCEx_GetPLL3ClockFreq
                0x08008498      0x2b4 ./Drivers/STM32U5xx_HAL_Driver/Src/stm32u5xx_hal_rcc_ex.o
                0x08008498                HAL_RCCEx_GetPLL3ClockFreq
 .text.HAL_RCCEx_GetPeriphCLKFreq
                0x0800874c     0x1228 ./Drivers/STM32U5xx_HAL_Driver/Src/stm32u5xx_hal_rcc_ex.o
                0x0800874c                HAL_RCCEx_GetPeriphCLKFreq
 .text.RCCEx_PLL2_Config
                0x08009974      0x130 ./Drivers/STM32U5xx_HAL_Driver/Src/stm32u5xx_hal_rcc_ex.o
 .text.RCCEx_PLL3_Config
                0x08009aa4      0x130 ./Drivers/STM32U5xx_HAL_Driver/Src/stm32u5xx_hal_rcc_ex.o
 .text.HAL_SPI_Init
                0x08009bd4      0x22c ./Drivers/STM32U5xx_HAL_Driver/Src/stm32u5xx_hal_spi.o
                0x08009bd4                HAL_SPI_Init
 .text.HAL_SPI_IRQHandler
                0x08009e00      0x3a8 ./Drivers/STM32U5xx_HAL_Driver/Src/stm32u5xx_hal_spi.o
                0x08009e00                HAL_SPI_IRQHandler
 .text.HAL_SPI_TxCpltCallback
                0x0800a1a8       0x14 ./Drivers/STM32U5xx_HAL_Driver/Src/stm32u5xx_hal_spi.o
                0x0800a1a8                HAL_SPI_TxCpltCallback
 .text.HAL_SPI_RxCpltCallback
                0x0800a1bc       0x14 ./Drivers/STM32U5xx_HAL_Driver/Src/stm32u5xx_hal_spi.o
                0x0800a1bc                HAL_SPI_RxCpltCallback
 .text.HAL_SPI_ErrorCallback
                0x0800a1d0       0x14 ./Drivers/STM32U5xx_HAL_Driver/Src/stm32u5xx_hal_spi.o
                0x0800a1d0                HAL_SPI_ErrorCallback
 .text.HAL_SPI_SuspendCallback
                0x0800a1e4       0x14 ./Drivers/STM32U5xx_HAL_Driver/Src/stm32u5xx_hal_spi.o
                0x0800a1e4                HAL_SPI_SuspendCallback
 .text.SPI_DMAAbortOnError
                0x0800a1f8       0x34 ./Drivers/STM32U5xx_HAL_Driver/Src/stm32u5xx_hal_spi.o
 .text.SPI_CloseTransfer
                0x0800a22c      0x140 ./Drivers/STM32U5xx_HAL_Driver/Src/stm32u5xx_hal_spi.o
 .text.SPI_GetPacketSize
                0x0800a36c       0x36 ./Drivers/STM32U5xx_HAL_Driver/Src/stm32u5xx_hal_spi.o
 .text.HAL_SPIEx_SetConfigAutonomousMode
                0x0800a3a2       0x82 ./Drivers/STM32U5xx_HAL_Driver/Src/stm32u5xx_hal_spi_ex.o
                0x0800a3a2                HAL_SPIEx_SetConfigAutonomousMode
 .text.HAL_TIM_Base_Init
                0x0800a424       0xae ./Drivers/STM32U5xx_HAL_Driver/Src/stm32u5xx_hal_tim.o
                0x0800a424                HAL_TIM_Base_Init
 .text.HAL_TIM_PWM_Init
                0x0800a4d2       0xae ./Drivers/STM32U5xx_HAL_Driver/Src/stm32u5xx_hal_tim.o
                0x0800a4d2                HAL_TIM_PWM_Init
 .text.HAL_TIM_PWM_MspInit
                0x0800a580       0x14 ./Drivers/STM32U5xx_HAL_Driver/Src/stm32u5xx_hal_tim.o
                0x0800a580                HAL_TIM_PWM_MspInit
 .text.HAL_TIM_Encoder_Init
                0x0800a594      0x14c ./Drivers/STM32U5xx_HAL_Driver/Src/stm32u5xx_hal_tim.o
                0x0800a594                HAL_TIM_Encoder_Init
 .text.HAL_TIM_PWM_ConfigChannel
                0x0800a6e0      0x228 ./Drivers/STM32U5xx_HAL_Driver/Src/stm32u5xx_hal_tim.o
                0x0800a6e0                HAL_TIM_PWM_ConfigChannel
 .text.HAL_TIM_ConfigClockSource
                0x0800a908      0x204 ./Drivers/STM32U5xx_HAL_Driver/Src/stm32u5xx_hal_tim.o
                0x0800a908                HAL_TIM_ConfigClockSource
 .text.TIM_Base_SetConfig
                0x0800ab0c      0x200 ./Drivers/STM32U5xx_HAL_Driver/Src/stm32u5xx_hal_tim.o
                0x0800ab0c                TIM_Base_SetConfig
 .text.TIM_OC1_SetConfig
                0x0800ad0c      0x184 ./Drivers/STM32U5xx_HAL_Driver/Src/stm32u5xx_hal_tim.o
 .text.TIM_OC2_SetConfig
                0x0800ae90      0x160 ./Drivers/STM32U5xx_HAL_Driver/Src/stm32u5xx_hal_tim.o
                0x0800ae90                TIM_OC2_SetConfig
 .text.TIM_OC3_SetConfig
                0x0800aff0      0x15c ./Drivers/STM32U5xx_HAL_Driver/Src/stm32u5xx_hal_tim.o
 .text.TIM_OC4_SetConfig
                0x0800b14c      0x160 ./Drivers/STM32U5xx_HAL_Driver/Src/stm32u5xx_hal_tim.o
 .text.TIM_OC5_SetConfig
                0x0800b2ac      0x104 ./Drivers/STM32U5xx_HAL_Driver/Src/stm32u5xx_hal_tim.o
 .text.TIM_OC6_SetConfig
                0x0800b3b0      0x108 ./Drivers/STM32U5xx_HAL_Driver/Src/stm32u5xx_hal_tim.o
 .text.TIM_TI1_ConfigInputStage
                0x0800b4b8       0x5e ./Drivers/STM32U5xx_HAL_Driver/Src/stm32u5xx_hal_tim.o
 .text.TIM_TI2_ConfigInputStage
                0x0800b516       0x60 ./Drivers/STM32U5xx_HAL_Driver/Src/stm32u5xx_hal_tim.o
 .text.TIM_ITRx_SetConfig
                0x0800b576       0x3a ./Drivers/STM32U5xx_HAL_Driver/Src/stm32u5xx_hal_tim.o
 .text.TIM_ETR_SetConfig
                0x0800b5b0       0x40 ./Drivers/STM32U5xx_HAL_Driver/Src/stm32u5xx_hal_tim.o
                0x0800b5b0                TIM_ETR_SetConfig
 .text.HAL_TIMEx_MasterConfigSynchronization
                0x0800b5f0      0x184 ./Drivers/STM32U5xx_HAL_Driver/Src/stm32u5xx_hal_tim_ex.o
                0x0800b5f0                HAL_TIMEx_MasterConfigSynchronization
 .text.HAL_TIMEx_ConfigBreakDeadTime
                0x0800b774      0x134 ./Drivers/STM32U5xx_HAL_Driver/Src/stm32u5xx_hal_tim_ex.o
                0x0800b774                HAL_TIMEx_ConfigBreakDeadTime
 .text.HAL_UART_Init
                0x0800b8a8       0xa0 ./Drivers/STM32U5xx_HAL_Driver/Src/stm32u5xx_hal_uart.o
                0x0800b8a8                HAL_UART_Init
 .text.UART_SetConfig
                0x0800b948      0x330 ./Drivers/STM32U5xx_HAL_Driver/Src/stm32u5xx_hal_uart.o
                0x0800b948                UART_SetConfig
 .text.UART_AdvFeatureConfig
                0x0800bc78      0x144 ./Drivers/STM32U5xx_HAL_Driver/Src/stm32u5xx_hal_uart.o
                0x0800bc78                UART_AdvFeatureConfig
 .text.UART_CheckIdleState
                0x0800bdbc      0x154 ./Drivers/STM32U5xx_HAL_Driver/Src/stm32u5xx_hal_uart.o
                0x0800bdbc                UART_CheckIdleState
 .text.UART_WaitOnFlagUntilTimeout
                0x0800bf10       0xda ./Drivers/STM32U5xx_HAL_Driver/Src/stm32u5xx_hal_uart.o
                0x0800bf10                UART_WaitOnFlagUntilTimeout
 .text.UART_EndRxTransfer
                0x0800bfea       0xcc ./Drivers/STM32U5xx_HAL_Driver/Src/stm32u5xx_hal_uart.o
 .text.HAL_UARTEx_DisableFifoMode
                0x0800c0b6       0x72 ./Drivers/STM32U5xx_HAL_Driver/Src/stm32u5xx_hal_uart_ex.o
                0x0800c0b6                HAL_UARTEx_DisableFifoMode
 .text.HAL_UARTEx_SetTxFifoThreshold
                0x0800c128       0x7c ./Drivers/STM32U5xx_HAL_Driver/Src/stm32u5xx_hal_uart_ex.o
                0x0800c128                HAL_UARTEx_SetTxFifoThreshold
 .text.HAL_UARTEx_SetRxFifoThreshold
                0x0800c1a4       0x7c ./Drivers/STM32U5xx_HAL_Driver/Src/stm32u5xx_hal_uart_ex.o
                0x0800c1a4                HAL_UARTEx_SetRxFifoThreshold
 .text.UARTEx_SetNbDataToProcess
                0x0800c220       0x9c ./Drivers/STM32U5xx_HAL_Driver/Src/stm32u5xx_hal_uart_ex.o
 .text._ZN10ring_queueILj128EVhEC2Ev
                0x0800c2bc       0x38 ./Pheripheral/Src/communicate.o
                0x0800c2bc                ring_queue<128u, unsigned char volatile>::ring_queue()
                0x0800c2bc                ring_queue<128u, unsigned char volatile>::ring_queue()
 .text._Z41__static_initialization_and_destruction_0v
                0x0800c2f4       0x1c ./Pheripheral/Src/communicate.o
 .text._GLOBAL__sub_I_tx_buffer
                0x0800c310        0xa ./Pheripheral/Src/communicate.o
 *fill*         0x0800c31a        0x2 
 .text.HAL_SPI_TxRxCpltCallback
                0x0800c31c       0xb0 ./Pheripheral/Src/imu.o
                0x0800c31c                HAL_SPI_TxRxCpltCallback
 .text.Sensor_TurnOffLED
                0x0800c3cc       0x50 ./Pheripheral/Src/ir_sensor.o
                0x0800c3cc                Sensor_TurnOffLED
 .text.Sensor_TurnOnLED
                0x0800c41c       0x28 ./Pheripheral/Src/ir_sensor.o
                0x0800c41c                Sensor_TurnOnLED
 .text.Sensor_Initialize
                0x0800c444      0x124 ./Pheripheral/Src/ir_sensor.o
                0x0800c444                Sensor_Initialize
 .text.memset   0x0800c568       0x10 C:/ST/STM32CubeIDE_1.18.1/STM32CubeIDE/plugins/com.st.stm32cube.ide.mcu.externaltools.gnu-tools-for-stm32.13.3.rel1.win32_1.0.0.202411081344/tools/bin/../lib/gcc/arm-none-eabi/13.3.1/../../../../arm-none-eabi/lib/thumb/v8-m.main+fp/hard\libc_nano.a(libc_a-memset.o)
                0x0800c568                memset
 .text.__libc_init_array
                0x0800c578       0x48 C:/ST/STM32CubeIDE_1.18.1/STM32CubeIDE/plugins/com.st.stm32cube.ide.mcu.externaltools.gnu-tools-for-stm32.13.3.rel1.win32_1.0.0.202411081344/tools/bin/../lib/gcc/arm-none-eabi/13.3.1/../../../../arm-none-eabi/lib/thumb/v8-m.main+fp/hard\libc_nano.a(libc_a-init.o)
                0x0800c578                __libc_init_array
 *(.glue_7)
 .glue_7        0x0800c5c0        0x0 linker stubs
 *(.glue_7t)
 .glue_7t       0x0800c5c0        0x0 linker stubs
 *(.eh_frame)
 .eh_frame      0x0800c5c0        0x0 C:/ST/STM32CubeIDE_1.18.1/STM32CubeIDE/plugins/com.st.stm32cube.ide.mcu.externaltools.gnu-tools-for-stm32.13.3.rel1.win32_1.0.0.202411081344/tools/bin/../lib/gcc/arm-none-eabi/13.3.1/thumb/v8-m.main+fp/hard/crtbegin.o
 *(.init)
 .init          0x0800c5c0        0x4 C:/ST/STM32CubeIDE_1.18.1/STM32CubeIDE/plugins/com.st.stm32cube.ide.mcu.externaltools.gnu-tools-for-stm32.13.3.rel1.win32_1.0.0.202411081344/tools/bin/../lib/gcc/arm-none-eabi/13.3.1/thumb/v8-m.main+fp/hard/crti.o
                0x0800c5c0                _init
 .init          0x0800c5c4        0x8 C:/ST/STM32CubeIDE_1.18.1/STM32CubeIDE/plugins/com.st.stm32cube.ide.mcu.externaltools.gnu-tools-for-stm32.13.3.rel1.win32_1.0.0.202411081344/tools/bin/../lib/gcc/arm-none-eabi/13.3.1/thumb/v8-m.main+fp/hard/crtn.o
 *(.fini)
 .fini          0x0800c5cc        0x4 C:/ST/STM32CubeIDE_1.18.1/STM32CubeIDE/plugins/com.st.stm32cube.ide.mcu.externaltools.gnu-tools-for-stm32.13.3.rel1.win32_1.0.0.202411081344/tools/bin/../lib/gcc/arm-none-eabi/13.3.1/thumb/v8-m.main+fp/hard/crti.o
                0x0800c5cc                _fini
 .fini          0x0800c5d0        0x8 C:/ST/STM32CubeIDE_1.18.1/STM32CubeIDE/plugins/com.st.stm32cube.ide.mcu.externaltools.gnu-tools-for-stm32.13.3.rel1.win32_1.0.0.202411081344/tools/bin/../lib/gcc/arm-none-eabi/13.3.1/thumb/v8-m.main+fp/hard/crtn.o
                0x0800c5d8                        _etext = .

.vfp11_veneer   0x0800c5d8        0x0
 .vfp11_veneer  0x0800c5d8        0x0 linker stubs

.v4_bx          0x0800c5d8        0x0
 .v4_bx         0x0800c5d8        0x0 linker stubs

.iplt           0x0800c5d8        0x0
 .iplt          0x0800c5d8        0x0 C:/ST/STM32CubeIDE_1.18.1/STM32CubeIDE/plugins/com.st.stm32cube.ide.mcu.externaltools.gnu-tools-for-stm32.13.3.rel1.win32_1.0.0.202411081344/tools/bin/../lib/gcc/arm-none-eabi/13.3.1/thumb/v8-m.main+fp/hard/crtbegin.o

.rodata         0x0800c5d8      0x100
 *(.rodata)
 *(.rodata*)
 .rodata.AHBPrescTable
                0x0800c5d8       0x10 ./Core/Src/system_stm32u5xx.o
                0x0800c5d8                AHBPrescTable
 .rodata.APBPrescTable
                0x0800c5e8        0x8 ./Core/Src/system_stm32u5xx.o
                0x0800c5e8                APBPrescTable
 .rodata.MSIRangeTable
                0x0800c5f0       0x40 ./Core/Src/system_stm32u5xx.o
                0x0800c5f0                MSIRangeTable
 .rodata.LPGPIO_Map
                0x0800c630       0x80 ./Drivers/STM32U5xx_HAL_Driver/Src/stm32u5xx_hal_gpio.o
 .rodata.UARTPrescTable
                0x0800c6b0       0x18 ./Drivers/STM32U5xx_HAL_Driver/Src/stm32u5xx_hal_uart.o
                0x0800c6b0                UARTPrescTable
 .rodata.numerator.1
                0x0800c6c8        0x8 ./Drivers/STM32U5xx_HAL_Driver/Src/stm32u5xx_hal_uart_ex.o
 .rodata.denominator.0
                0x0800c6d0        0x8 ./Drivers/STM32U5xx_HAL_Driver/Src/stm32u5xx_hal_uart_ex.o

.ARM.extab
 *(.ARM.extab* .gnu.linkonce.armextab.*)

.ARM            0x0800c6d8        0x8
                0x0800c6d8                        __exidx_start = .
 *(.ARM.exidx*)
 .ARM.exidx     0x0800c6d8        0x8 C:/ST/STM32CubeIDE_1.18.1/STM32CubeIDE/plugins/com.st.stm32cube.ide.mcu.externaltools.gnu-tools-for-stm32.13.3.rel1.win32_1.0.0.202411081344/tools/bin/../lib/gcc/arm-none-eabi/13.3.1/thumb/v8-m.main+fp/hard\libgcc.a(_udivmoddi4.o)
                0x0800c6e0                        __exidx_end = .

.preinit_array  0x0800c6e0        0x0
                0x0800c6e0                        PROVIDE (__preinit_array_start = .)
 *(.preinit_array*)
                0x0800c6e0                        PROVIDE (__preinit_array_end = .)

.init_array     0x0800c6e0        0x8
                0x0800c6e0                        PROVIDE (__init_array_start = .)
 *(SORT_BY_NAME(.init_array.*))
 *(.init_array*)
 .init_array    0x0800c6e0        0x4 C:/ST/STM32CubeIDE_1.18.1/STM32CubeIDE/plugins/com.st.stm32cube.ide.mcu.externaltools.gnu-tools-for-stm32.13.3.rel1.win32_1.0.0.202411081344/tools/bin/../lib/gcc/arm-none-eabi/13.3.1/thumb/v8-m.main+fp/hard/crtbegin.o
 .init_array    0x0800c6e4        0x4 ./Pheripheral/Src/communicate.o
                0x0800c6e8                        PROVIDE (__init_array_end = .)

.fini_array     0x0800c6e8        0x4
                [!provide]                        PROVIDE (__fini_array_start = .)
 *(SORT_BY_NAME(.fini_array.*))
 *(.fini_array*)
 .fini_array    0x0800c6e8        0x4 C:/ST/STM32CubeIDE_1.18.1/STM32CubeIDE/plugins/com.st.stm32cube.ide.mcu.externaltools.gnu-tools-for-stm32.13.3.rel1.win32_1.0.0.202411081344/tools/bin/../lib/gcc/arm-none-eabi/13.3.1/thumb/v8-m.main+fp/hard/crtbegin.o
                [!provide]                        PROVIDE (__fini_array_end = .)
                0x0800c6ec                        _sidata = LOADADDR (.data)

.rel.dyn        0x0800c6ec        0x0
 .rel.iplt      0x0800c6ec        0x0 C:/ST/STM32CubeIDE_1.18.1/STM32CubeIDE/plugins/com.st.stm32cube.ide.mcu.externaltools.gnu-tools-for-stm32.13.3.rel1.win32_1.0.0.202411081344/tools/bin/../lib/gcc/arm-none-eabi/13.3.1/thumb/v8-m.main+fp/hard/crtbegin.o

.data           0x20000000        0x9 load address 0x0800c6ec
                0x20000000                        _sdata = .
 *(.data)
 *(.data*)
 .data.SystemCoreClock
                0x20000000        0x4 ./Core/Src/system_stm32u5xx.o
                0x20000000                SystemCoreClock
 .data.uwTickPrio
                0x20000004        0x4 ./Drivers/STM32U5xx_HAL_Driver/Src/stm32u5xx_hal.o
                0x20000004                uwTickPrio
 .data.uwTickFreq
                0x20000008        0x1 ./Drivers/STM32U5xx_HAL_Driver/Src/stm32u5xx_hal.o
                0x20000008                uwTickFreq
 *(.RamFunc)
 *(.RamFunc*)
                0x20000009                        _edata = .

.igot.plt       0x2000000c        0x0 load address 0x0800c6f5
 .igot.plt      0x2000000c        0x0 C:/ST/STM32CubeIDE_1.18.1/STM32CubeIDE/plugins/com.st.stm32cube.ide.mcu.externaltools.gnu-tools-for-stm32.13.3.rel1.win32_1.0.0.202411081344/tools/bin/../lib/gcc/arm-none-eabi/13.3.1/thumb/v8-m.main+fp/hard/crtbegin.o

.bss            0x2000000c      0x7b4 load address 0x0800c6f5
                0x2000000c                        _sbss = .
                0x2000000c                        __bss_start__ = _sbss
 *(.bss)
 .bss           0x2000000c       0x1c C:/ST/STM32CubeIDE_1.18.1/STM32CubeIDE/plugins/com.st.stm32cube.ide.mcu.externaltools.gnu-tools-for-stm32.13.3.rel1.win32_1.0.0.202411081344/tools/bin/../lib/gcc/arm-none-eabi/13.3.1/thumb/v8-m.main+fp/hard/crtbegin.o
 *(.bss*)
 .bss.hadc1     0x20000028       0x8c ./Core/Src/adc.o
                0x20000028                hadc1
 .bss.hadc4     0x200000b4       0x8c ./Core/Src/adc.o
                0x200000b4                hadc4
 .bss.Node_GPDMA1_Channel1
                0x20000140       0x24 ./Core/Src/gpdma.o
                0x20000140                Node_GPDMA1_Channel1
 .bss.List_GPDMA1_Channel1
                0x20000164       0x18 ./Core/Src/gpdma.o
                0x20000164                List_GPDMA1_Channel1
 .bss.handle_GPDMA1_Channel1
                0x2000017c       0x78 ./Core/Src/gpdma.o
                0x2000017c                handle_GPDMA1_Channel1
 .bss.Node_GPDMA1_Channel0
                0x200001f4       0x24 ./Core/Src/gpdma.o
                0x200001f4                Node_GPDMA1_Channel0
 .bss.List_GPDMA1_Channel0
                0x20000218       0x18 ./Core/Src/gpdma.o
                0x20000218                List_GPDMA1_Channel0
 .bss.handle_GPDMA1_Channel0
                0x20000230       0x78 ./Core/Src/gpdma.o
                0x20000230                handle_GPDMA1_Channel0
 .bss.hlptim1   0x200002a8       0x50 ./Core/Src/lptim.o
                0x200002a8                hlptim1
 .bss.hspi2     0x200002f8       0x90 ./Core/Src/spi.o
                0x200002f8                hspi2
 .bss.htim2     0x20000388       0x4c ./Core/Src/tim.o
                0x20000388                htim2
 .bss.htim3     0x200003d4       0x4c ./Core/Src/tim.o
                0x200003d4                htim3
 .bss.htim4     0x20000420       0x4c ./Core/Src/tim.o
                0x20000420                htim4
 .bss.htim8     0x2000046c       0x4c ./Core/Src/tim.o
                0x2000046c                htim8
 .bss.huart1    0x200004b8       0x94 ./Core/Src/usart.o
                0x200004b8                huart1
 .bss.handle_GPDMA1_Channel3
                0x2000054c       0x78 ./Core/Src/usart.o
                0x2000054c                handle_GPDMA1_Channel3
 .bss.handle_GPDMA1_Channel2
                0x200005c4       0x78 ./Core/Src/usart.o
                0x200005c4                handle_GPDMA1_Channel2
 .bss.uwTick    0x2000063c        0x4 ./Drivers/STM32U5xx_HAL_Driver/Src/stm32u5xx_hal.o
                0x2000063c                uwTick
 .bss.tx_buffer
                0x20000640       0x88 ./Pheripheral/Src/communicate.o
                0x20000640                tx_buffer
 .bss.rx_buffer
                0x200006c8       0x88 ./Pheripheral/Src/communicate.o
                0x200006c8                rx_buffer
 .bss.imu_value
                0x20000750        0xd ./Pheripheral/Src/imu.o
                0x20000750                imu_value
 *fill*         0x2000075d        0x3 
 .bss.accel_data
                0x20000760        0x6 ./Pheripheral/Src/imu.o
                0x20000760                accel_data
 *fill*         0x20000766        0x2 
 .bss.gyro_data
                0x20000768        0x6 ./Pheripheral/Src/imu.o
                0x20000768                gyro_data
 *fill*         0x2000076e        0x2 
 .bss.led_on_pattern
                0x20000770       0x28 ./Pheripheral/Src/ir_sensor.o
 .bss.led_off_pattern
                0x20000798       0x28 ./Pheripheral/Src/ir_sensor.o
 *(COMMON)
                0x200007c0                        _ebss = .
                0x200007c0                        __bss_end__ = _ebss

._user_heap_stack
                0x200007c0      0x600 load address 0x0800c6f5
                0x200007c0                        . = ALIGN (0x8)
                [!provide]                        PROVIDE (end = .)
                0x200007c0                        PROVIDE (_end = .)
                0x200009c0                        . = (. + _Min_Heap_Size)
 *fill*         0x200007c0      0x200 
                0x20000dc0                        . = (. + _Min_Stack_Size)
 *fill*         0x200009c0      0x400 
                0x20000dc0                        . = ALIGN (0x8)

/DISCARD/
 libc.a(*)
 libm.a(*)
 libgcc.a(*)

.ARM.attributes
                0x00000000       0x36
 *(.ARM.attributes)
 .ARM.attributes
                0x00000000       0x26 C:/ST/STM32CubeIDE_1.18.1/STM32CubeIDE/plugins/com.st.stm32cube.ide.mcu.externaltools.gnu-tools-for-stm32.13.3.rel1.win32_1.0.0.202411081344/tools/bin/../lib/gcc/arm-none-eabi/13.3.1/thumb/v8-m.main+fp/hard/crti.o
 .ARM.attributes
                0x00000026       0x38 C:/ST/STM32CubeIDE_1.18.1/STM32CubeIDE/plugins/com.st.stm32cube.ide.mcu.externaltools.gnu-tools-for-stm32.13.3.rel1.win32_1.0.0.202411081344/tools/bin/../lib/gcc/arm-none-eabi/13.3.1/thumb/v8-m.main+fp/hard/crtbegin.o
 .ARM.attributes
                0x0000005e       0x3a ./Core/Src/adc.o
 .ARM.attributes
                0x00000098       0x3a ./Core/Src/gpdma.o
 .ARM.attributes
                0x000000d2       0x3a ./Core/Src/gpio.o
 .ARM.attributes
                0x0000010c       0x3a ./Core/Src/icache.o
 .ARM.attributes
                0x00000146       0x3a ./Core/Src/lptim.o
 .ARM.attributes
                0x00000180       0x3a ./Core/Src/main.o
 .ARM.attributes
                0x000001ba       0x3a ./Core/Src/spi.o
 .ARM.attributes
                0x000001f4       0x3a ./Core/Src/stm32u5xx_hal_msp.o
 .ARM.attributes
                0x0000022e       0x3a ./Core/Src/stm32u5xx_it.o
 .ARM.attributes
                0x00000268       0x3a ./Core/Src/system_stm32u5xx.o
 .ARM.attributes
                0x000002a2       0x3a ./Core/Src/tim.o
 .ARM.attributes
                0x000002dc       0x3a ./Core/Src/usart.o
 .ARM.attributes
                0x00000316       0x24 ./Core/Startup/startup_stm32u535cetx.o
 .ARM.attributes
                0x0000033a       0x3a ./Drivers/STM32U5xx_HAL_Driver/Src/stm32u5xx_hal.o
 .ARM.attributes
                0x00000374       0x3a ./Drivers/STM32U5xx_HAL_Driver/Src/stm32u5xx_hal_adc.o
 .ARM.attributes
                0x000003ae       0x3a ./Drivers/STM32U5xx_HAL_Driver/Src/stm32u5xx_hal_cortex.o
 .ARM.attributes
                0x000003e8       0x3a ./Drivers/STM32U5xx_HAL_Driver/Src/stm32u5xx_hal_dma.o
 .ARM.attributes
                0x00000422       0x3a ./Drivers/STM32U5xx_HAL_Driver/Src/stm32u5xx_hal_dma_ex.o
 .ARM.attributes
                0x0000045c       0x3a ./Drivers/STM32U5xx_HAL_Driver/Src/stm32u5xx_hal_gpio.o
 .ARM.attributes
                0x00000496       0x3a ./Drivers/STM32U5xx_HAL_Driver/Src/stm32u5xx_hal_icache.o
 .ARM.attributes
                0x000004d0       0x3a ./Drivers/STM32U5xx_HAL_Driver/Src/stm32u5xx_hal_lptim.o
 .ARM.attributes
                0x0000050a       0x3a ./Drivers/STM32U5xx_HAL_Driver/Src/stm32u5xx_hal_pwr_ex.o
 .ARM.attributes
                0x00000544       0x3a ./Drivers/STM32U5xx_HAL_Driver/Src/stm32u5xx_hal_rcc.o
 .ARM.attributes
                0x0000057e       0x3a ./Drivers/STM32U5xx_HAL_Driver/Src/stm32u5xx_hal_rcc_ex.o
 .ARM.attributes
                0x000005b8       0x3a ./Drivers/STM32U5xx_HAL_Driver/Src/stm32u5xx_hal_spi.o
 .ARM.attributes
                0x000005f2       0x3a ./Drivers/STM32U5xx_HAL_Driver/Src/stm32u5xx_hal_spi_ex.o
 .ARM.attributes
                0x0000062c       0x3a ./Drivers/STM32U5xx_HAL_Driver/Src/stm32u5xx_hal_tim.o
 .ARM.attributes
                0x00000666       0x3a ./Drivers/STM32U5xx_HAL_Driver/Src/stm32u5xx_hal_tim_ex.o
 .ARM.attributes
                0x000006a0       0x3a ./Drivers/STM32U5xx_HAL_Driver/Src/stm32u5xx_hal_uart.o
 .ARM.attributes
                0x000006da       0x3a ./Drivers/STM32U5xx_HAL_Driver/Src/stm32u5xx_hal_uart_ex.o
 .ARM.attributes
                0x00000714       0x3a ./Pheripheral/Src/communicate.o
 .ARM.attributes
                0x0000074e       0x3a ./Pheripheral/Src/imu.o
 .ARM.attributes
                0x00000788       0x3a ./Pheripheral/Src/ir_sensor.o
 .ARM.attributes
                0x000007c2       0x38 C:/ST/STM32CubeIDE_1.18.1/STM32CubeIDE/plugins/com.st.stm32cube.ide.mcu.externaltools.gnu-tools-for-stm32.13.3.rel1.win32_1.0.0.202411081344/tools/bin/../lib/gcc/arm-none-eabi/13.3.1/../../../../arm-none-eabi/lib/thumb/v8-m.main+fp/hard\libc_nano.a(libc_a-memset.o)
 .ARM.attributes
                0x000007fa       0x38 C:/ST/STM32CubeIDE_1.18.1/STM32CubeIDE/plugins/com.st.stm32cube.ide.mcu.externaltools.gnu-tools-for-stm32.13.3.rel1.win32_1.0.0.202411081344/tools/bin/../lib/gcc/arm-none-eabi/13.3.1/../../../../arm-none-eabi/lib/thumb/v8-m.main+fp/hard\libc_nano.a(libc_a-init.o)
 .ARM.attributes
                0x00000832       0x26 C:/ST/STM32CubeIDE_1.18.1/STM32CubeIDE/plugins/com.st.stm32cube.ide.mcu.externaltools.gnu-tools-for-stm32.13.3.rel1.win32_1.0.0.202411081344/tools/bin/../lib/gcc/arm-none-eabi/13.3.1/thumb/v8-m.main+fp/hard\libgcc.a(_aeabi_uldivmod.o)
 .ARM.attributes
                0x00000858       0x38 C:/ST/STM32CubeIDE_1.18.1/STM32CubeIDE/plugins/com.st.stm32cube.ide.mcu.externaltools.gnu-tools-for-stm32.13.3.rel1.win32_1.0.0.202411081344/tools/bin/../lib/gcc/arm-none-eabi/13.3.1/thumb/v8-m.main+fp/hard\libgcc.a(_udivmoddi4.o)
 .ARM.attributes
                0x00000890       0x26 C:/ST/STM32CubeIDE_1.18.1/STM32CubeIDE/plugins/com.st.stm32cube.ide.mcu.externaltools.gnu-tools-for-stm32.13.3.rel1.win32_1.0.0.202411081344/tools/bin/../lib/gcc/arm-none-eabi/13.3.1/thumb/v8-m.main+fp/hard\libgcc.a(_dvmd_tls.o)
 .ARM.attributes
                0x000008b6       0x26 C:/ST/STM32CubeIDE_1.18.1/STM32CubeIDE/plugins/com.st.stm32cube.ide.mcu.externaltools.gnu-tools-for-stm32.13.3.rel1.win32_1.0.0.202411081344/tools/bin/../lib/gcc/arm-none-eabi/13.3.1/thumb/v8-m.main+fp/hard/crtn.o
OUTPUT(type8.elf elf32-littlearm)
LOAD linker stubs
LOAD C:/ST/STM32CubeIDE_1.18.1/STM32CubeIDE/plugins/com.st.stm32cube.ide.mcu.externaltools.gnu-tools-for-stm32.13.3.rel1.win32_1.0.0.202411081344/tools/bin/../lib/gcc/arm-none-eabi/13.3.1/../../../../arm-none-eabi/lib/thumb/v8-m.main+fp/hard\libc.a
LOAD C:/ST/STM32CubeIDE_1.18.1/STM32CubeIDE/plugins/com.st.stm32cube.ide.mcu.externaltools.gnu-tools-for-stm32.13.3.rel1.win32_1.0.0.202411081344/tools/bin/../lib/gcc/arm-none-eabi/13.3.1/../../../../arm-none-eabi/lib/thumb/v8-m.main+fp/hard\libm.a
LOAD C:/ST/STM32CubeIDE_1.18.1/STM32CubeIDE/plugins/com.st.stm32cube.ide.mcu.externaltools.gnu-tools-for-stm32.13.3.rel1.win32_1.0.0.202411081344/tools/bin/../lib/gcc/arm-none-eabi/13.3.1/thumb/v8-m.main+fp/hard\libgcc.a

.debug_info     0x00000000    0x29448
 .debug_info    0x00000000     0x1545 ./Core/Src/adc.o
 .debug_info    0x00001545      0xf1b ./Core/Src/gpdma.o
 .debug_info    0x00002460      0x6b2 ./Core/Src/gpio.o
 .debug_info    0x00002b12      0x1c1 ./Core/Src/icache.o
 .debug_info    0x00002cd3     0x10b7 ./Core/Src/lptim.o
 .debug_info    0x00003d8a      0x7bb ./Core/Src/main.o
 .debug_info    0x00004545     0x1611 ./Core/Src/spi.o
 .debug_info    0x00005b56      0x4ce ./Core/Src/stm32u5xx_hal_msp.o
 .debug_info    0x00006024      0xa6e ./Core/Src/stm32u5xx_it.o
 .debug_info    0x00006a92      0x9b9 ./Core/Src/system_stm32u5xx.o
 .debug_info    0x0000744b     0x1518 ./Core/Src/tim.o
 .debug_info    0x00008963     0x12f3 ./Core/Src/usart.o
 .debug_info    0x00009c56       0x30 ./Core/Startup/startup_stm32u535cetx.o
 .debug_info    0x00009c86     0x1195 ./Drivers/STM32U5xx_HAL_Driver/Src/stm32u5xx_hal.o
 .debug_info    0x0000ae1b     0x270e ./Drivers/STM32U5xx_HAL_Driver/Src/stm32u5xx_hal_adc.o
 .debug_info    0x0000d529     0x1699 ./Drivers/STM32U5xx_HAL_Driver/Src/stm32u5xx_hal_cortex.o
 .debug_info    0x0000ebc2      0xb95 ./Drivers/STM32U5xx_HAL_Driver/Src/stm32u5xx_hal_dma.o
 .debug_info    0x0000f757     0x19af ./Drivers/STM32U5xx_HAL_Driver/Src/stm32u5xx_hal_dma_ex.o
 .debug_info    0x00011106      0x8ff ./Drivers/STM32U5xx_HAL_Driver/Src/stm32u5xx_hal_gpio.o
 .debug_info    0x00011a05      0x592 ./Drivers/STM32U5xx_HAL_Driver/Src/stm32u5xx_hal_icache.o
 .debug_info    0x00011f97     0x1987 ./Drivers/STM32U5xx_HAL_Driver/Src/stm32u5xx_hal_lptim.o
 .debug_info    0x0001391e      0xe71 ./Drivers/STM32U5xx_HAL_Driver/Src/stm32u5xx_hal_pwr_ex.o
 .debug_info    0x0001478f     0x11dd ./Drivers/STM32U5xx_HAL_Driver/Src/stm32u5xx_hal_rcc.o
 .debug_info    0x0001596c     0x160a ./Drivers/STM32U5xx_HAL_Driver/Src/stm32u5xx_hal_rcc_ex.o
 .debug_info    0x00016f76     0x165d ./Drivers/STM32U5xx_HAL_Driver/Src/stm32u5xx_hal_spi.o
 .debug_info    0x000185d3      0xb38 ./Drivers/STM32U5xx_HAL_Driver/Src/stm32u5xx_hal_spi_ex.o
 .debug_info    0x0001910b     0x2f01 ./Drivers/STM32U5xx_HAL_Driver/Src/stm32u5xx_hal_tim.o
 .debug_info    0x0001c00c     0x1fb0 ./Drivers/STM32U5xx_HAL_Driver/Src/stm32u5xx_hal_tim_ex.o
 .debug_info    0x0001dfbc     0x45fe ./Drivers/STM32U5xx_HAL_Driver/Src/stm32u5xx_hal_uart.o
 .debug_info    0x000225ba     0x128c ./Drivers/STM32U5xx_HAL_Driver/Src/stm32u5xx_hal_uart_ex.o
 .debug_info    0x00023846     0x427a ./Pheripheral/Src/communicate.o
 .debug_info    0x00027ac0      0xbe7 ./Pheripheral/Src/imu.o
 .debug_info    0x000286a7      0xda1 ./Pheripheral/Src/ir_sensor.o

.debug_abbrev   0x00000000     0x4b36
 .debug_abbrev  0x00000000      0x219 ./Core/Src/adc.o
 .debug_abbrev  0x00000219      0x1d7 ./Core/Src/gpdma.o
 .debug_abbrev  0x000003f0      0x178 ./Core/Src/gpio.o
 .debug_abbrev  0x00000568       0xe2 ./Core/Src/icache.o
 .debug_abbrev  0x0000064a      0x1fd ./Core/Src/lptim.o
 .debug_abbrev  0x00000847      0x209 ./Core/Src/main.o
 .debug_abbrev  0x00000a50      0x235 ./Core/Src/spi.o
 .debug_abbrev  0x00000c85       0xf8 ./Core/Src/stm32u5xx_hal_msp.o
 .debug_abbrev  0x00000d7d      0x1c7 ./Core/Src/stm32u5xx_it.o
 .debug_abbrev  0x00000f44      0x13c ./Core/Src/system_stm32u5xx.o
 .debug_abbrev  0x00001080      0x290 ./Core/Src/tim.o
 .debug_abbrev  0x00001310      0x22c ./Core/Src/usart.o
 .debug_abbrev  0x0000153c       0x24 ./Core/Startup/startup_stm32u535cetx.o
 .debug_abbrev  0x00001560      0x2a1 ./Drivers/STM32U5xx_HAL_Driver/Src/stm32u5xx_hal.o
 .debug_abbrev  0x00001801      0x2e1 ./Drivers/STM32U5xx_HAL_Driver/Src/stm32u5xx_hal_adc.o
 .debug_abbrev  0x00001ae2      0x311 ./Drivers/STM32U5xx_HAL_Driver/Src/stm32u5xx_hal_cortex.o
 .debug_abbrev  0x00001df3      0x1ff ./Drivers/STM32U5xx_HAL_Driver/Src/stm32u5xx_hal_dma.o
 .debug_abbrev  0x00001ff2      0x230 ./Drivers/STM32U5xx_HAL_Driver/Src/stm32u5xx_hal_dma_ex.o
 .debug_abbrev  0x00002222      0x259 ./Drivers/STM32U5xx_HAL_Driver/Src/stm32u5xx_hal_gpio.o
 .debug_abbrev  0x0000247b      0x227 ./Drivers/STM32U5xx_HAL_Driver/Src/stm32u5xx_hal_icache.o
 .debug_abbrev  0x000026a2      0x2a3 ./Drivers/STM32U5xx_HAL_Driver/Src/stm32u5xx_hal_lptim.o
 .debug_abbrev  0x00002945      0x228 ./Drivers/STM32U5xx_HAL_Driver/Src/stm32u5xx_hal_pwr_ex.o
 .debug_abbrev  0x00002b6d      0x2dc ./Drivers/STM32U5xx_HAL_Driver/Src/stm32u5xx_hal_rcc.o
 .debug_abbrev  0x00002e49      0x250 ./Drivers/STM32U5xx_HAL_Driver/Src/stm32u5xx_hal_rcc_ex.o
 .debug_abbrev  0x00003099      0x2b1 ./Drivers/STM32U5xx_HAL_Driver/Src/stm32u5xx_hal_spi.o
 .debug_abbrev  0x0000334a      0x1c6 ./Drivers/STM32U5xx_HAL_Driver/Src/stm32u5xx_hal_spi_ex.o
 .debug_abbrev  0x00003510      0x2d0 ./Drivers/STM32U5xx_HAL_Driver/Src/stm32u5xx_hal_tim.o
 .debug_abbrev  0x000037e0      0x2c8 ./Drivers/STM32U5xx_HAL_Driver/Src/stm32u5xx_hal_tim_ex.o
 .debug_abbrev  0x00003aa8      0x318 ./Drivers/STM32U5xx_HAL_Driver/Src/stm32u5xx_hal_uart.o
 .debug_abbrev  0x00003dc0      0x2d4 ./Drivers/STM32U5xx_HAL_Driver/Src/stm32u5xx_hal_uart_ex.o
 .debug_abbrev  0x00004094      0x664 ./Pheripheral/Src/communicate.o
 .debug_abbrev  0x000046f8      0x262 ./Pheripheral/Src/imu.o
 .debug_abbrev  0x0000495a      0x1dc ./Pheripheral/Src/ir_sensor.o

.debug_aranges  0x00000000     0x1db8
 .debug_aranges
                0x00000000       0x38 ./Core/Src/adc.o
 .debug_aranges
                0x00000038       0x20 ./Core/Src/gpdma.o
 .debug_aranges
                0x00000058       0x20 ./Core/Src/gpio.o
 .debug_aranges
                0x00000078       0x20 ./Core/Src/icache.o
 .debug_aranges
                0x00000098       0x30 ./Core/Src/lptim.o
 .debug_aranges
                0x000000c8       0x30 ./Core/Src/main.o
 .debug_aranges
                0x000000f8       0x30 ./Core/Src/spi.o
 .debug_aranges
                0x00000128       0x20 ./Core/Src/stm32u5xx_hal_msp.o
 .debug_aranges
                0x00000148       0x88 ./Core/Src/stm32u5xx_it.o
 .debug_aranges
                0x000001d0       0x28 ./Core/Src/system_stm32u5xx.o
 .debug_aranges
                0x000001f8       0x60 ./Core/Src/tim.o
 .debug_aranges
                0x00000258       0x30 ./Core/Src/usart.o
 .debug_aranges
                0x00000288       0x28 ./Core/Startup/startup_stm32u535cetx.o
 .debug_aranges
                0x000002b0      0x148 ./Drivers/STM32U5xx_HAL_Driver/Src/stm32u5xx_hal.o
 .debug_aranges
                0x000003f8      0x270 ./Drivers/STM32U5xx_HAL_Driver/Src/stm32u5xx_hal_adc.o
 .debug_aranges
                0x00000668      0x140 ./Drivers/STM32U5xx_HAL_Driver/Src/stm32u5xx_hal_cortex.o
 .debug_aranges
                0x000007a8       0xa0 ./Drivers/STM32U5xx_HAL_Driver/Src/stm32u5xx_hal_dma.o
 .debug_aranges
                0x00000848      0x1a0 ./Drivers/STM32U5xx_HAL_Driver/Src/stm32u5xx_hal_dma_ex.o
 .debug_aranges
                0x000009e8       0x78 ./Drivers/STM32U5xx_HAL_Driver/Src/stm32u5xx_hal_gpio.o
 .debug_aranges
                0x00000a60       0xa8 ./Drivers/STM32U5xx_HAL_Driver/Src/stm32u5xx_hal_icache.o
 .debug_aranges
                0x00000b08      0x250 ./Drivers/STM32U5xx_HAL_Driver/Src/stm32u5xx_hal_lptim.o
 .debug_aranges
                0x00000d58      0x1e0 ./Drivers/STM32U5xx_HAL_Driver/Src/stm32u5xx_hal_pwr_ex.o
 .debug_aranges
                0x00000f38       0xa8 ./Drivers/STM32U5xx_HAL_Driver/Src/stm32u5xx_hal_rcc.o
 .debug_aranges
                0x00000fe0      0x160 ./Drivers/STM32U5xx_HAL_Driver/Src/stm32u5xx_hal_rcc_ex.o
 .debug_aranges
                0x00001140      0x1a8 ./Drivers/STM32U5xx_HAL_Driver/Src/stm32u5xx_hal_spi.o
 .debug_aranges
                0x000012e8       0x48 ./Drivers/STM32U5xx_HAL_Driver/Src/stm32u5xx_hal_spi_ex.o
 .debug_aranges
                0x00001330      0x3e8 ./Drivers/STM32U5xx_HAL_Driver/Src/stm32u5xx_hal_tim.o
 .debug_aranges
                0x00001718      0x250 ./Drivers/STM32U5xx_HAL_Driver/Src/stm32u5xx_hal_tim_ex.o
 .debug_aranges
                0x00001968      0x248 ./Drivers/STM32U5xx_HAL_Driver/Src/stm32u5xx_hal_uart.o
 .debug_aranges
                0x00001bb0       0xb8 ./Drivers/STM32U5xx_HAL_Driver/Src/stm32u5xx_hal_uart_ex.o
 .debug_aranges
                0x00001c68       0xa0 ./Pheripheral/Src/communicate.o
 .debug_aranges
                0x00001d08       0x78 ./Pheripheral/Src/imu.o
 .debug_aranges
                0x00001d80       0x38 ./Pheripheral/Src/ir_sensor.o

.debug_rnglists
                0x00000000     0x170d
 .debug_rnglists
                0x00000000       0x28 ./Core/Src/adc.o
 .debug_rnglists
                0x00000028       0x14 ./Core/Src/gpdma.o
 .debug_rnglists
                0x0000003c       0x14 ./Core/Src/gpio.o
 .debug_rnglists
                0x00000050       0x13 ./Core/Src/icache.o
 .debug_rnglists
                0x00000063       0x20 ./Core/Src/lptim.o
 .debug_rnglists
                0x00000083       0x20 ./Core/Src/main.o
 .debug_rnglists
                0x000000a3       0x21 ./Core/Src/spi.o
 .debug_rnglists
                0x000000c4       0x13 ./Core/Src/stm32u5xx_hal_msp.o
 .debug_rnglists
                0x000000d7       0x61 ./Core/Src/stm32u5xx_it.o
 .debug_rnglists
                0x00000138       0x1a ./Core/Src/system_stm32u5xx.o
 .debug_rnglists
                0x00000152       0x49 ./Core/Src/tim.o
 .debug_rnglists
                0x0000019b       0x21 ./Core/Src/usart.o
 .debug_rnglists
                0x000001bc       0x19 ./Core/Startup/startup_stm32u535cetx.o
 .debug_rnglists
                0x000001d5       0xf3 ./Drivers/STM32U5xx_HAL_Driver/Src/stm32u5xx_hal.o
 .debug_rnglists
                0x000002c8      0x1e2 ./Drivers/STM32U5xx_HAL_Driver/Src/stm32u5xx_hal_adc.o
 .debug_rnglists
                0x000004aa       0xec ./Drivers/STM32U5xx_HAL_Driver/Src/stm32u5xx_hal_cortex.o
 .debug_rnglists
                0x00000596       0x7e ./Drivers/STM32U5xx_HAL_Driver/Src/stm32u5xx_hal_dma.o
 .debug_rnglists
                0x00000614      0x155 ./Drivers/STM32U5xx_HAL_Driver/Src/stm32u5xx_hal_dma_ex.o
 .debug_rnglists
                0x00000769       0x5a ./Drivers/STM32U5xx_HAL_Driver/Src/stm32u5xx_hal_gpio.o
 .debug_rnglists
                0x000007c3       0x7a ./Drivers/STM32U5xx_HAL_Driver/Src/stm32u5xx_hal_icache.o
 .debug_rnglists
                0x0000083d      0x1d6 ./Drivers/STM32U5xx_HAL_Driver/Src/stm32u5xx_hal_lptim.o
 .debug_rnglists
                0x00000a13      0x16e ./Drivers/STM32U5xx_HAL_Driver/Src/stm32u5xx_hal_pwr_ex.o
 .debug_rnglists
                0x00000b81       0x7f ./Drivers/STM32U5xx_HAL_Driver/Src/stm32u5xx_hal_rcc.o
 .debug_rnglists
                0x00000c00      0x113 ./Drivers/STM32U5xx_HAL_Driver/Src/stm32u5xx_hal_rcc_ex.o
 .debug_rnglists
                0x00000d13      0x148 ./Drivers/STM32U5xx_HAL_Driver/Src/stm32u5xx_hal_spi.o
 .debug_rnglists
                0x00000e5b       0x35 ./Drivers/STM32U5xx_HAL_Driver/Src/stm32u5xx_hal_spi_ex.o
 .debug_rnglists
                0x00000e90      0x32e ./Drivers/STM32U5xx_HAL_Driver/Src/stm32u5xx_hal_tim.o
 .debug_rnglists
                0x000011be      0x1d7 ./Drivers/STM32U5xx_HAL_Driver/Src/stm32u5xx_hal_tim_ex.o
 .debug_rnglists
                0x00001395      0x1fc ./Drivers/STM32U5xx_HAL_Driver/Src/stm32u5xx_hal_uart.o
 .debug_rnglists
                0x00001591       0x8c ./Drivers/STM32U5xx_HAL_Driver/Src/stm32u5xx_hal_uart_ex.o
 .debug_rnglists
                0x0000161d       0x74 ./Pheripheral/Src/communicate.o
 .debug_rnglists
                0x00001691       0x56 ./Pheripheral/Src/imu.o
 .debug_rnglists
                0x000016e7       0x26 ./Pheripheral/Src/ir_sensor.o

.debug_macro    0x00000000    0x344b1
 .debug_macro   0x00000000      0x2e6 ./Core/Src/adc.o
 .debug_macro   0x000002e6      0x213 ./Core/Src/adc.o
 .debug_macro   0x000004f9       0x2e ./Core/Src/adc.o
 .debug_macro   0x00000527       0x42 ./Core/Src/adc.o
 .debug_macro   0x00000569       0x1c ./Core/Src/adc.o
 .debug_macro   0x00000585       0x29 ./Core/Src/adc.o
 .debug_macro   0x000005ae       0xfb ./Core/Src/adc.o
 .debug_macro   0x000006a9     0x1685 ./Core/Src/adc.o
 .debug_macro   0x00001d2e       0x5e ./Core/Src/adc.o
 .debug_macro   0x00001d8c    0x1d35e ./Core/Src/adc.o
 .debug_macro   0x0001f0ea       0x6d ./Core/Src/adc.o
 .debug_macro   0x0001f157     0x393e ./Core/Src/adc.o
 .debug_macro   0x00022a95      0x190 ./Core/Src/adc.o
 .debug_macro   0x00022c25       0x34 ./Core/Src/adc.o
 .debug_macro   0x00022c59      0x370 ./Core/Src/adc.o
 .debug_macro   0x00022fc9       0x4a ./Core/Src/adc.o
 .debug_macro   0x00023013       0x1c ./Core/Src/adc.o
 .debug_macro   0x0002302f      0x19b ./Core/Src/adc.o
 .debug_macro   0x000231ca       0x5d ./Core/Src/adc.o
 .debug_macro   0x00023227     0x1853 ./Core/Src/adc.o
 .debug_macro   0x00024a7a      0x773 ./Core/Src/adc.o
 .debug_macro   0x000251ed      0x166 ./Core/Src/adc.o
 .debug_macro   0x00025353      0x250 ./Core/Src/adc.o
 .debug_macro   0x000255a3       0xc9 ./Core/Src/adc.o
 .debug_macro   0x0002566c      0x574 ./Core/Src/adc.o
 .debug_macro   0x00025be0      0x440 ./Core/Src/adc.o
 .debug_macro   0x00026020       0xd6 ./Core/Src/adc.o
 .debug_macro   0x000260f6      0x1cd ./Core/Src/adc.o
 .debug_macro   0x000262c3     0x1415 ./Core/Src/adc.o
 .debug_macro   0x000276d8      0x950 ./Core/Src/adc.o
 .debug_macro   0x00028028      0x2cd ./Core/Src/adc.o
 .debug_macro   0x000282f5      0x42b ./Core/Src/adc.o
 .debug_macro   0x00028720       0x95 ./Core/Src/adc.o
 .debug_macro   0x000287b5      0x11c ./Core/Src/adc.o
 .debug_macro   0x000288d1      0x34e ./Core/Src/adc.o
 .debug_macro   0x00028c1f      0x3e6 ./Core/Src/adc.o
 .debug_macro   0x00029005      0x525 ./Core/Src/adc.o
 .debug_macro   0x0002952a      0x448 ./Core/Src/adc.o
 .debug_macro   0x00029972      0x5cf ./Core/Src/adc.o
 .debug_macro   0x00029f41       0xee ./Core/Src/adc.o
 .debug_macro   0x0002a02f       0xeb ./Core/Src/adc.o
 .debug_macro   0x0002a11a      0xbc5 ./Core/Src/adc.o
 .debug_macro   0x0002acdf      0x45f ./Core/Src/adc.o
 .debug_macro   0x0002b13e      0x677 ./Core/Src/adc.o
 .debug_macro   0x0002b7b5      0x1a1 ./Core/Src/adc.o
 .debug_macro   0x0002b956      0x1b8 ./Core/Src/adc.o
 .debug_macro   0x0002bb0e      0x361 ./Core/Src/adc.o
 .debug_macro   0x0002be6f       0x88 ./Core/Src/adc.o
 .debug_macro   0x0002bef7      0x2e6 ./Core/Src/gpdma.o
 .debug_macro   0x0002c1dd      0x2e6 ./Core/Src/gpio.o
 .debug_macro   0x0002c4c3      0x2e6 ./Core/Src/icache.o
 .debug_macro   0x0002c7a9      0x2e6 ./Core/Src/lptim.o
 .debug_macro   0x0002ca8f      0x387 ./Core/Src/main.o
 .debug_macro   0x0002ce16      0x2e6 ./Core/Src/spi.o
 .debug_macro   0x0002d0fc      0x2dc ./Core/Src/stm32u5xx_hal_msp.o
 .debug_macro   0x0002d3d8      0x2e6 ./Core/Src/stm32u5xx_it.o
 .debug_macro   0x0002d6be      0x2d4 ./Core/Src/system_stm32u5xx.o
 .debug_macro   0x0002d992      0x2e6 ./Core/Src/tim.o
 .debug_macro   0x0002dc78      0x2e6 ./Core/Src/usart.o
 .debug_macro   0x0002df5e      0x2f1 ./Drivers/STM32U5xx_HAL_Driver/Src/stm32u5xx_hal.o
 .debug_macro   0x0002e24f      0x2f1 ./Drivers/STM32U5xx_HAL_Driver/Src/stm32u5xx_hal_adc.o
 .debug_macro   0x0002e540      0x2cd ./Drivers/STM32U5xx_HAL_Driver/Src/stm32u5xx_hal_cortex.o
 .debug_macro   0x0002e80d      0x2ce ./Drivers/STM32U5xx_HAL_Driver/Src/stm32u5xx_hal_dma.o
 .debug_macro   0x0002eadb      0x2ce ./Drivers/STM32U5xx_HAL_Driver/Src/stm32u5xx_hal_dma_ex.o
 .debug_macro   0x0002eda9      0x302 ./Drivers/STM32U5xx_HAL_Driver/Src/stm32u5xx_hal_gpio.o
 .debug_macro   0x0002f0ab      0x2ff ./Drivers/STM32U5xx_HAL_Driver/Src/stm32u5xx_hal_icache.o
 .debug_macro   0x0002f3aa      0x2d5 ./Drivers/STM32U5xx_HAL_Driver/Src/stm32u5xx_hal_lptim.o
 .debug_macro   0x0002f67f      0x2f8 ./Drivers/STM32U5xx_HAL_Driver/Src/stm32u5xx_hal_pwr_ex.o
 .debug_macro   0x0002f977      0x3d3 ./Drivers/STM32U5xx_HAL_Driver/Src/stm32u5xx_hal_rcc.o
 .debug_macro   0x0002fd4a      0x3ea ./Drivers/STM32U5xx_HAL_Driver/Src/stm32u5xx_hal_rcc_ex.o
 .debug_macro   0x00030134      0x2d5 ./Drivers/STM32U5xx_HAL_Driver/Src/stm32u5xx_hal_spi.o
 .debug_macro   0x00030409      0x2cd ./Drivers/STM32U5xx_HAL_Driver/Src/stm32u5xx_hal_spi_ex.o
 .debug_macro   0x000306d6      0x2d5 ./Drivers/STM32U5xx_HAL_Driver/Src/stm32u5xx_hal_tim.o
 .debug_macro   0x000309ab      0x2d3 ./Drivers/STM32U5xx_HAL_Driver/Src/stm32u5xx_hal_tim_ex.o
 .debug_macro   0x00030c7e      0x2f8 ./Drivers/STM32U5xx_HAL_Driver/Src/stm32u5xx_hal_uart.o
 .debug_macro   0x00030f76      0x2d9 ./Drivers/STM32U5xx_HAL_Driver/Src/stm32u5xx_hal_uart_ex.o
 .debug_macro   0x0003124f      0x845 ./Pheripheral/Src/communicate.o
 .debug_macro   0x00031a94       0x16 ./Pheripheral/Src/communicate.o
 .debug_macro   0x00031aaa       0x9e ./Pheripheral/Src/communicate.o
 .debug_macro   0x00031b48      0x119 ./Pheripheral/Src/communicate.o
 .debug_macro   0x00031c61       0x16 ./Pheripheral/Src/communicate.o
 .debug_macro   0x00031c77      0x138 ./Pheripheral/Src/communicate.o
 .debug_macro   0x00031daf     0x1685 ./Pheripheral/Src/communicate.o
 .debug_macro   0x00033434       0x22 ./Pheripheral/Src/communicate.o
 .debug_macro   0x00033456       0x43 ./Pheripheral/Src/communicate.o
 .debug_macro   0x00033499       0x26 ./Pheripheral/Src/communicate.o
 .debug_macro   0x000334bf      0x173 ./Pheripheral/Src/communicate.o
 .debug_macro   0x00033632       0x1c ./Pheripheral/Src/communicate.o
 .debug_macro   0x0003364e       0x10 ./Pheripheral/Src/communicate.o
 .debug_macro   0x0003365e       0x41 ./Pheripheral/Src/communicate.o
 .debug_macro   0x0003369f       0x19 ./Pheripheral/Src/communicate.o
 .debug_macro   0x000336b8       0x11 ./Pheripheral/Src/communicate.o
 .debug_macro   0x000336c9       0x10 ./Pheripheral/Src/communicate.o
 .debug_macro   0x000336d9       0x5e ./Pheripheral/Src/communicate.o
 .debug_macro   0x00033737       0x16 ./Pheripheral/Src/communicate.o
 .debug_macro   0x0003374d       0x52 ./Pheripheral/Src/communicate.o
 .debug_macro   0x0003379f       0x5e ./Pheripheral/Src/communicate.o
 .debug_macro   0x000337fd       0x11 ./Pheripheral/Src/communicate.o
 .debug_macro   0x0003380e       0x2f ./Pheripheral/Src/communicate.o
 .debug_macro   0x0003383d       0x16 ./Pheripheral/Src/communicate.o
 .debug_macro   0x00033853       0x2c ./Pheripheral/Src/communicate.o
 .debug_macro   0x0003387f       0x11 ./Pheripheral/Src/communicate.o
 .debug_macro   0x00033890       0x28 ./Pheripheral/Src/communicate.o
 .debug_macro   0x000338b8       0x2e ./Pheripheral/Src/communicate.o
 .debug_macro   0x000338e6       0x19 ./Pheripheral/Src/communicate.o
 .debug_macro   0x000338ff       0x11 ./Pheripheral/Src/communicate.o
 .debug_macro   0x00033910       0x4f ./Pheripheral/Src/communicate.o
 .debug_macro   0x0003395f       0x18 ./Pheripheral/Src/communicate.o
 .debug_macro   0x00033977       0x27 ./Pheripheral/Src/communicate.o
 .debug_macro   0x0003399e       0x88 ./Pheripheral/Src/communicate.o
 .debug_macro   0x00033a26       0x19 ./Pheripheral/Src/communicate.o
 .debug_macro   0x00033a3f       0x1c ./Pheripheral/Src/communicate.o
 .debug_macro   0x00033a5b       0xf0 ./Pheripheral/Src/communicate.o
 .debug_macro   0x00033b4b      0x11d ./Pheripheral/Src/communicate.o
 .debug_macro   0x00033c68       0x17 ./Pheripheral/Src/communicate.o
 .debug_macro   0x00033c7f       0x19 ./Pheripheral/Src/communicate.o
 .debug_macro   0x00033c98       0x18 ./Pheripheral/Src/communicate.o
 .debug_macro   0x00033cb0       0x17 ./Pheripheral/Src/communicate.o
 .debug_macro   0x00033cc7       0x17 ./Pheripheral/Src/communicate.o
 .debug_macro   0x00033cde       0x10 ./Pheripheral/Src/communicate.o
 .debug_macro   0x00033cee       0x10 ./Pheripheral/Src/communicate.o
 .debug_macro   0x00033cfe       0x76 ./Pheripheral/Src/communicate.o
 .debug_macro   0x00033d74       0x1c ./Pheripheral/Src/communicate.o
 .debug_macro   0x00033d90      0x331 ./Pheripheral/Src/imu.o
 .debug_macro   0x000340c1       0x1c ./Pheripheral/Src/imu.o
 .debug_macro   0x000340dd       0x88 ./Pheripheral/Src/imu.o
 .debug_macro   0x00034165      0x34c ./Pheripheral/Src/ir_sensor.o

.debug_line     0x00000000    0x29818
 .debug_line    0x00000000      0xab6 ./Core/Src/adc.o
 .debug_line    0x00000ab6      0xa44 ./Core/Src/gpdma.o
 .debug_line    0x000014fa      0x981 ./Core/Src/gpio.o
 .debug_line    0x00001e7b      0x956 ./Core/Src/icache.o
 .debug_line    0x000027d1      0x9d2 ./Core/Src/lptim.o
 .debug_line    0x000031a3      0xb00 ./Core/Src/main.o
 .debug_line    0x00003ca3      0xa04 ./Core/Src/spi.o
 .debug_line    0x000046a7      0x93d ./Core/Src/stm32u5xx_hal_msp.o
 .debug_line    0x00004fe4      0xa64 ./Core/Src/stm32u5xx_it.o
 .debug_line    0x00005a48      0xa41 ./Core/Src/system_stm32u5xx.o
 .debug_line    0x00006489      0xc8c ./Core/Src/tim.o
 .debug_line    0x00007115      0xa80 ./Core/Src/usart.o
 .debug_line    0x00007b95       0x7b ./Core/Startup/startup_stm32u535cetx.o
 .debug_line    0x00007c10      0xde0 ./Drivers/STM32U5xx_HAL_Driver/Src/stm32u5xx_hal.o
 .debug_line    0x000089f0     0x2876 ./Drivers/STM32U5xx_HAL_Driver/Src/stm32u5xx_hal_adc.o
 .debug_line    0x0000b266      0xf90 ./Drivers/STM32U5xx_HAL_Driver/Src/stm32u5xx_hal_cortex.o
 .debug_line    0x0000c1f6     0x13c2 ./Drivers/STM32U5xx_HAL_Driver/Src/stm32u5xx_hal_dma.o
 .debug_line    0x0000d5b8     0x2849 ./Drivers/STM32U5xx_HAL_Driver/Src/stm32u5xx_hal_dma_ex.o
 .debug_line    0x0000fe01      0xedf ./Drivers/STM32U5xx_HAL_Driver/Src/stm32u5xx_hal_gpio.o
 .debug_line    0x00010ce0      0xc33 ./Drivers/STM32U5xx_HAL_Driver/Src/stm32u5xx_hal_icache.o
 .debug_line    0x00011913     0x1eb3 ./Drivers/STM32U5xx_HAL_Driver/Src/stm32u5xx_hal_lptim.o
 .debug_line    0x000137c6     0x1225 ./Drivers/STM32U5xx_HAL_Driver/Src/stm32u5xx_hal_pwr_ex.o
 .debug_line    0x000149eb     0x17cd ./Drivers/STM32U5xx_HAL_Driver/Src/stm32u5xx_hal_rcc.o
 .debug_line    0x000161b8     0x2339 ./Drivers/STM32U5xx_HAL_Driver/Src/stm32u5xx_hal_rcc_ex.o
 .debug_line    0x000184f1     0x261f ./Drivers/STM32U5xx_HAL_Driver/Src/stm32u5xx_hal_spi.o
 .debug_line    0x0001ab10      0xb20 ./Drivers/STM32U5xx_HAL_Driver/Src/stm32u5xx_hal_spi_ex.o
 .debug_line    0x0001b630     0x469a ./Drivers/STM32U5xx_HAL_Driver/Src/stm32u5xx_hal_tim.o
 .debug_line    0x0001fcca     0x2355 ./Drivers/STM32U5xx_HAL_Driver/Src/stm32u5xx_hal_tim_ex.o
 .debug_line    0x0002201f     0x37d0 ./Drivers/STM32U5xx_HAL_Driver/Src/stm32u5xx_hal_uart.o
 .debug_line    0x000257ef      0xf73 ./Drivers/STM32U5xx_HAL_Driver/Src/stm32u5xx_hal_uart_ex.o
 .debug_line    0x00026762     0x1a2c ./Pheripheral/Src/communicate.o
 .debug_line    0x0002818e      0xba8 ./Pheripheral/Src/imu.o
 .debug_line    0x00028d36      0xae2 ./Pheripheral/Src/ir_sensor.o

.debug_str      0x00000000   0x14a145
 .debug_str     0x00000000   0x14a145 ./Core/Src/adc.o
                             0x138839 (size before relaxing)
 .debug_str     0x0014a145   0x13895d ./Core/Src/gpdma.o
 .debug_str     0x0014a145   0x137d12 ./Core/Src/gpio.o
 .debug_str     0x0014a145   0x137a86 ./Core/Src/icache.o
 .debug_str     0x0014a145   0x138699 ./Core/Src/lptim.o
 .debug_str     0x0014a145   0x1382f9 ./Core/Src/main.o
 .debug_str     0x0014a145   0x138e38 ./Core/Src/spi.o
 .debug_str     0x0014a145   0x137c56 ./Core/Src/stm32u5xx_hal_msp.o
 .debug_str     0x0014a145   0x138238 ./Core/Src/stm32u5xx_it.o
 .debug_str     0x0014a145   0x137c0f ./Core/Src/system_stm32u5xx.o
 .debug_str     0x0014a145   0x1387ec ./Core/Src/tim.o
 .debug_str     0x0014a145   0x138758 ./Core/Src/usart.o
 .debug_str     0x0014a145       0x87 ./Core/Startup/startup_stm32u535cetx.o
 .debug_str     0x0014a145   0x138974 ./Drivers/STM32U5xx_HAL_Driver/Src/stm32u5xx_hal.o
 .debug_str     0x0014a145   0x138f0a ./Drivers/STM32U5xx_HAL_Driver/Src/stm32u5xx_hal_adc.o
 .debug_str     0x0014a145   0x1387c6 ./Drivers/STM32U5xx_HAL_Driver/Src/stm32u5xx_hal_cortex.o
 .debug_str     0x0014a145   0x137fa5 ./Drivers/STM32U5xx_HAL_Driver/Src/stm32u5xx_hal_dma.o
 .debug_str     0x0014a145   0x138611 ./Drivers/STM32U5xx_HAL_Driver/Src/stm32u5xx_hal_dma_ex.o
 .debug_str     0x0014a145   0x137c34 ./Drivers/STM32U5xx_HAL_Driver/Src/stm32u5xx_hal_gpio.o
 .debug_str     0x0014a145   0x137f43 ./Drivers/STM32U5xx_HAL_Driver/Src/stm32u5xx_hal_icache.o
 .debug_str     0x0014a145   0x138729 ./Drivers/STM32U5xx_HAL_Driver/Src/stm32u5xx_hal_lptim.o
 .debug_str     0x0014a145   0x1382af ./Drivers/STM32U5xx_HAL_Driver/Src/stm32u5xx_hal_pwr_ex.o
 .debug_str     0x0014a145   0x139274 ./Drivers/STM32U5xx_HAL_Driver/Src/stm32u5xx_hal_rcc.o
 .debug_str     0x0014a145   0x13a364 ./Drivers/STM32U5xx_HAL_Driver/Src/stm32u5xx_hal_rcc_ex.o
 .debug_str     0x0014a145   0x138503 ./Drivers/STM32U5xx_HAL_Driver/Src/stm32u5xx_hal_spi.o
 .debug_str     0x0014a145   0x138073 ./Drivers/STM32U5xx_HAL_Driver/Src/stm32u5xx_hal_spi_ex.o
 .debug_str     0x0014a145   0x139064 ./Drivers/STM32U5xx_HAL_Driver/Src/stm32u5xx_hal_tim.o
 .debug_str     0x0014a145   0x138cbb ./Drivers/STM32U5xx_HAL_Driver/Src/stm32u5xx_hal_tim_ex.o
 .debug_str     0x0014a145   0x1388d6 ./Drivers/STM32U5xx_HAL_Driver/Src/stm32u5xx_hal_uart.o
 .debug_str     0x0014a145   0x138388 ./Drivers/STM32U5xx_HAL_Driver/Src/stm32u5xx_hal_uart_ex.o
 .debug_str     0x0014a145   0x13ef10 ./Pheripheral/Src/communicate.o
 .debug_str     0x0014a145   0x1389dd ./Pheripheral/Src/imu.o
 .debug_str     0x0014a145   0x1385a8 ./Pheripheral/Src/ir_sensor.o

.comment        0x00000000       0x43
 .comment       0x00000000       0x43 ./Core/Src/adc.o
                                 0x44 (size before relaxing)
 .comment       0x00000043       0x44 ./Core/Src/gpdma.o
 .comment       0x00000043       0x44 ./Core/Src/gpio.o
 .comment       0x00000043       0x44 ./Core/Src/icache.o
 .comment       0x00000043       0x44 ./Core/Src/lptim.o
 .comment       0x00000043       0x44 ./Core/Src/main.o
 .comment       0x00000043       0x44 ./Core/Src/spi.o
 .comment       0x00000043       0x44 ./Core/Src/stm32u5xx_hal_msp.o
 .comment       0x00000043       0x44 ./Core/Src/stm32u5xx_it.o
 .comment       0x00000043       0x44 ./Core/Src/system_stm32u5xx.o
 .comment       0x00000043       0x44 ./Core/Src/tim.o
 .comment       0x00000043       0x44 ./Core/Src/usart.o
 .comment       0x00000043       0x44 ./Drivers/STM32U5xx_HAL_Driver/Src/stm32u5xx_hal.o
 .comment       0x00000043       0x44 ./Drivers/STM32U5xx_HAL_Driver/Src/stm32u5xx_hal_adc.o
 .comment       0x00000043       0x44 ./Drivers/STM32U5xx_HAL_Driver/Src/stm32u5xx_hal_cortex.o
 .comment       0x00000043       0x44 ./Drivers/STM32U5xx_HAL_Driver/Src/stm32u5xx_hal_dma.o
 .comment       0x00000043       0x44 ./Drivers/STM32U5xx_HAL_Driver/Src/stm32u5xx_hal_dma_ex.o
 .comment       0x00000043       0x44 ./Drivers/STM32U5xx_HAL_Driver/Src/stm32u5xx_hal_gpio.o
 .comment       0x00000043       0x44 ./Drivers/STM32U5xx_HAL_Driver/Src/stm32u5xx_hal_icache.o
 .comment       0x00000043       0x44 ./Drivers/STM32U5xx_HAL_Driver/Src/stm32u5xx_hal_lptim.o
 .comment       0x00000043       0x44 ./Drivers/STM32U5xx_HAL_Driver/Src/stm32u5xx_hal_pwr_ex.o
 .comment       0x00000043       0x44 ./Drivers/STM32U5xx_HAL_Driver/Src/stm32u5xx_hal_rcc.o
 .comment       0x00000043       0x44 ./Drivers/STM32U5xx_HAL_Driver/Src/stm32u5xx_hal_rcc_ex.o
 .comment       0x00000043       0x44 ./Drivers/STM32U5xx_HAL_Driver/Src/stm32u5xx_hal_spi.o
 .comment       0x00000043       0x44 ./Drivers/STM32U5xx_HAL_Driver/Src/stm32u5xx_hal_spi_ex.o
 .comment       0x00000043       0x44 ./Drivers/STM32U5xx_HAL_Driver/Src/stm32u5xx_hal_tim.o
 .comment       0x00000043       0x44 ./Drivers/STM32U5xx_HAL_Driver/Src/stm32u5xx_hal_tim_ex.o
 .comment       0x00000043       0x44 ./Drivers/STM32U5xx_HAL_Driver/Src/stm32u5xx_hal_uart.o
 .comment       0x00000043       0x44 ./Drivers/STM32U5xx_HAL_Driver/Src/stm32u5xx_hal_uart_ex.o
 .comment       0x00000043       0x44 ./Pheripheral/Src/communicate.o
 .comment       0x00000043       0x44 ./Pheripheral/Src/imu.o
 .comment       0x00000043       0x44 ./Pheripheral/Src/ir_sensor.o

.debug_frame    0x00000000     0x7e7c
 .debug_frame   0x00000000       0xa4 ./Core/Src/adc.o
 .debug_frame   0x000000a4       0x34 ./Core/Src/gpdma.o
 .debug_frame   0x000000d8       0x34 ./Core/Src/gpio.o
 .debug_frame   0x0000010c       0x2c ./Core/Src/icache.o
 .debug_frame   0x00000138       0x80 ./Core/Src/lptim.o
 .debug_frame   0x000001b8       0x6c ./Core/Src/main.o
 .debug_frame   0x00000224       0x80 ./Core/Src/spi.o
 .debug_frame   0x000002a4       0x34 ./Core/Src/stm32u5xx_hal_msp.o
 .debug_frame   0x000002d8      0x190 ./Core/Src/stm32u5xx_it.o
 .debug_frame   0x00000468       0x58 ./Core/Src/system_stm32u5xx.o
 .debug_frame   0x000004c0      0x15c ./Core/Src/tim.o
 .debug_frame   0x0000061c       0x78 ./Core/Src/usart.o
 .debug_frame   0x00000694      0x500 ./Drivers/STM32U5xx_HAL_Driver/Src/stm32u5xx_hal.o
 .debug_frame   0x00000b94      0xb94 ./Drivers/STM32U5xx_HAL_Driver/Src/stm32u5xx_hal_adc.o
 .debug_frame   0x00001728      0x560 ./Drivers/STM32U5xx_HAL_Driver/Src/stm32u5xx_hal_cortex.o
 .debug_frame   0x00001c88      0x2a0 ./Drivers/STM32U5xx_HAL_Driver/Src/stm32u5xx_hal_dma.o
 .debug_frame   0x00001f28      0x754 ./Drivers/STM32U5xx_HAL_Driver/Src/stm32u5xx_hal_dma_ex.o
 .debug_frame   0x0000267c      0x1ec ./Drivers/STM32U5xx_HAL_Driver/Src/stm32u5xx_hal_gpio.o
 .debug_frame   0x00002868      0x298 ./Drivers/STM32U5xx_HAL_Driver/Src/stm32u5xx_hal_icache.o
 .debug_frame   0x00002b00      0xaac ./Drivers/STM32U5xx_HAL_Driver/Src/stm32u5xx_hal_lptim.o
 .debug_frame   0x000035ac      0x7cc ./Drivers/STM32U5xx_HAL_Driver/Src/stm32u5xx_hal_pwr_ex.o
 .debug_frame   0x00003d78      0x288 ./Drivers/STM32U5xx_HAL_Driver/Src/stm32u5xx_hal_rcc.o
 .debug_frame   0x00004000      0x5f0 ./Drivers/STM32U5xx_HAL_Driver/Src/stm32u5xx_hal_rcc_ex.o
 .debug_frame   0x000045f0      0x7ac ./Drivers/STM32U5xx_HAL_Driver/Src/stm32u5xx_hal_spi.o
 .debug_frame   0x00004d9c      0x100 ./Drivers/STM32U5xx_HAL_Driver/Src/stm32u5xx_hal_spi_ex.o
 .debug_frame   0x00004e9c     0x125c ./Drivers/STM32U5xx_HAL_Driver/Src/stm32u5xx_hal_tim.o
 .debug_frame   0x000060f8      0xac0 ./Drivers/STM32U5xx_HAL_Driver/Src/stm32u5xx_hal_tim_ex.o
 .debug_frame   0x00006bb8      0xa8c ./Drivers/STM32U5xx_HAL_Driver/Src/stm32u5xx_hal_uart.o
 .debug_frame   0x00007644      0x310 ./Drivers/STM32U5xx_HAL_Driver/Src/stm32u5xx_hal_uart_ex.o
 .debug_frame   0x00007954      0x258 ./Pheripheral/Src/communicate.o
 .debug_frame   0x00007bac      0x188 ./Pheripheral/Src/imu.o
 .debug_frame   0x00007d34       0x98 ./Pheripheral/Src/ir_sensor.o
 .debug_frame   0x00007dcc       0x20 C:/ST/STM32CubeIDE_1.18.1/STM32CubeIDE/plugins/com.st.stm32cube.ide.mcu.externaltools.gnu-tools-for-stm32.13.3.rel1.win32_1.0.0.202411081344/tools/bin/../lib/gcc/arm-none-eabi/13.3.1/../../../../arm-none-eabi/lib/thumb/v8-m.main+fp/hard\libc_nano.a(libc_a-memset.o)
 .debug_frame   0x00007dec       0x2c C:/ST/STM32CubeIDE_1.18.1/STM32CubeIDE/plugins/com.st.stm32cube.ide.mcu.externaltools.gnu-tools-for-stm32.13.3.rel1.win32_1.0.0.202411081344/tools/bin/../lib/gcc/arm-none-eabi/13.3.1/../../../../arm-none-eabi/lib/thumb/v8-m.main+fp/hard\libc_nano.a(libc_a-init.o)
 .debug_frame   0x00007e18       0x2c C:/ST/STM32CubeIDE_1.18.1/STM32CubeIDE/plugins/com.st.stm32cube.ide.mcu.externaltools.gnu-tools-for-stm32.13.3.rel1.win32_1.0.0.202411081344/tools/bin/../lib/gcc/arm-none-eabi/13.3.1/thumb/v8-m.main+fp/hard\libgcc.a(_aeabi_uldivmod.o)
 .debug_frame   0x00007e44       0x38 C:/ST/STM32CubeIDE_1.18.1/STM32CubeIDE/plugins/com.st.stm32cube.ide.mcu.externaltools.gnu-tools-for-stm32.13.3.rel1.win32_1.0.0.202411081344/tools/bin/../lib/gcc/arm-none-eabi/13.3.1/thumb/v8-m.main+fp/hard\libgcc.a(_udivmoddi4.o)

.debug_line_str
                0x00000000       0x6b
 .debug_line_str
                0x00000000       0x6b ./Core/Startup/startup_stm32u535cetx.o
