Archive member included to satisfy reference by file (symbol)

C:/ST/STM32CubeIDE_1.18.1/STM32CubeIDE/plugins/com.st.stm32cube.ide.mcu.externaltools.gnu-tools-for-stm32.13.3.rel1.win32_1.0.0.202411081344/tools/bin/../lib/gcc/arm-none-eabi/13.3.1/../../../../arm-none-eabi/lib/thumb/v8-m.main+fp/hard\libm.a(libm_a-w_exp.o)
                              ./Component/codegen/rtwhalf.o (exp)
C:/ST/STM32CubeIDE_1.18.1/STM32CubeIDE/plugins/com.st.stm32cube.ide.mcu.externaltools.gnu-tools-for-stm32.13.3.rel1.win32_1.0.0.202411081344/tools/bin/../lib/gcc/arm-none-eabi/13.3.1/../../../../arm-none-eabi/lib/thumb/v8-m.main+fp/hard\libm.a(libm_a-w_log.o)
                              ./Component/codegen/rtwhalf.o (log)
C:/ST/STM32CubeIDE_1.18.1/STM32CubeIDE/plugins/com.st.stm32cube.ide.mcu.externaltools.gnu-tools-for-stm32.13.3.rel1.win32_1.0.0.202411081344/tools/bin/../lib/gcc/arm-none-eabi/13.3.1/../../../../arm-none-eabi/lib/thumb/v8-m.main+fp/hard\libm.a(libm_a-w_log10.o)
                              ./Component/codegen/rtwhalf.o (log10)
C:/ST/STM32CubeIDE_1.18.1/STM32CubeIDE/plugins/com.st.stm32cube.ide.mcu.externaltools.gnu-tools-for-stm32.13.3.rel1.win32_1.0.0.202411081344/tools/bin/../lib/gcc/arm-none-eabi/13.3.1/../../../../arm-none-eabi/lib/thumb/v8-m.main+fp/hard\libm.a(libm_a-w_sqrt.o)
                              ./Component/codegen/rtwhalf.o (sqrt)
C:/ST/STM32CubeIDE_1.18.1/STM32CubeIDE/plugins/com.st.stm32cube.ide.mcu.externaltools.gnu-tools-for-stm32.13.3.rel1.win32_1.0.0.202411081344/tools/bin/../lib/gcc/arm-none-eabi/13.3.1/../../../../arm-none-eabi/lib/thumb/v8-m.main+fp/hard\libm.a(libm_a-s_cos.o)
                              ./Component/codegen/rtwhalf.o (cos)
C:/ST/STM32CubeIDE_1.18.1/STM32CubeIDE/plugins/com.st.stm32cube.ide.mcu.externaltools.gnu-tools-for-stm32.13.3.rel1.win32_1.0.0.202411081344/tools/bin/../lib/gcc/arm-none-eabi/13.3.1/../../../../arm-none-eabi/lib/thumb/v8-m.main+fp/hard\libm.a(libm_a-s_sin.o)
                              ./Component/codegen/rtwhalf.o (sin)
C:/ST/STM32CubeIDE_1.18.1/STM32CubeIDE/plugins/com.st.stm32cube.ide.mcu.externaltools.gnu-tools-for-stm32.13.3.rel1.win32_1.0.0.202411081344/tools/bin/../lib/gcc/arm-none-eabi/13.3.1/../../../../arm-none-eabi/lib/thumb/v8-m.main+fp/hard\libm.a(libm_a-s_finite.o)
                              C:/ST/STM32CubeIDE_1.18.1/STM32CubeIDE/plugins/com.st.stm32cube.ide.mcu.externaltools.gnu-tools-for-stm32.13.3.rel1.win32_1.0.0.202411081344/tools/bin/../lib/gcc/arm-none-eabi/13.3.1/../../../../arm-none-eabi/lib/thumb/v8-m.main+fp/hard\libm.a(libm_a-w_exp.o) (finite)
C:/ST/STM32CubeIDE_1.18.1/STM32CubeIDE/plugins/com.st.stm32cube.ide.mcu.externaltools.gnu-tools-for-stm32.13.3.rel1.win32_1.0.0.202411081344/tools/bin/../lib/gcc/arm-none-eabi/13.3.1/../../../../arm-none-eabi/lib/thumb/v8-m.main+fp/hard\libm.a(libm_a-s_nan.o)
                              C:/ST/STM32CubeIDE_1.18.1/STM32CubeIDE/plugins/com.st.stm32cube.ide.mcu.externaltools.gnu-tools-for-stm32.13.3.rel1.win32_1.0.0.202411081344/tools/bin/../lib/gcc/arm-none-eabi/13.3.1/../../../../arm-none-eabi/lib/thumb/v8-m.main+fp/hard\libm.a(libm_a-w_log.o) (nan)
C:/ST/STM32CubeIDE_1.18.1/STM32CubeIDE/plugins/com.st.stm32cube.ide.mcu.externaltools.gnu-tools-for-stm32.13.3.rel1.win32_1.0.0.202411081344/tools/bin/../lib/gcc/arm-none-eabi/13.3.1/../../../../arm-none-eabi/lib/thumb/v8-m.main+fp/hard\libm.a(libm_a-e_sqrt.o)
                              C:/ST/STM32CubeIDE_1.18.1/STM32CubeIDE/plugins/com.st.stm32cube.ide.mcu.externaltools.gnu-tools-for-stm32.13.3.rel1.win32_1.0.0.202411081344/tools/bin/../lib/gcc/arm-none-eabi/13.3.1/../../../../arm-none-eabi/lib/thumb/v8-m.main+fp/hard\libm.a(libm_a-w_sqrt.o) (__ieee754_sqrt)
C:/ST/STM32CubeIDE_1.18.1/STM32CubeIDE/plugins/com.st.stm32cube.ide.mcu.externaltools.gnu-tools-for-stm32.13.3.rel1.win32_1.0.0.202411081344/tools/bin/../lib/gcc/arm-none-eabi/13.3.1/../../../../arm-none-eabi/lib/thumb/v8-m.main+fp/hard\libm.a(libm_a-s_ceil.o)
                              ./Component/codegen/rtwhalf.o (ceil)
C:/ST/STM32CubeIDE_1.18.1/STM32CubeIDE/plugins/com.st.stm32cube.ide.mcu.externaltools.gnu-tools-for-stm32.13.3.rel1.win32_1.0.0.202411081344/tools/bin/../lib/gcc/arm-none-eabi/13.3.1/../../../../arm-none-eabi/lib/thumb/v8-m.main+fp/hard\libm.a(libm_a-s_floor.o)
                              ./Component/codegen/rtwhalf.o (floor)
C:/ST/STM32CubeIDE_1.18.1/STM32CubeIDE/plugins/com.st.stm32cube.ide.mcu.externaltools.gnu-tools-for-stm32.13.3.rel1.win32_1.0.0.202411081344/tools/bin/../lib/gcc/arm-none-eabi/13.3.1/../../../../arm-none-eabi/lib/thumb/v8-m.main+fp/hard\libm.a(libm_a-k_cos.o)
                              C:/ST/STM32CubeIDE_1.18.1/STM32CubeIDE/plugins/com.st.stm32cube.ide.mcu.externaltools.gnu-tools-for-stm32.13.3.rel1.win32_1.0.0.202411081344/tools/bin/../lib/gcc/arm-none-eabi/13.3.1/../../../../arm-none-eabi/lib/thumb/v8-m.main+fp/hard\libm.a(libm_a-s_cos.o) (__kernel_cos)
[...]
Memory Configuration

Name             Origin             Length             Attributes
RAM              0x20000000         0x00040000         xrw
SRAM4            0x28000000         0x00004000         xrw
FLASH            0x08000000         0x00080000         xr
*default*        0x00000000         0xffffffff

Linker script and memory map

LOAD C:/ST/STM32CubeIDE_1.18.1/STM32CubeIDE/plugins/com.st.stm32cube.ide.mcu.externaltools.gnu-tools-for-stm32.13.3.rel1.win32_1.0.0.202411081344/tools/bin/../lib/gcc/arm-none-eabi/13.3.1/thumb/v8-m.main+fp/hard/crti.o
LOAD C:/ST/STM32CubeIDE_1.18.1/STM32CubeIDE/plugins/com.st.stm32cube.ide.mcu.externaltools.gnu-tools-for-stm32.13.3.rel1.win32_1.0.0.202411081344/tools/bin/../lib/gcc/arm-none-eabi/13.3.1/thumb/v8-m.main+fp/hard/crtbegin.o
LOAD C:/ST/STM32CubeIDE_1.18.1/STM32CubeIDE/plugins/com.st.stm32cube.ide.mcu.externaltools.gnu-tools-for-stm32.13.3.rel1.win32_1.0.0.202411081344/tools/bin/../lib/gcc/arm-none-eabi/13.3.1/../../../../arm-none-eabi/lib/thumb/v8-m.main+fp/hard/crt0.o
LOAD ./Component/Src/half_float.o
LOAD ./Component/codegen/rtwhalf.o
LOAD ./Component/ntshell-v0.3.1/src/lib/core/ntlibc.o
LOAD ./Component/ntshell-v0.3.1/src/lib/core/ntshell.o
LOAD ./Component/ntshell-v0.3.1/src/lib/core/text_editor.o
LOAD ./Component/ntshell-v0.3.1/src/lib/core/text_history.o
LOAD ./Component/ntshell-v0.3.1/src/lib/core/vtrecv.o
LOAD ./Component/ntshell-v0.3.1/src/lib/core/vtsend.o
LOAD ./Component/ntshell-v0.3.1/src/lib/util/ntopt.o
LOAD ./Component/ntshell-v0.3.1/src/lib/util/ntstdio.o
LOAD ./Core/Src/adc.o
LOAD ./Core/Src/gpdma.o
LOAD ./Core/Src/gpio.o
LOAD ./Core/Src/icache.o
LOAD ./Core/Src/lptim.o
LOAD ./Core/Src/main.o
LOAD ./Core/Src/memorymap.o
LOAD ./Core/Src/spi.o
LOAD ./Core/Src/stm32u5xx_hal_msp.o
LOAD ./Core/Src/stm32u5xx_it.o
LOAD ./Core/Src/syscalls.o
LOAD ./Core/Src/sysmem.o
LOAD ./Core/Src/system_stm32u5xx.o
LOAD ./Core/Src/tim.o
LOAD ./Core/Startup/startup_stm32u535cetx.o
LOAD ./Drivers/STM32U5xx_HAL_Driver/Src/stm32u5xx_hal.o
LOAD ./Drivers/STM32U5xx_HAL_Driver/Src/stm32u5xx_hal_adc.o
LOAD ./Drivers/STM32U5xx_HAL_Driver/Src/stm32u5xx_hal_adc_ex.o
LOAD ./Drivers/STM32U5xx_HAL_Driver/Src/stm32u5xx_hal_cortex.o
LOAD ./Drivers/STM32U5xx_HAL_Driver/Src/stm32u5xx_hal_dma.o
LOAD ./Drivers/STM32U5xx_HAL_Driver/Src/stm32u5xx_hal_dma_ex.o
LOAD ./Drivers/STM32U5xx_HAL_Driver/Src/stm32u5xx_hal_exti.o
LOAD ./Drivers/STM32U5xx_HAL_Driver/Src/stm32u5xx_hal_flash.o
LOAD ./Drivers/STM32U5xx_HAL_Driver/Src/stm32u5xx_hal_flash_ex.o
LOAD ./Drivers/STM32U5xx_HAL_Driver/Src/stm32u5xx_hal_gpio.o
LOAD ./Drivers/STM32U5xx_HAL_Driver/Src/stm32u5xx_hal_gtzc.o
LOAD ./Drivers/STM32U5xx_HAL_Driver/Src/stm32u5xx_hal_i2c.o
LOAD ./Drivers/STM32U5xx_HAL_Driver/Src/stm32u5xx_hal_i2c_ex.o
LOAD ./Drivers/STM32U5xx_HAL_Driver/Src/stm32u5xx_hal_icache.o
LOAD ./Drivers/STM32U5xx_HAL_Driver/Src/stm32u5xx_hal_lptim.o
LOAD ./Drivers/STM32U5xx_HAL_Driver/Src/stm32u5xx_hal_pwr.o
LOAD ./Drivers/STM32U5xx_HAL_Driver/Src/stm32u5xx_hal_pwr_ex.o
LOAD ./Drivers/STM32U5xx_HAL_Driver/Src/stm32u5xx_hal_rcc.o
LOAD ./Drivers/STM32U5xx_HAL_Driver/Src/stm32u5xx_hal_rcc_ex.o
LOAD ./Drivers/STM32U5xx_HAL_Driver/Src/stm32u5xx_hal_spi.o
LOAD ./Drivers/STM32U5xx_HAL_Driver/Src/stm32u5xx_hal_spi_ex.o
LOAD ./Drivers/STM32U5xx_HAL_Driver/Src/stm32u5xx_hal_tim.o
LOAD ./Drivers/STM32U5xx_HAL_Driver/Src/stm32u5xx_hal_tim_ex.o
LOAD ./Pheripheral/Src/ir_sensor.o
START GROUP
LOAD C:/ST/STM32CubeIDE_1.18.1/STM32CubeIDE/plugins/com.st.stm32cube.ide.mcu.externaltools.gnu-tools-for-stm32.13.3.rel1.win32_1.0.0.202411081344/tools/bin/../lib/gcc/arm-none-eabi/13.3.1/../../../../arm-none-eabi/lib/thumb/v8-m.main+fp/hard\libstdc++_nano.a
LOAD C:/ST/STM32CubeIDE_1.18.1/STM32CubeIDE/plugins/com.st.stm32cube.ide.mcu.externaltools.gnu-tools-for-stm32.13.3.rel1.win32_1.0.0.202411081344/tools/bin/../lib/gcc/arm-none-eabi/13.3.1/../../../../arm-none-eabi/lib/thumb/v8-m.main+fp/hard\libsupc++_nano.a
END GROUP
LOAD C:/ST/STM32CubeIDE_1.18.1/STM32CubeIDE/plugins/com.st.stm32cube.ide.mcu.externaltools.gnu-tools-for-stm32.13.3.rel1.win32_1.0.0.202411081344/tools/bin/../lib/gcc/arm-none-eabi/13.3.1/../../../../arm-none-eabi/lib/thumb/v8-m.main+fp/hard\libstdc++_nano.a
LOAD C:/ST/STM32CubeIDE_1.18.1/STM32CubeIDE/plugins/com.st.stm32cube.ide.mcu.externaltools.gnu-tools-for-stm32.13.3.rel1.win32_1.0.0.202411081344/tools/bin/../lib/gcc/arm-none-eabi/13.3.1/../../../../arm-none-eabi/lib/thumb/v8-m.main+fp/hard\libm.a
LOAD C:/ST/STM32CubeIDE_1.18.1/STM32CubeIDE/plugins/com.st.stm32cube.ide.mcu.externaltools.gnu-tools-for-stm32.13.3.rel1.win32_1.0.0.202411081344/tools/bin/../lib/gcc/arm-none-eabi/13.3.1/../../../../arm-none-eabi/lib/thumb/v8-m.main+fp/hard\libc_nano.a
START GROUP
LOAD C:/ST/STM32CubeIDE_1.18.1/STM32CubeIDE/plugins/com.st.stm32cube.ide.mcu.externaltools.gnu-tools-for-stm32.13.3.rel1.win32_1.0.0.202411081344/tools/bin/../lib/gcc/arm-none-eabi/13.3.1/thumb/v8-m.main+fp/hard\libgcc.a
LOAD C:/ST/STM32CubeIDE_1.18.1/STM32CubeIDE/plugins/com.st.stm32cube.ide.mcu.externaltools.gnu-tools-for-stm32.13.3.rel1.win32_1.0.0.202411081344/tools/bin/../lib/gcc/arm-none-eabi/13.3.1/../../../../arm-none-eabi/lib/thumb/v8-m.main+fp/hard\libc_nano.a
END GROUP
START GROUP
LOAD C:/ST/STM32CubeIDE_1.18.1/STM32CubeIDE/plugins/com.st.stm32cube.ide.mcu.externaltools.gnu-tools-for-stm32.13.3.rel1.win32_1.0.0.202411081344/tools/bin/../lib/gcc/arm-none-eabi/13.3.1/thumb/v8-m.main+fp/hard\libgcc.a
LOAD C:/ST/STM32CubeIDE_1.18.1/STM32CubeIDE/plugins/com.st.stm32cube.ide.mcu.externaltools.gnu-tools-for-stm32.13.3.rel1.win32_1.0.0.202411081344/tools/bin/../lib/gcc/arm-none-eabi/13.3.1/../../../../arm-none-eabi/lib/thumb/v8-m.main+fp/hard\libc_nano.a
LOAD C:/ST/STM32CubeIDE_1.18.1/STM32CubeIDE/plugins/com.st.stm32cube.ide.mcu.externaltools.gnu-tools-for-stm32.13.3.rel1.win32_1.0.0.202411081344/tools/bin/../lib/gcc/arm-none-eabi/13.3.1/../../../../arm-none-eabi/lib/thumb/v8-m.main+fp/hard\libnosys.a
END GROUP
START GROUP
LOAD C:/ST/STM32CubeIDE_1.18.1/STM32CubeIDE/plugins/com.st.stm32cube.ide.mcu.externaltools.gnu-tools-for-stm32.13.3.rel1.win32_1.0.0.202411081344/tools/bin/../lib/gcc/arm-none-eabi/13.3.1/thumb/v8-m.main+fp/hard\libgcc.a
LOAD C:/ST/STM32CubeIDE_1.18.1/STM32CubeIDE/plugins/com.st.stm32cube.ide.mcu.externaltools.gnu-tools-for-stm32.13.3.rel1.win32_1.0.0.202411081344/tools/bin/../lib/gcc/arm-none-eabi/13.3.1/../../../../arm-none-eabi/lib/thumb/v8-m.main+fp/hard\libc_nano.a
LOAD C:/ST/STM32CubeIDE_1.18.1/STM32CubeIDE/plugins/com.st.stm32cube.ide.mcu.externaltools.gnu-tools-for-stm32.13.3.rel1.win32_1.0.0.202411081344/tools/bin/../lib/gcc/arm-none-eabi/13.3.1/../../../../arm-none-eabi/lib/thumb/v8-m.main+fp/hard\libnosys.a
END GROUP
LOAD C:/ST/STM32CubeIDE_1.18.1/STM32CubeIDE/plugins/com.st.stm32cube.ide.mcu.externaltools.gnu-tools-for-stm32.13.3.rel1.win32_1.0.0.202411081344/tools/bin/../lib/gcc/arm-none-eabi/13.3.1/thumb/v8-m.main+fp/hard/crtend.o
LOAD C:/ST/STM32CubeIDE_1.18.1/STM32CubeIDE/plugins/com.st.stm32cube.ide.mcu.externaltools.gnu-tools-for-stm32.13.3.rel1.win32_1.0.0.202411081344/tools/bin/../lib/gcc/arm-none-eabi/13.3.1/thumb/v8-m.main+fp/hard/crtn.o
                0x20040000                        _estack = (ORIGIN (RAM) + LENGTH (RAM))
                0x00000200                        _Min_Heap_Size = 0x200
                0x00000400                        _Min_Stack_Size = 0x400

.isr_vector     0x08000000      0x238
 *(.isr_vector)
 .isr_vector    0x08000000      0x238 ./Core/Startup/startup_stm32u535cetx.o
                0x08000000                g_pfnVectors

.text           0x08000238     0x8a44
 *(.text)
 .text          0x08000238       0x40 C:/ST/STM32CubeIDE_1.18.1/STM32CubeIDE/plugins/com.st.stm32cube.ide.mcu.externaltools.gnu-tools-for-stm32.13.3.rel1.win32_1.0.0.202411081344/tools/bin/../lib/gcc/arm-none-eabi/13.3.1/thumb/v8-m.main+fp/hard/crtbegin.o
 *(.text*)
 .text.MX_ADC1_Init
                0x08000278       0xe0 ./Core/Src/adc.o
                0x08000278                MX_ADC1_Init
 .text.MX_ADC4_Init
                0x08000358       0xdc ./Core/Src/adc.o
                0x08000358                MX_ADC4_Init
 .text.HAL_ADC_MspInit
                0x08000434      0x198 ./Core/Src/adc.o
                0x08000434                HAL_ADC_MspInit
 .text.MX_GPDMA1_Init
                0x080005cc      0x204 ./Core/Src/gpdma.o
                0x080005cc                MX_GPDMA1_Init
 .text.MX_GPIO_Init
                0x080007d0      0x170 ./Core/Src/gpio.o
                0x080007d0                MX_GPIO_Init
 .text.MX_ICACHE_Init
                0x08000940       0x26 ./Core/Src/icache.o
                0x08000940                MX_ICACHE_Init
 *fill*         0x08000966        0x2 
 .text.MX_LPTIM1_Init
                0x08000968       0xa4 ./Core/Src/lptim.o
                0x08000968                MX_LPTIM1_Init
 .text.HAL_LPTIM_MspInit
                0x08000a0c       0x78 ./Core/Src/lptim.o
                0x08000a0c                HAL_LPTIM_MspInit
 .text.main     0x08000a84       0x40 ./Core/Src/main.o
                0x08000a84                main
 .text.SystemClock_Config
                0x08000ac4       0xd4 ./Core/Src/main.o
                0x08000ac4                SystemClock_Config
 .text.Error_Handler
                0x08000b98        0xc ./Core/Src/main.o
                0x08000b98                Error_Handler
 .text.MX_SPI2_Init
                0x08000ba4       0xe0 ./Core/Src/spi.o
                0x08000ba4                MX_SPI2_Init
 .text.HAL_SPI_MspInit
                0x08000c84       0xd4 ./Core/Src/spi.o
                0x08000c84                HAL_SPI_MspInit
 .text.HAL_MspInit
                0x08000d58       0x34 ./Core/Src/stm32u5xx_hal_msp.o
                0x08000d58                HAL_MspInit
 .text.NMI_Handler
                0x08000d8c        0x8 ./Core/Src/stm32u5xx_it.o
                0x08000d8c                NMI_Handler
 .text.HardFault_Handler
                0x08000d94        0x8 ./Core/Src/stm32u5xx_it.o
                0x08000d94                HardFault_Handler
 .text.MemManage_Handler
                0x08000d9c        0x8 ./Core/Src/stm32u5xx_it.o
                0x08000d9c                MemManage_Handler
 .text.BusFault_Handler
                0x08000da4        0x8 ./Core/Src/stm32u5xx_it.o
                0x08000da4                BusFault_Handler
 .text.UsageFault_Handler
                0x08000dac        0x8 ./Core/Src/stm32u5xx_it.o
                0x08000dac                UsageFault_Handler
 .text.SVC_Handler
                0x08000db4        0xe ./Core/Src/stm32u5xx_it.o
                0x08000db4                SVC_Handler
 .text.DebugMon_Handler
                0x08000dc2        0xe ./Core/Src/stm32u5xx_it.o
                0x08000dc2                DebugMon_Handler
 .text.PendSV_Handler
                0x08000dd0        0xe ./Core/Src/stm32u5xx_it.o
                0x08000dd0                PendSV_Handler
 .text.SysTick_Handler
                0x08000dde        0xc ./Core/Src/stm32u5xx_it.o
                0x08000dde                SysTick_Handler
 *fill*         0x08000dea        0x2 
 .text.GPDMA1_Channel0_IRQHandler
                0x08000dec       0x14 ./Core/Src/stm32u5xx_it.o
                0x08000dec                GPDMA1_Channel0_IRQHandler
 .text.GPDMA1_Channel1_IRQHandler
                0x08000e00       0x14 ./Core/Src/stm32u5xx_it.o
                0x08000e00                GPDMA1_Channel1_IRQHandler
 .text.SystemInit
                0x08000e14       0x70 ./Core/Src/system_stm32u5xx.o
                0x08000e14                SystemInit
 .text.MX_TIM2_Init
                0x08000e84       0xa8 ./Core/Src/tim.o
                0x08000e84                MX_TIM2_Init
 .text.MX_TIM3_Init
                0x08000f2c       0xac ./Core/Src/tim.o
                0x08000f2c                MX_TIM3_Init
 .text.MX_TIM4_Init
                0x08000fd8      0x130 ./Core/Src/tim.o
                0x08000fd8                MX_TIM4_Init
 .text.MX_TIM8_Init
                0x08001108      0x160 ./Core/Src/tim.o
                0x08001108                MX_TIM8_Init
 .text.HAL_TIM_Encoder_MspInit
                0x08001268      0x140 ./Core/Src/tim.o
                0x08001268                HAL_TIM_Encoder_MspInit
 .text.HAL_TIM_Base_MspInit
                0x080013a8       0x74 ./Core/Src/tim.o
                0x080013a8                HAL_TIM_Base_MspInit
 .text.HAL_TIM_MspPostInit
                0x0800141c       0xc4 ./Core/Src/tim.o
                0x0800141c                HAL_TIM_MspPostInit
 .text.Reset_Handler
                0x080014e0       0x50 ./Core/Startup/startup_stm32u535cetx.o
                0x080014e0                Reset_Handler
 .text.Default_Handler
                0x08001530        0x2 ./Core/Startup/startup_stm32u535cetx.o
                0x08001530                EXTI2_IRQHandler
                0x08001530                TIM8_TRG_COM_IRQHandler
                0x08001530                TIM8_CC_IRQHandler
                0x08001530                EXTI5_IRQHandler
                0x08001530                FLASH_S_IRQHandler
                0x08001530                EXTI13_IRQHandler
                0x08001530                TIM1_CC_IRQHandler
                0x08001530                TSC_IRQHandler
                0x08001530                TAMP_IRQHandler
                0x08001530                TIM6_IRQHandler
                0x08001530                EXTI12_IRQHandler
                0x08001530                CORDIC_IRQHandler
                0x08001530                EXTI3_IRQHandler
                0x08001530                LPTIM4_IRQHandler
                0x08001530                GPDMA1_Channel5_IRQHandler
                0x08001530                EXTI8_IRQHandler
                0x08001530                LPTIM2_IRQHandler
                0x08001530                I2C3_ER_IRQHandler
                0x08001530                PWR_S3WU_IRQHandler
                0x08001530                LPDMA1_Channel3_IRQHandler
                0x08001530                LPTIM3_IRQHandler
                0x08001530                EXTI0_IRQHandler
                0x08001530                I2C2_EV_IRQHandler
                0x08001530                FPU_IRQHandler
                0x08001530                GPDMA1_Channel3_IRQHandler
                0x08001530                GPDMA1_Channel7_IRQHandler
                0x08001530                FDCAN1_IT1_IRQHandler
                0x08001530                RAMCFG_IRQHandler
                0x08001530                GPDMA1_Channel9_IRQHandler
                0x08001530                DCACHE1_IRQHandler
                0x08001530                SPI1_IRQHandler
                0x08001530                OCTOSPI1_IRQHandler
                0x08001530                GPDMA1_Channel2_IRQHandler
                0x08001530                TIM8_UP_IRQHandler
                0x08001530                RCC_S_IRQHandler
                0x08001530                MDF1_FLT1_IRQHandler
                0x08001530                ADC1_IRQHandler
                0x08001530                EXTI15_IRQHandler
                0x08001530                TIM17_IRQHandler
                0x08001530                USART3_IRQHandler
                0x08001530                RTC_IRQHandler
                0x08001530                EXTI9_IRQHandler
                0x08001530                UART5_IRQHandler
                0x08001530                TIM4_IRQHandler
                0x08001530                I2C1_EV_IRQHandler
                0x08001530                GPDMA1_Channel12_IRQHandler
                0x08001530                TIM16_IRQHandler
                0x08001530                GPDMA1_Channel15_IRQHandler
                0x08001530                UART4_IRQHandler
                0x08001530                SecureFault_Handler
                0x08001530                TIM3_IRQHandler
                0x08001530                RCC_IRQHandler
                0x08001530                TIM1_TRG_COM_IRQHandler
                0x08001530                Default_Handler
                0x08001530                GPDMA1_Channel8_IRQHandler
                0x08001530                FMAC_IRQHandler
                0x08001530                GPDMA1_Channel11_IRQHandler
                0x08001530                TIM7_IRQHandler
                0x08001530                SDMMC1_IRQHandler
                0x08001530                TIM5_IRQHandler
                0x08001530                TIM15_IRQHandler
                0x08001530                I2C3_EV_IRQHandler
                0x08001530                USB_IRQHandler
                0x08001530                LPDMA1_Channel0_IRQHandler
                0x08001530                PVD_PVM_IRQHandler
                0x08001530                SPI2_IRQHandler
                0x08001530                LPDMA1_Channel1_IRQHandler
                0x08001530                EXTI14_IRQHandler
                0x08001530                EXTI11_IRQHandler
                0x08001530                CRS_IRQHandler
                0x08001530                GPDMA1_Channel14_IRQHandler
                0x08001530                LSECSSD_IRQHandler
                0x08001530                EXTI4_IRQHandler
                0x08001530                RTC_S_IRQHandler
                0x08001530                GPDMA1_Channel13_IRQHandler
                0x08001530                RNG_IRQHandler
                0x08001530                COMP_IRQHandler
                0x08001530                TIM1_UP_IRQHandler
                0x08001530                ADC4_IRQHandler
                0x08001530                WWDG_IRQHandler
                0x08001530                I2C4_EV_IRQHandler
                0x08001530                ADF1_IRQHandler
                0x08001530                IWDG_IRQHandler
                0x08001530                LPUART1_IRQHandler
                0x08001530                MDF1_FLT0_IRQHandler
                0x08001530                FDCAN1_IT0_IRQHandler
                0x08001530                TIM2_IRQHandler
                0x08001530                GPDMA1_Channel4_IRQHandler
                0x08001530                EXTI7_IRQHandler
                0x08001530                TIM1_BRK_IRQHandler
                0x08001530                EXTI1_IRQHandler
                0x08001530                DAC1_IRQHandler
                0x08001530                GTZC_IRQHandler
                0x08001530                GPDMA1_Channel6_IRQHandler
                0x08001530                I2C2_ER_IRQHandler
                0x08001530                TIM8_BRK_IRQHandler
                0x08001530                FLASH_IRQHandler
                0x08001530                USART1_IRQHandler
                0x08001530                EXTI10_IRQHandler
                0x08001530                SPI3_IRQHandler
                0x08001530                LPDMA1_Channel2_IRQHandler
                0x08001530                I2C1_ER_IRQHandler
                0x08001530                EXTI6_IRQHandler
                0x08001530                LPTIM1_IRQHandler
                0x08001530                DCMI_PSSI_IRQHandler
                0x08001530                I2C4_ER_IRQHandler
                0x08001530                GPDMA1_Channel10_IRQHandler
                0x08001530                ICACHE_IRQHandler
                0x08001530                SAI1_IRQHandler
                0x08001530                HASH_IRQHandler
 *fill*         0x08001532        0x2 
 .text.HAL_Init
                0x08001534       0x60 ./Drivers/STM32U5xx_HAL_Driver/Src/stm32u5xx_hal.o
                0x08001534                HAL_Init
 .text.HAL_InitTick
                0x08001594       0xec ./Drivers/STM32U5xx_HAL_Driver/Src/stm32u5xx_hal.o
                0x08001594                HAL_InitTick
 .text.HAL_IncTick
                0x08001680       0x28 ./Drivers/STM32U5xx_HAL_Driver/Src/stm32u5xx_hal.o
                0x08001680                HAL_IncTick
 .text.HAL_GetTick
                0x080016a8       0x18 ./Drivers/STM32U5xx_HAL_Driver/Src/stm32u5xx_hal.o
                0x080016a8                HAL_GetTick
 .text.HAL_GetREVID
                0x080016c0       0x1c ./Drivers/STM32U5xx_HAL_Driver/Src/stm32u5xx_hal.o
                0x080016c0                HAL_GetREVID
 .text.LL_ADC_SetCommonClock
                0x080016dc       0x26 ./Drivers/STM32U5xx_HAL_Driver/Src/stm32u5xx_hal_adc.o
 .text.LL_ADC_SetCommonPathInternalCh
                0x08001702       0x26 ./Drivers/STM32U5xx_HAL_Driver/Src/stm32u5xx_hal_adc.o
 .text.LL_ADC_GetCommonPathInternalCh
                0x08001728       0x1c ./Drivers/STM32U5xx_HAL_Driver/Src/stm32u5xx_hal_adc.o
 .text.LL_ADC_SetResolution
                0x08001744       0x40 ./Drivers/STM32U5xx_HAL_Driver/Src/stm32u5xx_hal_adc.o
 .text.LL_ADC_SetOffset
                0x08001784       0x42 ./Drivers/STM32U5xx_HAL_Driver/Src/stm32u5xx_hal_adc.o
 .text.LL_ADC_GetOffsetChannel
                0x080017c6       0x58 ./Drivers/STM32U5xx_HAL_Driver/Src/stm32u5xx_hal_adc.o
 .text.LL_ADC_SetOffsetSign
                0x0800181e       0x36 ./Drivers/STM32U5xx_HAL_Driver/Src/stm32u5xx_hal_adc.o
 .text.LL_ADC_SetOffsetSignedSaturation
                0x08001854       0x36 ./Drivers/STM32U5xx_HAL_Driver/Src/stm32u5xx_hal_adc.o
 .text.LL_ADC_SetOffsetUnsignedSaturation
                0x0800188a       0x36 ./Drivers/STM32U5xx_HAL_Driver/Src/stm32u5xx_hal_adc.o
 .text.LL_ADC_SetGainCompensation
                0x080018c0       0x46 ./Drivers/STM32U5xx_HAL_Driver/Src/stm32u5xx_hal_adc.o
 .text.LL_ADC_SetSamplingTimeCommonChannels
                0x08001906       0x3e ./Drivers/STM32U5xx_HAL_Driver/Src/stm32u5xx_hal_adc.o
 .text.LL_ADC_REG_SetSequencerRanks
                0x08001944       0xc0 ./Drivers/STM32U5xx_HAL_Driver/Src/stm32u5xx_hal_adc.o
 .text.LL_ADC_REG_SetSequencerChAdd
                0x08001a04       0x66 ./Drivers/STM32U5xx_HAL_Driver/Src/stm32u5xx_hal_adc.o
 .text.LL_ADC_REG_SetSequencerChRem
                0x08001a6a       0x30 ./Drivers/STM32U5xx_HAL_Driver/Src/stm32u5xx_hal_adc.o
 *fill*         0x08001a9a        0x2 
 .text.LL_ADC_SetChannelSamplingTime
                0x08001a9c       0xc8 ./Drivers/STM32U5xx_HAL_Driver/Src/stm32u5xx_hal_adc.o
 .text.LL_ADC_SetChannelSingleDiff
                0x08001b64       0x48 ./Drivers/STM32U5xx_HAL_Driver/Src/stm32u5xx_hal_adc.o
 .text.LL_ADC_DisableDeepPowerDown
                0x08001bac       0x24 ./Drivers/STM32U5xx_HAL_Driver/Src/stm32u5xx_hal_adc.o
 .text.LL_ADC_IsDeepPowerDownEnabled
                0x08001bd0       0x28 ./Drivers/STM32U5xx_HAL_Driver/Src/stm32u5xx_hal_adc.o
 .text.LL_ADC_EnableInternalRegulator
                0x08001bf8       0x28 ./Drivers/STM32U5xx_HAL_Driver/Src/stm32u5xx_hal_adc.o
 .text.LL_ADC_IsInternalRegulatorEnabled
                0x08001c20       0x28 ./Drivers/STM32U5xx_HAL_Driver/Src/stm32u5xx_hal_adc.o
 .text.LL_ADC_IsEnabled
                0x08001c48       0x26 ./Drivers/STM32U5xx_HAL_Driver/Src/stm32u5xx_hal_adc.o
 .text.LL_ADC_REG_IsConversionOngoing
                0x08001c6e       0x26 ./Drivers/STM32U5xx_HAL_Driver/Src/stm32u5xx_hal_adc.o
 .text.LL_ADC_INJ_IsConversionOngoing
                0x08001c94       0x26 ./Drivers/STM32U5xx_HAL_Driver/Src/stm32u5xx_hal_adc.o
 *fill*         0x08001cba        0x2 
 .text.HAL_ADC_Init
                0x08001cbc      0x594 ./Drivers/STM32U5xx_HAL_Driver/Src/stm32u5xx_hal_adc.o
                0x08001cbc                HAL_ADC_Init
 .text.HAL_ADC_ConfigChannel
                0x08002250      0xd20 ./Drivers/STM32U5xx_HAL_Driver/Src/stm32u5xx_hal_adc.o
                0x08002250                HAL_ADC_ConfigChannel
 .text.__NVIC_SetPriorityGrouping
                0x08002f70       0x48 ./Drivers/STM32U5xx_HAL_Driver/Src/stm32u5xx_hal_cortex.o
 .text.__NVIC_GetPriorityGrouping
                0x08002fb8       0x1c ./Drivers/STM32U5xx_HAL_Driver/Src/stm32u5xx_hal_cortex.o
 .text.__NVIC_EnableIRQ
                0x08002fd4       0x3c ./Drivers/STM32U5xx_HAL_Driver/Src/stm32u5xx_hal_cortex.o
 .text.__NVIC_SetPriority
                0x08003010       0x54 ./Drivers/STM32U5xx_HAL_Driver/Src/stm32u5xx_hal_cortex.o
 .text.NVIC_EncodePriority
                0x08003064       0x66 ./Drivers/STM32U5xx_HAL_Driver/Src/stm32u5xx_hal_cortex.o
 .text.HAL_NVIC_SetPriorityGrouping
                0x080030ca       0x16 ./Drivers/STM32U5xx_HAL_Driver/Src/stm32u5xx_hal_cortex.o
                0x080030ca                HAL_NVIC_SetPriorityGrouping
 .text.HAL_NVIC_SetPriority
                0x080030e0       0x34 ./Drivers/STM32U5xx_HAL_Driver/Src/stm32u5xx_hal_cortex.o
                0x080030e0                HAL_NVIC_SetPriority
 .text.HAL_NVIC_EnableIRQ
                0x08003114       0x1c ./Drivers/STM32U5xx_HAL_Driver/Src/stm32u5xx_hal_cortex.o
                0x08003114                HAL_NVIC_EnableIRQ
 .text.HAL_SYSTICK_Config
                0x08003130       0x44 ./Drivers/STM32U5xx_HAL_Driver/Src/stm32u5xx_hal_cortex.o
                0x08003130                HAL_SYSTICK_Config
 .text.HAL_SYSTICK_CLKSourceConfig
                0x08003174       0xb0 ./Drivers/STM32U5xx_HAL_Driver/Src/stm32u5xx_hal_cortex.o
                0x08003174                HAL_SYSTICK_CLKSourceConfig
 .text.HAL_SYSTICK_GetCLKSourceConfig
                0x08003224       0x74 ./Drivers/STM32U5xx_HAL_Driver/Src/stm32u5xx_hal_cortex.o
                0x08003224                HAL_SYSTICK_GetCLKSourceConfig
 .text.HAL_DMA_IRQHandler
                0x08003298      0x2c2 ./Drivers/STM32U5xx_HAL_Driver/Src/stm32u5xx_hal_dma.o
                0x08003298                HAL_DMA_IRQHandler
 .text.HAL_DMA_ConfigChannelAttributes
                0x0800355a       0x78 ./Drivers/STM32U5xx_HAL_Driver/Src/stm32u5xx_hal_dma.o
                0x0800355a                HAL_DMA_ConfigChannelAttributes
 *fill*         0x080035d2        0x2 
 .text.HAL_DMAEx_List_Init
                0x080035d4      0x258 ./Drivers/STM32U5xx_HAL_Driver/Src/stm32u5xx_hal_dma_ex.o
                0x080035d4                HAL_DMAEx_List_Init
 .text.HAL_DMAEx_List_Start_IT
                0x0800382c      0x128 ./Drivers/STM32U5xx_HAL_Driver/Src/stm32u5xx_hal_dma_ex.o
                0x0800382c                HAL_DMAEx_List_Start_IT
 .text.HAL_DMAEx_List_BuildNode
                0x08003954       0x2c ./Drivers/STM32U5xx_HAL_Driver/Src/stm32u5xx_hal_dma_ex.o
                0x08003954                HAL_DMAEx_List_BuildNode
 .text.HAL_DMAEx_List_GetNodeConfig
                0x08003980       0x2c ./Drivers/STM32U5xx_HAL_Driver/Src/stm32u5xx_hal_dma_ex.o
                0x08003980                HAL_DMAEx_List_GetNodeConfig
 .text.HAL_DMAEx_List_InsertNode
                0x080039ac      0x192 ./Drivers/STM32U5xx_HAL_Driver/Src/stm32u5xx_hal_dma_ex.o
                0x080039ac                HAL_DMAEx_List_InsertNode
 .text.HAL_DMAEx_List_SetCircularMode
                0x08003b3e       0xc0 ./Drivers/STM32U5xx_HAL_Driver/Src/stm32u5xx_hal_dma_ex.o
                0x08003b3e                HAL_DMAEx_List_SetCircularMode
 *fill*         0x08003bfe        0x2 
 .text.HAL_DMAEx_List_LinkQ
                0x08003c00      0x12c ./Drivers/STM32U5xx_HAL_Driver/Src/stm32u5xx_hal_dma_ex.o
                0x08003c00                HAL_DMAEx_List_LinkQ
 .text.DMA_List_Init
                0x08003d2c      0x2b0 ./Drivers/STM32U5xx_HAL_Driver/Src/stm32u5xx_hal_dma_ex.o
 .text.DMA_List_BuildNode
                0x08003fdc      0x2b0 ./Drivers/STM32U5xx_HAL_Driver/Src/stm32u5xx_hal_dma_ex.o
 .text.DMA_List_GetNodeConfig
                0x0800428c      0x214 ./Drivers/STM32U5xx_HAL_Driver/Src/stm32u5xx_hal_dma_ex.o
 .text.DMA_List_CheckNodesBaseAddresses
                0x080044a0       0x60 ./Drivers/STM32U5xx_HAL_Driver/Src/stm32u5xx_hal_dma_ex.o
 .text.DMA_List_CheckNodesTypes
                0x08004500       0x78 ./Drivers/STM32U5xx_HAL_Driver/Src/stm32u5xx_hal_dma_ex.o
 .text.DMA_List_GetCLLRNodeInfo
                0x08004578       0x60 ./Drivers/STM32U5xx_HAL_Driver/Src/stm32u5xx_hal_dma_ex.o
 .text.DMA_List_FindNode
                0x080045d8      0x13e ./Drivers/STM32U5xx_HAL_Driver/Src/stm32u5xx_hal_dma_ex.o
 *fill*         0x08004716        0x2 
 .text.HAL_GPIO_Init
                0x08004718      0x3b0 ./Drivers/STM32U5xx_HAL_Driver/Src/stm32u5xx_hal_gpio.o
                0x08004718                HAL_GPIO_Init
 .text.HAL_GPIO_WritePin
                0x08004ac8       0x30 ./Drivers/STM32U5xx_HAL_Driver/Src/stm32u5xx_hal_gpio.o
                0x08004ac8                HAL_GPIO_WritePin
 .text.HAL_ICACHE_ConfigAssociativityMode
                0x08004af8       0x40 ./Drivers/STM32U5xx_HAL_Driver/Src/stm32u5xx_hal_icache.o
                0x08004af8                HAL_ICACHE_ConfigAssociativityMode
 .text.HAL_ICACHE_Enable
                0x08004b38       0x20 ./Drivers/STM32U5xx_HAL_Driver/Src/stm32u5xx_hal_icache.o
                0x08004b38                HAL_ICACHE_Enable
 .text.HAL_LPTIM_Init
                0x08004b58      0x200 ./Drivers/STM32U5xx_HAL_Driver/Src/stm32u5xx_hal_lptim.o
                0x08004b58                HAL_LPTIM_Init
 .text.HAL_LPTIM_IC_Start
                0x08004d58       0xc4 ./Drivers/STM32U5xx_HAL_Driver/Src/stm32u5xx_hal_lptim.o
                0x08004d58                HAL_LPTIM_IC_Start
 .text.HAL_LPTIM_OC_ConfigChannel
                0x08004e1c       0x66 ./Drivers/STM32U5xx_HAL_Driver/Src/stm32u5xx_hal_lptim.o
                0x08004e1c                HAL_LPTIM_OC_ConfigChannel
 *fill*         0x08004e82        0x2 
 .text.LPTIM_WaitForFlag
                0x08004e84       0x60 ./Drivers/STM32U5xx_HAL_Driver/Src/stm32u5xx_hal_lptim.o
 .text.LPTIM_OC1_SetConfig
                0x08004ee4       0xcc ./Drivers/STM32U5xx_HAL_Driver/Src/stm32u5xx_hal_lptim.o
 .text.LPTIM_OC2_SetConfig
                0x08004fb0       0x9c ./Drivers/STM32U5xx_HAL_Driver/Src/stm32u5xx_hal_lptim.o
 .text.HAL_PWREx_ControlVoltageScaling
                0x0800504c       0xfc ./Drivers/STM32U5xx_HAL_Driver/Src/stm32u5xx_hal_pwr_ex.o
                0x0800504c                HAL_PWREx_ControlVoltageScaling
 .text.HAL_PWREx_GetVoltageRange
                0x08005148       0x1c ./Drivers/STM32U5xx_HAL_Driver/Src/stm32u5xx_hal_pwr_ex.o
                0x08005148                HAL_PWREx_GetVoltageRange
 .text.HAL_PWREx_EnableVddA
                0x08005164       0x20 ./Drivers/STM32U5xx_HAL_Driver/Src/stm32u5xx_hal_pwr_ex.o
                0x08005164                HAL_PWREx_EnableVddA
 .text.HAL_RCC_OscConfig
                0x08005184      0xdb8 ./Drivers/STM32U5xx_HAL_Driver/Src/stm32u5xx_hal_rcc.o
                0x08005184                HAL_RCC_OscConfig
 .text.HAL_RCC_ClockConfig
                0x08005f3c      0x3e4 ./Drivers/STM32U5xx_HAL_Driver/Src/stm32u5xx_hal_rcc.o
                0x08005f3c                HAL_RCC_ClockConfig
 .text.HAL_RCC_GetSysClockFreq
                0x08006320      0x204 ./Drivers/STM32U5xx_HAL_Driver/Src/stm32u5xx_hal_rcc.o
                0x08006320                HAL_RCC_GetSysClockFreq
 .text.HAL_RCC_GetHCLKFreq
                0x08006524       0x34 ./Drivers/STM32U5xx_HAL_Driver/Src/stm32u5xx_hal_rcc.o
                0x08006524                HAL_RCC_GetHCLKFreq
 .text.RCC_SetFlashLatencyFromMSIRange
                0x08006558      0x10c ./Drivers/STM32U5xx_HAL_Driver/Src/stm32u5xx_hal_rcc.o
 .text.HAL_RCCEx_PeriphCLKConfig
                0x08006664      0xa44 ./Drivers/STM32U5xx_HAL_Driver/Src/stm32u5xx_hal_rcc_ex.o
                0x08006664                HAL_RCCEx_PeriphCLKConfig
 .text.RCCEx_PLL2_Config
                0x080070a8      0x130 ./Drivers/STM32U5xx_HAL_Driver/Src/stm32u5xx_hal_rcc_ex.o
 .text.RCCEx_PLL3_Config
                0x080071d8      0x130 ./Drivers/STM32U5xx_HAL_Driver/Src/stm32u5xx_hal_rcc_ex.o
 .text.HAL_SPI_Init
                0x08007308      0x22c ./Drivers/STM32U5xx_HAL_Driver/Src/stm32u5xx_hal_spi.o
                0x08007308                HAL_SPI_Init
 .text.SPI_GetPacketSize
                0x08007534       0x36 ./Drivers/STM32U5xx_HAL_Driver/Src/stm32u5xx_hal_spi.o
 .text.HAL_SPIEx_SetConfigAutonomousMode
                0x0800756a       0x82 ./Drivers/STM32U5xx_HAL_Driver/Src/stm32u5xx_hal_spi_ex.o
                0x0800756a                HAL_SPIEx_SetConfigAutonomousMode
 .text.HAL_TIM_Base_Init
                0x080075ec       0xae ./Drivers/STM32U5xx_HAL_Driver/Src/stm32u5xx_hal_tim.o
                0x080075ec                HAL_TIM_Base_Init
 .text.HAL_TIM_PWM_Init
                0x0800769a       0xae ./Drivers/STM32U5xx_HAL_Driver/Src/stm32u5xx_hal_tim.o
                0x0800769a                HAL_TIM_PWM_Init
 .text.HAL_TIM_PWM_MspInit
                0x08007748       0x14 ./Drivers/STM32U5xx_HAL_Driver/Src/stm32u5xx_hal_tim.o
                0x08007748                HAL_TIM_PWM_MspInit
 .text.HAL_TIM_Encoder_Init
                0x0800775c      0x14c ./Drivers/STM32U5xx_HAL_Driver/Src/stm32u5xx_hal_tim.o
                0x0800775c                HAL_TIM_Encoder_Init
 .text.HAL_TIM_PWM_ConfigChannel
                0x080078a8      0x228 ./Drivers/STM32U5xx_HAL_Driver/Src/stm32u5xx_hal_tim.o
                0x080078a8                HAL_TIM_PWM_ConfigChannel
 .text.HAL_TIM_ConfigClockSource
                0x08007ad0      0x204 ./Drivers/STM32U5xx_HAL_Driver/Src/stm32u5xx_hal_tim.o
                0x08007ad0                HAL_TIM_ConfigClockSource
 .text.TIM_Base_SetConfig
                0x08007cd4      0x200 ./Drivers/STM32U5xx_HAL_Driver/Src/stm32u5xx_hal_tim.o
                0x08007cd4                TIM_Base_SetConfig
 .text.TIM_OC1_SetConfig
                0x08007ed4      0x184 ./Drivers/STM32U5xx_HAL_Driver/Src/stm32u5xx_hal_tim.o
 .text.TIM_OC2_SetConfig
                0x08008058      0x160 ./Drivers/STM32U5xx_HAL_Driver/Src/stm32u5xx_hal_tim.o
                0x08008058                TIM_OC2_SetConfig
 .text.TIM_OC3_SetConfig
                0x080081b8      0x15c ./Drivers/STM32U5xx_HAL_Driver/Src/stm32u5xx_hal_tim.o
 .text.TIM_OC4_SetConfig
                0x08008314      0x160 ./Drivers/STM32U5xx_HAL_Driver/Src/stm32u5xx_hal_tim.o
 .text.TIM_OC5_SetConfig
                0x08008474      0x104 ./Drivers/STM32U5xx_HAL_Driver/Src/stm32u5xx_hal_tim.o
 .text.TIM_OC6_SetConfig
                0x08008578      0x108 ./Drivers/STM32U5xx_HAL_Driver/Src/stm32u5xx_hal_tim.o
 .text.TIM_TI1_ConfigInputStage
                0x08008680       0x5e ./Drivers/STM32U5xx_HAL_Driver/Src/stm32u5xx_hal_tim.o
 .text.TIM_TI2_ConfigInputStage
                0x080086de       0x60 ./Drivers/STM32U5xx_HAL_Driver/Src/stm32u5xx_hal_tim.o
 .text.TIM_ITRx_SetConfig
                0x0800873e       0x3a ./Drivers/STM32U5xx_HAL_Driver/Src/stm32u5xx_hal_tim.o
 .text.TIM_ETR_SetConfig
                0x08008778       0x40 ./Drivers/STM32U5xx_HAL_Driver/Src/stm32u5xx_hal_tim.o
                0x08008778                TIM_ETR_SetConfig
 .text.HAL_TIMEx_MasterConfigSynchronization
                0x080087b8      0x184 ./Drivers/STM32U5xx_HAL_Driver/Src/stm32u5xx_hal_tim_ex.o
                0x080087b8                HAL_TIMEx_MasterConfigSynchronization
 .text.HAL_TIMEx_ConfigBreakDeadTime
                0x0800893c      0x134 ./Drivers/STM32U5xx_HAL_Driver/Src/stm32u5xx_hal_tim_ex.o
                0x0800893c                HAL_TIMEx_ConfigBreakDeadTime
 .text.Sensor_TurnOffLED
                0x08008a70       0x50 ./Pheripheral/Src/ir_sensor.o
                0x08008a70                Sensor_TurnOffLED
 .text.Sensor_TurnOnLED
                0x08008ac0       0x28 ./Pheripheral/Src/ir_sensor.o
                0x08008ac0                Sensor_TurnOnLED
 .text.Sensor_Initialize
                0x08008ae8      0x124 ./Pheripheral/Src/ir_sensor.o
                0x08008ae8                Sensor_Initialize
 .text.memset   0x08008c0c       0x10 C:/ST/STM32CubeIDE_1.18.1/STM32CubeIDE/plugins/com.st.stm32cube.ide.mcu.externaltools.gnu-tools-for-stm32.13.3.rel1.win32_1.0.0.202411081344/tools/bin/../lib/gcc/arm-none-eabi/13.3.1/../../../../arm-none-eabi/lib/thumb/v8-m.main+fp/hard\libc_nano.a(libc_a-memset.o)
                0x08008c0c                memset
 .text.__libc_init_array
                0x08008c1c       0x48 C:/ST/STM32CubeIDE_1.18.1/STM32CubeIDE/plugins/com.st.stm32cube.ide.mcu.externaltools.gnu-tools-for-stm32.13.3.rel1.win32_1.0.0.202411081344/tools/bin/../lib/gcc/arm-none-eabi/13.3.1/../../../../arm-none-eabi/lib/thumb/v8-m.main+fp/hard\libc_nano.a(libc_a-init.o)
                0x08008c1c                __libc_init_array
 *(.glue_7)
 .glue_7        0x08008c64        0x0 linker stubs
 *(.glue_7t)
 .glue_7t       0x08008c64        0x0 linker stubs
 *(.eh_frame)
 .eh_frame      0x08008c64        0x0 C:/ST/STM32CubeIDE_1.18.1/STM32CubeIDE/plugins/com.st.stm32cube.ide.mcu.externaltools.gnu-tools-for-stm32.13.3.rel1.win32_1.0.0.202411081344/tools/bin/../lib/gcc/arm-none-eabi/13.3.1/thumb/v8-m.main+fp/hard/crtbegin.o
 *(.init)
 .init          0x08008c64        0x4 C:/ST/STM32CubeIDE_1.18.1/STM32CubeIDE/plugins/com.st.stm32cube.ide.mcu.externaltools.gnu-tools-for-stm32.13.3.rel1.win32_1.0.0.202411081344/tools/bin/../lib/gcc/arm-none-eabi/13.3.1/thumb/v8-m.main+fp/hard/crti.o
                0x08008c64                _init
 .init          0x08008c68        0x8 C:/ST/STM32CubeIDE_1.18.1/STM32CubeIDE/plugins/com.st.stm32cube.ide.mcu.externaltools.gnu-tools-for-stm32.13.3.rel1.win32_1.0.0.202411081344/tools/bin/../lib/gcc/arm-none-eabi/13.3.1/thumb/v8-m.main+fp/hard/crtn.o
 *(.fini)
 .fini          0x08008c70        0x4 C:/ST/STM32CubeIDE_1.18.1/STM32CubeIDE/plugins/com.st.stm32cube.ide.mcu.externaltools.gnu-tools-for-stm32.13.3.rel1.win32_1.0.0.202411081344/tools/bin/../lib/gcc/arm-none-eabi/13.3.1/thumb/v8-m.main+fp/hard/crti.o
                0x08008c70                _fini
 .fini          0x08008c74        0x8 C:/ST/STM32CubeIDE_1.18.1/STM32CubeIDE/plugins/com.st.stm32cube.ide.mcu.externaltools.gnu-tools-for-stm32.13.3.rel1.win32_1.0.0.202411081344/tools/bin/../lib/gcc/arm-none-eabi/13.3.1/thumb/v8-m.main+fp/hard/crtn.o
                0x08008c7c                        _etext = .

.vfp11_veneer   0x08008c7c        0x0
 .vfp11_veneer  0x08008c7c        0x0 linker stubs

.v4_bx          0x08008c7c        0x0
 .v4_bx         0x08008c7c        0x0 linker stubs

.iplt           0x08008c7c        0x0
 .iplt          0x08008c7c        0x0 C:/ST/STM32CubeIDE_1.18.1/STM32CubeIDE/plugins/com.st.stm32cube.ide.mcu.externaltools.gnu-tools-for-stm32.13.3.rel1.win32_1.0.0.202411081344/tools/bin/../lib/gcc/arm-none-eabi/13.3.1/thumb/v8-m.main+fp/hard/crtbegin.o

.rodata         0x08008c7c       0xd0
 *(.rodata)
 *(.rodata*)
 .rodata.AHBPrescTable
                0x08008c7c       0x10 ./Core/Src/system_stm32u5xx.o
                0x08008c7c                AHBPrescTable
 .rodata.MSIRangeTable
                0x08008c8c       0x40 ./Core/Src/system_stm32u5xx.o
                0x08008c8c                MSIRangeTable
 .rodata.LPGPIO_Map
                0x08008ccc       0x80 ./Drivers/STM32U5xx_HAL_Driver/Src/stm32u5xx_hal_gpio.o

.ARM.extab
 *(.ARM.extab* .gnu.linkonce.armextab.*)

.ARM            0x08008d4c        0x0
                0x08008d4c                        __exidx_start = .
 *(.ARM.exidx*)
                0x08008d4c                        __exidx_end = .

.preinit_array  0x08008d4c        0x0
                0x08008d4c                        PROVIDE (__preinit_array_start = .)
 *(.preinit_array*)
                0x08008d4c                        PROVIDE (__preinit_array_end = .)

.init_array     0x08008d4c        0x4
                0x08008d4c                        PROVIDE (__init_array_start = .)
 *(SORT_BY_NAME(.init_array.*))
 *(.init_array*)
 .init_array    0x08008d4c        0x4 C:/ST/STM32CubeIDE_1.18.1/STM32CubeIDE/plugins/com.st.stm32cube.ide.mcu.externaltools.gnu-tools-for-stm32.13.3.rel1.win32_1.0.0.202411081344/tools/bin/../lib/gcc/arm-none-eabi/13.3.1/thumb/v8-m.main+fp/hard/crtbegin.o
                0x08008d50                        PROVIDE (__init_array_end = .)

.fini_array     0x08008d50        0x4
                [!provide]                        PROVIDE (__fini_array_start = .)
 *(SORT_BY_NAME(.fini_array.*))
 *(.fini_array*)
 .fini_array    0x08008d50        0x4 C:/ST/STM32CubeIDE_1.18.1/STM32CubeIDE/plugins/com.st.stm32cube.ide.mcu.externaltools.gnu-tools-for-stm32.13.3.rel1.win32_1.0.0.202411081344/tools/bin/../lib/gcc/arm-none-eabi/13.3.1/thumb/v8-m.main+fp/hard/crtbegin.o
                [!provide]                        PROVIDE (__fini_array_end = .)
                0x08008d54                        _sidata = LOADADDR (.data)

.rel.dyn        0x08008d54        0x0
 .rel.iplt      0x08008d54        0x0 C:/ST/STM32CubeIDE_1.18.1/STM32CubeIDE/plugins/com.st.stm32cube.ide.mcu.externaltools.gnu-tools-for-stm32.13.3.rel1.win32_1.0.0.202411081344/tools/bin/../lib/gcc/arm-none-eabi/13.3.1/thumb/v8-m.main+fp/hard/crtbegin.o

.data           0x20000000        0x9 load address 0x08008d54
                0x20000000                        _sdata = .
 *(.data)
 *(.data*)
 .data.SystemCoreClock
                0x20000000        0x4 ./Core/Src/system_stm32u5xx.o
                0x20000000                SystemCoreClock
 .data.uwTickPrio
                0x20000004        0x4 ./Drivers/STM32U5xx_HAL_Driver/Src/stm32u5xx_hal.o
                0x20000004                uwTickPrio
 .data.uwTickFreq
                0x20000008        0x1 ./Drivers/STM32U5xx_HAL_Driver/Src/stm32u5xx_hal.o
                0x20000008                uwTickFreq
 *(.RamFunc)
 *(.RamFunc*)
                0x20000009                        _edata = .

.igot.plt       0x2000000c        0x0 load address 0x08008d5d
 .igot.plt      0x2000000c        0x0 C:/ST/STM32CubeIDE_1.18.1/STM32CubeIDE/plugins/com.st.stm32cube.ide.mcu.externaltools.gnu-tools-for-stm32.13.3.rel1.win32_1.0.0.202411081344/tools/bin/../lib/gcc/arm-none-eabi/13.3.1/thumb/v8-m.main+fp/hard/crtbegin.o

.bss            0x2000000c      0x500 load address 0x08008d5d
                0x2000000c                        _sbss = .
                0x2000000c                        __bss_start__ = _sbss
 *(.bss)
 .bss           0x2000000c       0x1c C:/ST/STM32CubeIDE_1.18.1/STM32CubeIDE/plugins/com.st.stm32cube.ide.mcu.externaltools.gnu-tools-for-stm32.13.3.rel1.win32_1.0.0.202411081344/tools/bin/../lib/gcc/arm-none-eabi/13.3.1/thumb/v8-m.main+fp/hard/crtbegin.o
 *(.bss*)
 .bss.hadc1     0x20000028       0x8c ./Core/Src/adc.o
                0x20000028                hadc1
 .bss.hadc4     0x200000b4       0x8c ./Core/Src/adc.o
                0x200000b4                hadc4
 .bss.Node_GPDMA1_Channel1
                0x20000140       0x24 ./Core/Src/gpdma.o
                0x20000140                Node_GPDMA1_Channel1
 .bss.List_GPDMA1_Channel1
                0x20000164       0x18 ./Core/Src/gpdma.o
                0x20000164                List_GPDMA1_Channel1
 .bss.handle_GPDMA1_Channel1
                0x2000017c       0x78 ./Core/Src/gpdma.o
                0x2000017c                handle_GPDMA1_Channel1
 .bss.Node_GPDMA1_Channel0
                0x200001f4       0x24 ./Core/Src/gpdma.o
                0x200001f4                Node_GPDMA1_Channel0
 .bss.List_GPDMA1_Channel0
                0x20000218       0x18 ./Core/Src/gpdma.o
                0x20000218                List_GPDMA1_Channel0
 .bss.handle_GPDMA1_Channel0
                0x20000230       0x78 ./Core/Src/gpdma.o
                0x20000230                handle_GPDMA1_Channel0
 .bss.hlptim1   0x200002a8       0x50 ./Core/Src/lptim.o
                0x200002a8                hlptim1
 .bss.hspi2     0x200002f8       0x90 ./Core/Src/spi.o
                0x200002f8                hspi2
 .bss.htim2     0x20000388       0x4c ./Core/Src/tim.o
                0x20000388                htim2
 .bss.htim3     0x200003d4       0x4c ./Core/Src/tim.o
                0x200003d4                htim3
 .bss.htim4     0x20000420       0x4c ./Core/Src/tim.o
                0x20000420                htim4
 .bss.htim8     0x2000046c       0x4c ./Core/Src/tim.o
                0x2000046c                htim8
 .bss.uwTick    0x200004b8        0x4 ./Drivers/STM32U5xx_HAL_Driver/Src/stm32u5xx_hal.o
                0x200004b8                uwTick
 .bss.led_on_pattern
                0x200004bc       0x28 ./Pheripheral/Src/ir_sensor.o
 .bss.led_off_pattern
                0x200004e4       0x28 ./Pheripheral/Src/ir_sensor.o
 *(COMMON)
                0x2000050c                        _ebss = .
                0x2000050c                        __bss_end__ = _ebss

._user_heap_stack
                0x2000050c      0x604 load address 0x08008d5d
                0x20000510                        . = ALIGN (0x8)
 *fill*         0x2000050c        0x4 
                [!provide]                        PROVIDE (end = .)
                0x20000510                        PROVIDE (_end = .)
                0x20000710                        . = (. + _Min_Heap_Size)
 *fill*         0x20000510      0x200 
                0x20000b10                        . = (. + _Min_Stack_Size)
 *fill*         0x20000710      0x400 
                0x20000b10                        . = ALIGN (0x8)

/DISCARD/
 libc.a(*)
 libm.a(*)
 libgcc.a(*)

.ARM.attributes
                0x00000000       0x36
 *(.ARM.attributes)
 .ARM.attributes
                0x00000000       0x26 C:/ST/STM32CubeIDE_1.18.1/STM32CubeIDE/plugins/com.st.stm32cube.ide.mcu.externaltools.gnu-tools-for-stm32.13.3.rel1.win32_1.0.0.202411081344/tools/bin/../lib/gcc/arm-none-eabi/13.3.1/thumb/v8-m.main+fp/hard/crti.o
 .ARM.attributes
                0x00000026       0x38 C:/ST/STM32CubeIDE_1.18.1/STM32CubeIDE/plugins/com.st.stm32cube.ide.mcu.externaltools.gnu-tools-for-stm32.13.3.rel1.win32_1.0.0.202411081344/tools/bin/../lib/gcc/arm-none-eabi/13.3.1/thumb/v8-m.main+fp/hard/crtbegin.o
 .ARM.attributes
                0x0000005e       0x3a ./Core/Src/adc.o
 .ARM.attributes
                0x00000098       0x3a ./Core/Src/gpdma.o
 .ARM.attributes
                0x000000d2       0x3a ./Core/Src/gpio.o
 .ARM.attributes
                0x0000010c       0x3a ./Core/Src/icache.o
 .ARM.attributes
                0x00000146       0x3a ./Core/Src/lptim.o
 .ARM.attributes
                0x00000180       0x3a ./Core/Src/main.o
 .ARM.attributes
                0x000001ba       0x3a ./Core/Src/spi.o
 .ARM.attributes
                0x000001f4       0x3a ./Core/Src/stm32u5xx_hal_msp.o
 .ARM.attributes
                0x0000022e       0x3a ./Core/Src/stm32u5xx_it.o
 .ARM.attributes
                0x00000268       0x3a ./Core/Src/system_stm32u5xx.o
 .ARM.attributes
                0x000002a2       0x3a ./Core/Src/tim.o
 .ARM.attributes
                0x000002dc       0x24 ./Core/Startup/startup_stm32u535cetx.o
 .ARM.attributes
                0x00000300       0x3a ./Drivers/STM32U5xx_HAL_Driver/Src/stm32u5xx_hal.o
 .ARM.attributes
                0x0000033a       0x3a ./Drivers/STM32U5xx_HAL_Driver/Src/stm32u5xx_hal_adc.o
 .ARM.attributes
                0x00000374       0x3a ./Drivers/STM32U5xx_HAL_Driver/Src/stm32u5xx_hal_cortex.o
 .ARM.attributes
                0x000003ae       0x3a ./Drivers/STM32U5xx_HAL_Driver/Src/stm32u5xx_hal_dma.o
 .ARM.attributes
                0x000003e8       0x3a ./Drivers/STM32U5xx_HAL_Driver/Src/stm32u5xx_hal_dma_ex.o
 .ARM.attributes
                0x00000422       0x3a ./Drivers/STM32U5xx_HAL_Driver/Src/stm32u5xx_hal_gpio.o
 .ARM.attributes
                0x0000045c       0x3a ./Drivers/STM32U5xx_HAL_Driver/Src/stm32u5xx_hal_icache.o
 .ARM.attributes
                0x00000496       0x3a ./Drivers/STM32U5xx_HAL_Driver/Src/stm32u5xx_hal_lptim.o
 .ARM.attributes
                0x000004d0       0x3a ./Drivers/STM32U5xx_HAL_Driver/Src/stm32u5xx_hal_pwr_ex.o
 .ARM.attributes
                0x0000050a       0x3a ./Drivers/STM32U5xx_HAL_Driver/Src/stm32u5xx_hal_rcc.o
 .ARM.attributes
                0x00000544       0x3a ./Drivers/STM32U5xx_HAL_Driver/Src/stm32u5xx_hal_rcc_ex.o
 .ARM.attributes
                0x0000057e       0x3a ./Drivers/STM32U5xx_HAL_Driver/Src/stm32u5xx_hal_spi.o
 .ARM.attributes
                0x000005b8       0x3a ./Drivers/STM32U5xx_HAL_Driver/Src/stm32u5xx_hal_spi_ex.o
 .ARM.attributes
                0x000005f2       0x3a ./Drivers/STM32U5xx_HAL_Driver/Src/stm32u5xx_hal_tim.o
 .ARM.attributes
                0x0000062c       0x3a ./Drivers/STM32U5xx_HAL_Driver/Src/stm32u5xx_hal_tim_ex.o
 .ARM.attributes
                0x00000666       0x3a ./Pheripheral/Src/ir_sensor.o
 .ARM.attributes
                0x000006a0       0x38 C:/ST/STM32CubeIDE_1.18.1/STM32CubeIDE/plugins/com.st.stm32cube.ide.mcu.externaltools.gnu-tools-for-stm32.13.3.rel1.win32_1.0.0.202411081344/tools/bin/../lib/gcc/arm-none-eabi/13.3.1/../../../../arm-none-eabi/lib/thumb/v8-m.main+fp/hard\libc_nano.a(libc_a-memset.o)
 .ARM.attributes
                0x000006d8       0x38 C:/ST/STM32CubeIDE_1.18.1/STM32CubeIDE/plugins/com.st.stm32cube.ide.mcu.externaltools.gnu-tools-for-stm32.13.3.rel1.win32_1.0.0.202411081344/tools/bin/../lib/gcc/arm-none-eabi/13.3.1/../../../../arm-none-eabi/lib/thumb/v8-m.main+fp/hard\libc_nano.a(libc_a-init.o)
 .ARM.attributes
                0x00000710       0x26 C:/ST/STM32CubeIDE_1.18.1/STM32CubeIDE/plugins/com.st.stm32cube.ide.mcu.externaltools.gnu-tools-for-stm32.13.3.rel1.win32_1.0.0.202411081344/tools/bin/../lib/gcc/arm-none-eabi/13.3.1/thumb/v8-m.main+fp/hard/crtn.o
OUTPUT(type8.elf elf32-littlearm)
LOAD linker stubs
LOAD C:/ST/STM32CubeIDE_1.18.1/STM32CubeIDE/plugins/com.st.stm32cube.ide.mcu.externaltools.gnu-tools-for-stm32.13.3.rel1.win32_1.0.0.202411081344/tools/bin/../lib/gcc/arm-none-eabi/13.3.1/../../../../arm-none-eabi/lib/thumb/v8-m.main+fp/hard\libc.a
LOAD C:/ST/STM32CubeIDE_1.18.1/STM32CubeIDE/plugins/com.st.stm32cube.ide.mcu.externaltools.gnu-tools-for-stm32.13.3.rel1.win32_1.0.0.202411081344/tools/bin/../lib/gcc/arm-none-eabi/13.3.1/../../../../arm-none-eabi/lib/thumb/v8-m.main+fp/hard\libm.a
LOAD C:/ST/STM32CubeIDE_1.18.1/STM32CubeIDE/plugins/com.st.stm32cube.ide.mcu.externaltools.gnu-tools-for-stm32.13.3.rel1.win32_1.0.0.202411081344/tools/bin/../lib/gcc/arm-none-eabi/13.3.1/thumb/v8-m.main+fp/hard\libgcc.a

.debug_info     0x00000000    0x1d307
 .debug_info    0x00000000     0x1545 ./Core/Src/adc.o
 .debug_info    0x00001545      0xf1b ./Core/Src/gpdma.o
 .debug_info    0x00002460      0x6b2 ./Core/Src/gpio.o
 .debug_info    0x00002b12      0x1c1 ./Core/Src/icache.o
 .debug_info    0x00002cd3     0x10b7 ./Core/Src/lptim.o
 .debug_info    0x00003d8a      0x79d ./Core/Src/main.o
 .debug_info    0x00004527     0x12d6 ./Core/Src/spi.o
 .debug_info    0x000057fd      0x4ce ./Core/Src/stm32u5xx_hal_msp.o
 .debug_info    0x00005ccb      0x664 ./Core/Src/stm32u5xx_it.o
 .debug_info    0x0000632f      0x9b9 ./Core/Src/system_stm32u5xx.o
 .debug_info    0x00006ce8     0x1518 ./Core/Src/tim.o
 .debug_info    0x00008200       0x30 ./Core/Startup/startup_stm32u535cetx.o
 .debug_info    0x00008230     0x1195 ./Drivers/STM32U5xx_HAL_Driver/Src/stm32u5xx_hal.o
 .debug_info    0x000093c5     0x270e ./Drivers/STM32U5xx_HAL_Driver/Src/stm32u5xx_hal_adc.o
 .debug_info    0x0000bad3     0x1699 ./Drivers/STM32U5xx_HAL_Driver/Src/stm32u5xx_hal_cortex.o
 .debug_info    0x0000d16c      0xb95 ./Drivers/STM32U5xx_HAL_Driver/Src/stm32u5xx_hal_dma.o
 .debug_info    0x0000dd01     0x19af ./Drivers/STM32U5xx_HAL_Driver/Src/stm32u5xx_hal_dma_ex.o
 .debug_info    0x0000f6b0      0x8ff ./Drivers/STM32U5xx_HAL_Driver/Src/stm32u5xx_hal_gpio.o
 .debug_info    0x0000ffaf      0x592 ./Drivers/STM32U5xx_HAL_Driver/Src/stm32u5xx_hal_icache.o
 .debug_info    0x00010541     0x1987 ./Drivers/STM32U5xx_HAL_Driver/Src/stm32u5xx_hal_lptim.o
 .debug_info    0x00011ec8      0xe71 ./Drivers/STM32U5xx_HAL_Driver/Src/stm32u5xx_hal_pwr_ex.o
 .debug_info    0x00012d39     0x11dd ./Drivers/STM32U5xx_HAL_Driver/Src/stm32u5xx_hal_rcc.o
 .debug_info    0x00013f16     0x160a ./Drivers/STM32U5xx_HAL_Driver/Src/stm32u5xx_hal_rcc_ex.o
 .debug_info    0x00015520     0x165d ./Drivers/STM32U5xx_HAL_Driver/Src/stm32u5xx_hal_spi.o
 .debug_info    0x00016b7d      0xb38 ./Drivers/STM32U5xx_HAL_Driver/Src/stm32u5xx_hal_spi_ex.o
 .debug_info    0x000176b5     0x2f01 ./Drivers/STM32U5xx_HAL_Driver/Src/stm32u5xx_hal_tim.o
 .debug_info    0x0001a5b6     0x1fb0 ./Drivers/STM32U5xx_HAL_Driver/Src/stm32u5xx_hal_tim_ex.o
 .debug_info    0x0001c566      0xda1 ./Pheripheral/Src/ir_sensor.o

.debug_abbrev   0x00000000     0x3a0c
 .debug_abbrev  0x00000000      0x219 ./Core/Src/adc.o
 .debug_abbrev  0x00000219      0x1d7 ./Core/Src/gpdma.o
 .debug_abbrev  0x000003f0      0x178 ./Core/Src/gpio.o
 .debug_abbrev  0x00000568       0xe2 ./Core/Src/icache.o
 .debug_abbrev  0x0000064a      0x1fd ./Core/Src/lptim.o
 .debug_abbrev  0x00000847      0x1f2 ./Core/Src/main.o
 .debug_abbrev  0x00000a39      0x22f ./Core/Src/spi.o
 .debug_abbrev  0x00000c68       0xf8 ./Core/Src/stm32u5xx_hal_msp.o
 .debug_abbrev  0x00000d60      0x198 ./Core/Src/stm32u5xx_it.o
 .debug_abbrev  0x00000ef8      0x13c ./Core/Src/system_stm32u5xx.o
 .debug_abbrev  0x00001034      0x290 ./Core/Src/tim.o
 .debug_abbrev  0x000012c4       0x24 ./Core/Startup/startup_stm32u535cetx.o
 .debug_abbrev  0x000012e8      0x2a1 ./Drivers/STM32U5xx_HAL_Driver/Src/stm32u5xx_hal.o
 .debug_abbrev  0x00001589      0x2e1 ./Drivers/STM32U5xx_HAL_Driver/Src/stm32u5xx_hal_adc.o
 .debug_abbrev  0x0000186a      0x311 ./Drivers/STM32U5xx_HAL_Driver/Src/stm32u5xx_hal_cortex.o
 .debug_abbrev  0x00001b7b      0x1ff ./Drivers/STM32U5xx_HAL_Driver/Src/stm32u5xx_hal_dma.o
 .debug_abbrev  0x00001d7a      0x230 ./Drivers/STM32U5xx_HAL_Driver/Src/stm32u5xx_hal_dma_ex.o
 .debug_abbrev  0x00001faa      0x259 ./Drivers/STM32U5xx_HAL_Driver/Src/stm32u5xx_hal_gpio.o
 .debug_abbrev  0x00002203      0x227 ./Drivers/STM32U5xx_HAL_Driver/Src/stm32u5xx_hal_icache.o
 .debug_abbrev  0x0000242a      0x2a3 ./Drivers/STM32U5xx_HAL_Driver/Src/stm32u5xx_hal_lptim.o
 .debug_abbrev  0x000026cd      0x228 ./Drivers/STM32U5xx_HAL_Driver/Src/stm32u5xx_hal_pwr_ex.o
 .debug_abbrev  0x000028f5      0x2dc ./Drivers/STM32U5xx_HAL_Driver/Src/stm32u5xx_hal_rcc.o
 .debug_abbrev  0x00002bd1      0x250 ./Drivers/STM32U5xx_HAL_Driver/Src/stm32u5xx_hal_rcc_ex.o
 .debug_abbrev  0x00002e21      0x2b1 ./Drivers/STM32U5xx_HAL_Driver/Src/stm32u5xx_hal_spi.o
 .debug_abbrev  0x000030d2      0x1c6 ./Drivers/STM32U5xx_HAL_Driver/Src/stm32u5xx_hal_spi_ex.o
 .debug_abbrev  0x00003298      0x2d0 ./Drivers/STM32U5xx_HAL_Driver/Src/stm32u5xx_hal_tim.o
 .debug_abbrev  0x00003568      0x2c8 ./Drivers/STM32U5xx_HAL_Driver/Src/stm32u5xx_hal_tim_ex.o
 .debug_abbrev  0x00003830      0x1dc ./Pheripheral/Src/ir_sensor.o

.debug_aranges  0x00000000     0x1958
 .debug_aranges
                0x00000000       0x38 ./Core/Src/adc.o
 .debug_aranges
                0x00000038       0x20 ./Core/Src/gpdma.o
 .debug_aranges
                0x00000058       0x20 ./Core/Src/gpio.o
 .debug_aranges
                0x00000078       0x20 ./Core/Src/icache.o
 .debug_aranges
                0x00000098       0x30 ./Core/Src/lptim.o
 .debug_aranges
                0x000000c8       0x30 ./Core/Src/main.o
 .debug_aranges
                0x000000f8       0x30 ./Core/Src/spi.o
 .debug_aranges
                0x00000128       0x20 ./Core/Src/stm32u5xx_hal_msp.o
 .debug_aranges
                0x00000148       0x70 ./Core/Src/stm32u5xx_it.o
 .debug_aranges
                0x000001b8       0x28 ./Core/Src/system_stm32u5xx.o
 .debug_aranges
                0x000001e0       0x60 ./Core/Src/tim.o
 .debug_aranges
                0x00000240       0x28 ./Core/Startup/startup_stm32u535cetx.o
 .debug_aranges
                0x00000268      0x148 ./Drivers/STM32U5xx_HAL_Driver/Src/stm32u5xx_hal.o
 .debug_aranges
                0x000003b0      0x270 ./Drivers/STM32U5xx_HAL_Driver/Src/stm32u5xx_hal_adc.o
 .debug_aranges
                0x00000620      0x140 ./Drivers/STM32U5xx_HAL_Driver/Src/stm32u5xx_hal_cortex.o
 .debug_aranges
                0x00000760       0xa0 ./Drivers/STM32U5xx_HAL_Driver/Src/stm32u5xx_hal_dma.o
 .debug_aranges
                0x00000800      0x1a0 ./Drivers/STM32U5xx_HAL_Driver/Src/stm32u5xx_hal_dma_ex.o
 .debug_aranges
                0x000009a0       0x78 ./Drivers/STM32U5xx_HAL_Driver/Src/stm32u5xx_hal_gpio.o
 .debug_aranges
                0x00000a18       0xa8 ./Drivers/STM32U5xx_HAL_Driver/Src/stm32u5xx_hal_icache.o
 .debug_aranges
                0x00000ac0      0x250 ./Drivers/STM32U5xx_HAL_Driver/Src/stm32u5xx_hal_lptim.o
 .debug_aranges
                0x00000d10      0x1e0 ./Drivers/STM32U5xx_HAL_Driver/Src/stm32u5xx_hal_pwr_ex.o
 .debug_aranges
                0x00000ef0       0xa8 ./Drivers/STM32U5xx_HAL_Driver/Src/stm32u5xx_hal_rcc.o
 .debug_aranges
                0x00000f98      0x160 ./Drivers/STM32U5xx_HAL_Driver/Src/stm32u5xx_hal_rcc_ex.o
 .debug_aranges
                0x000010f8      0x1a8 ./Drivers/STM32U5xx_HAL_Driver/Src/stm32u5xx_hal_spi.o
 .debug_aranges
                0x000012a0       0x48 ./Drivers/STM32U5xx_HAL_Driver/Src/stm32u5xx_hal_spi_ex.o
 .debug_aranges
                0x000012e8      0x3e8 ./Drivers/STM32U5xx_HAL_Driver/Src/stm32u5xx_hal_tim.o
 .debug_aranges
                0x000016d0      0x250 ./Drivers/STM32U5xx_HAL_Driver/Src/stm32u5xx_hal_tim_ex.o
 .debug_aranges
                0x00001920       0x38 ./Pheripheral/Src/ir_sensor.o

.debug_rnglists
                0x00000000     0x1388
 .debug_rnglists
                0x00000000       0x28 ./Core/Src/adc.o
 .debug_rnglists
                0x00000028       0x14 ./Core/Src/gpdma.o
 .debug_rnglists
                0x0000003c       0x14 ./Core/Src/gpio.o
 .debug_rnglists
                0x00000050       0x13 ./Core/Src/icache.o
 .debug_rnglists
                0x00000063       0x20 ./Core/Src/lptim.o
 .debug_rnglists
                0x00000083       0x20 ./Core/Src/main.o
 .debug_rnglists
                0x000000a3       0x21 ./Core/Src/spi.o
 .debug_rnglists
                0x000000c4       0x13 ./Core/Src/stm32u5xx_hal_msp.o
 .debug_rnglists
                0x000000d7       0x4f ./Core/Src/stm32u5xx_it.o
 .debug_rnglists
                0x00000126       0x1a ./Core/Src/system_stm32u5xx.o
 .debug_rnglists
                0x00000140       0x49 ./Core/Src/tim.o
 .debug_rnglists
                0x00000189       0x19 ./Core/Startup/startup_stm32u535cetx.o
 .debug_rnglists
                0x000001a2       0xf3 ./Drivers/STM32U5xx_HAL_Driver/Src/stm32u5xx_hal.o
 .debug_rnglists
                0x00000295      0x1e2 ./Drivers/STM32U5xx_HAL_Driver/Src/stm32u5xx_hal_adc.o
 .debug_rnglists
                0x00000477       0xec ./Drivers/STM32U5xx_HAL_Driver/Src/stm32u5xx_hal_cortex.o
 .debug_rnglists
                0x00000563       0x7e ./Drivers/STM32U5xx_HAL_Driver/Src/stm32u5xx_hal_dma.o
 .debug_rnglists
                0x000005e1      0x155 ./Drivers/STM32U5xx_HAL_Driver/Src/stm32u5xx_hal_dma_ex.o
 .debug_rnglists
                0x00000736       0x5a ./Drivers/STM32U5xx_HAL_Driver/Src/stm32u5xx_hal_gpio.o
 .debug_rnglists
                0x00000790       0x7a ./Drivers/STM32U5xx_HAL_Driver/Src/stm32u5xx_hal_icache.o
 .debug_rnglists
                0x0000080a      0x1d6 ./Drivers/STM32U5xx_HAL_Driver/Src/stm32u5xx_hal_lptim.o
 .debug_rnglists
                0x000009e0      0x16e ./Drivers/STM32U5xx_HAL_Driver/Src/stm32u5xx_hal_pwr_ex.o
 .debug_rnglists
                0x00000b4e       0x7f ./Drivers/STM32U5xx_HAL_Driver/Src/stm32u5xx_hal_rcc.o
 .debug_rnglists
                0x00000bcd      0x113 ./Drivers/STM32U5xx_HAL_Driver/Src/stm32u5xx_hal_rcc_ex.o
 .debug_rnglists
                0x00000ce0      0x148 ./Drivers/STM32U5xx_HAL_Driver/Src/stm32u5xx_hal_spi.o
 .debug_rnglists
                0x00000e28       0x35 ./Drivers/STM32U5xx_HAL_Driver/Src/stm32u5xx_hal_spi_ex.o
 .debug_rnglists
                0x00000e5d      0x32e ./Drivers/STM32U5xx_HAL_Driver/Src/stm32u5xx_hal_tim.o
 .debug_rnglists
                0x0000118b      0x1d7 ./Drivers/STM32U5xx_HAL_Driver/Src/stm32u5xx_hal_tim_ex.o
 .debug_rnglists
                0x00001362       0x26 ./Pheripheral/Src/ir_sensor.o

.debug_macro    0x00000000    0x30256
 .debug_macro   0x00000000      0x2d2 ./Core/Src/adc.o
 .debug_macro   0x000002d2      0x20d ./Core/Src/adc.o
 .debug_macro   0x000004df       0x2e ./Core/Src/adc.o
 .debug_macro   0x0000050d       0x42 ./Core/Src/adc.o
 .debug_macro   0x0000054f       0x1c ./Core/Src/adc.o
 .debug_macro   0x0000056b       0x29 ./Core/Src/adc.o
 .debug_macro   0x00000594       0xfb ./Core/Src/adc.o
 .debug_macro   0x0000068f     0x1685 ./Core/Src/adc.o
 .debug_macro   0x00001d14       0x5e ./Core/Src/adc.o
 .debug_macro   0x00001d72    0x1d35e ./Core/Src/adc.o
 .debug_macro   0x0001f0d0       0x6d ./Core/Src/adc.o
 .debug_macro   0x0001f13d     0x393e ./Core/Src/adc.o
 .debug_macro   0x00022a7b      0x190 ./Core/Src/adc.o
 .debug_macro   0x00022c0b       0x34 ./Core/Src/adc.o
 .debug_macro   0x00022c3f      0x370 ./Core/Src/adc.o
 .debug_macro   0x00022faf       0x4a ./Core/Src/adc.o
 .debug_macro   0x00022ff9       0x1c ./Core/Src/adc.o
 .debug_macro   0x00023015      0x19b ./Core/Src/adc.o
 .debug_macro   0x000231b0       0x5d ./Core/Src/adc.o
 .debug_macro   0x0002320d     0x1853 ./Core/Src/adc.o
 .debug_macro   0x00024a60      0x773 ./Core/Src/adc.o
 .debug_macro   0x000251d3      0x166 ./Core/Src/adc.o
 .debug_macro   0x00025339      0x250 ./Core/Src/adc.o
 .debug_macro   0x00025589       0xc9 ./Core/Src/adc.o
 .debug_macro   0x00025652      0x574 ./Core/Src/adc.o
 .debug_macro   0x00025bc6      0x440 ./Core/Src/adc.o
 .debug_macro   0x00026006       0xd6 ./Core/Src/adc.o
 .debug_macro   0x000260dc      0x1cd ./Core/Src/adc.o
 .debug_macro   0x000262a9     0x1415 ./Core/Src/adc.o
 .debug_macro   0x000276be      0x950 ./Core/Src/adc.o
 .debug_macro   0x0002800e      0x2cd ./Core/Src/adc.o
 .debug_macro   0x000282db      0x42b ./Core/Src/adc.o
 .debug_macro   0x00028706       0x95 ./Core/Src/adc.o
 .debug_macro   0x0002879b      0x11c ./Core/Src/adc.o
 .debug_macro   0x000288b7      0x34e ./Core/Src/adc.o
 .debug_macro   0x00028c05      0x3e6 ./Core/Src/adc.o
 .debug_macro   0x00028feb      0x525 ./Core/Src/adc.o
 .debug_macro   0x00029510      0x448 ./Core/Src/adc.o
 .debug_macro   0x00029958      0x5cf ./Core/Src/adc.o
 .debug_macro   0x00029f27       0xee ./Core/Src/adc.o
 .debug_macro   0x0002a015       0xeb ./Core/Src/adc.o
 .debug_macro   0x0002a100      0xbc5 ./Core/Src/adc.o
 .debug_macro   0x0002acc5      0x45f ./Core/Src/adc.o
 .debug_macro   0x0002b124      0x1b8 ./Core/Src/adc.o
 .debug_macro   0x0002b2dc      0x361 ./Core/Src/adc.o
 .debug_macro   0x0002b63d       0x34 ./Core/Src/adc.o
 .debug_macro   0x0002b671      0x2d2 ./Core/Src/gpdma.o
 .debug_macro   0x0002b943      0x2d2 ./Core/Src/gpio.o
 .debug_macro   0x0002bc15      0x2d2 ./Core/Src/icache.o
 .debug_macro   0x0002bee7      0x2d2 ./Core/Src/lptim.o
 .debug_macro   0x0002c1b9      0x373 ./Core/Src/main.o
 .debug_macro   0x0002c52c      0x2d2 ./Core/Src/spi.o
 .debug_macro   0x0002c7fe      0x2c8 ./Core/Src/stm32u5xx_hal_msp.o
 .debug_macro   0x0002cac6      0x2d2 ./Core/Src/stm32u5xx_it.o
 .debug_macro   0x0002cd98      0x2c0 ./Core/Src/system_stm32u5xx.o
 .debug_macro   0x0002d058      0x2d2 ./Core/Src/tim.o
 .debug_macro   0x0002d32a      0x2dd ./Drivers/STM32U5xx_HAL_Driver/Src/stm32u5xx_hal.o
 .debug_macro   0x0002d607      0x2dd ./Drivers/STM32U5xx_HAL_Driver/Src/stm32u5xx_hal_adc.o
 .debug_macro   0x0002d8e4      0x2b9 ./Drivers/STM32U5xx_HAL_Driver/Src/stm32u5xx_hal_cortex.o
 .debug_macro   0x0002db9d      0x2ba ./Drivers/STM32U5xx_HAL_Driver/Src/stm32u5xx_hal_dma.o
 .debug_macro   0x0002de57      0x2ba ./Drivers/STM32U5xx_HAL_Driver/Src/stm32u5xx_hal_dma_ex.o
 .debug_macro   0x0002e111      0x2ee ./Drivers/STM32U5xx_HAL_Driver/Src/stm32u5xx_hal_gpio.o
 .debug_macro   0x0002e3ff      0x2eb ./Drivers/STM32U5xx_HAL_Driver/Src/stm32u5xx_hal_icache.o
 .debug_macro   0x0002e6ea      0x2c1 ./Drivers/STM32U5xx_HAL_Driver/Src/stm32u5xx_hal_lptim.o
 .debug_macro   0x0002e9ab      0x2e4 ./Drivers/STM32U5xx_HAL_Driver/Src/stm32u5xx_hal_pwr_ex.o
 .debug_macro   0x0002ec8f      0x3bf ./Drivers/STM32U5xx_HAL_Driver/Src/stm32u5xx_hal_rcc.o
 .debug_macro   0x0002f04e      0x3d6 ./Drivers/STM32U5xx_HAL_Driver/Src/stm32u5xx_hal_rcc_ex.o
 .debug_macro   0x0002f424      0x2c1 ./Drivers/STM32U5xx_HAL_Driver/Src/stm32u5xx_hal_spi.o
 .debug_macro   0x0002f6e5      0x2b9 ./Drivers/STM32U5xx_HAL_Driver/Src/stm32u5xx_hal_spi_ex.o
 .debug_macro   0x0002f99e      0x2c1 ./Drivers/STM32U5xx_HAL_Driver/Src/stm32u5xx_hal_tim.o
 .debug_macro   0x0002fc5f      0x2bf ./Drivers/STM32U5xx_HAL_Driver/Src/stm32u5xx_hal_tim_ex.o
 .debug_macro   0x0002ff1e      0x338 ./Pheripheral/Src/ir_sensor.o

.debug_line     0x00000000    0x21afc
 .debug_line    0x00000000      0xa83 ./Core/Src/adc.o
 .debug_line    0x00000a83      0xa0d ./Core/Src/gpdma.o
 .debug_line    0x00001490      0x954 ./Core/Src/gpio.o
 .debug_line    0x00001de4      0x923 ./Core/Src/icache.o
 .debug_line    0x00002707      0x99f ./Core/Src/lptim.o
 .debug_line    0x000030a6      0xaf2 ./Core/Src/main.o
 .debug_line    0x00003b98      0x9ce ./Core/Src/spi.o
 .debug_line    0x00004566      0x90a ./Core/Src/stm32u5xx_hal_msp.o
 .debug_line    0x00004e70      0x9e9 ./Core/Src/stm32u5xx_it.o
 .debug_line    0x00005859      0xa0e ./Core/Src/system_stm32u5xx.o
 .debug_line    0x00006267      0xc59 ./Core/Src/tim.o
 .debug_line    0x00006ec0       0x7b ./Core/Startup/startup_stm32u535cetx.o
 .debug_line    0x00006f3b      0xdad ./Drivers/STM32U5xx_HAL_Driver/Src/stm32u5xx_hal.o
 .debug_line    0x00007ce8     0x2843 ./Drivers/STM32U5xx_HAL_Driver/Src/stm32u5xx_hal_adc.o
 .debug_line    0x0000a52b      0xf5d ./Drivers/STM32U5xx_HAL_Driver/Src/stm32u5xx_hal_cortex.o
 .debug_line    0x0000b488     0x138f ./Drivers/STM32U5xx_HAL_Driver/Src/stm32u5xx_hal_dma.o
 .debug_line    0x0000c817     0x2816 ./Drivers/STM32U5xx_HAL_Driver/Src/stm32u5xx_hal_dma_ex.o
 .debug_line    0x0000f02d      0xeac ./Drivers/STM32U5xx_HAL_Driver/Src/stm32u5xx_hal_gpio.o
 .debug_line    0x0000fed9      0xc00 ./Drivers/STM32U5xx_HAL_Driver/Src/stm32u5xx_hal_icache.o
 .debug_line    0x00010ad9     0x1e80 ./Drivers/STM32U5xx_HAL_Driver/Src/stm32u5xx_hal_lptim.o
 .debug_line    0x00012959     0x11f2 ./Drivers/STM32U5xx_HAL_Driver/Src/stm32u5xx_hal_pwr_ex.o
 .debug_line    0x00013b4b     0x179a ./Drivers/STM32U5xx_HAL_Driver/Src/stm32u5xx_hal_rcc.o
 .debug_line    0x000152e5     0x2306 ./Drivers/STM32U5xx_HAL_Driver/Src/stm32u5xx_hal_rcc_ex.o
 .debug_line    0x000175eb     0x25ec ./Drivers/STM32U5xx_HAL_Driver/Src/stm32u5xx_hal_spi.o
 .debug_line    0x00019bd7      0xaed ./Drivers/STM32U5xx_HAL_Driver/Src/stm32u5xx_hal_spi_ex.o
 .debug_line    0x0001a6c4     0x4667 ./Drivers/STM32U5xx_HAL_Driver/Src/stm32u5xx_hal_tim.o
 .debug_line    0x0001ed2b     0x2322 ./Drivers/STM32U5xx_HAL_Driver/Src/stm32u5xx_hal_tim_ex.o
 .debug_line    0x0002104d      0xaaf ./Pheripheral/Src/ir_sensor.o

.debug_str      0x00000000   0x13d29a
 .debug_str     0x00000000   0x13d29a ./Core/Src/adc.o
                             0x133704 (size before relaxing)
 .debug_str     0x0013d29a   0x133828 ./Core/Src/gpdma.o
 .debug_str     0x0013d29a   0x132bdd ./Core/Src/gpio.o
 .debug_str     0x0013d29a   0x132951 ./Core/Src/icache.o
 .debug_str     0x0013d29a   0x133564 ./Core/Src/lptim.o
 .debug_str     0x0013d29a   0x1331b5 ./Core/Src/main.o
 .debug_str     0x0013d29a   0x13364c ./Core/Src/spi.o
 .debug_str     0x0013d29a   0x132b21 ./Core/Src/stm32u5xx_hal_msp.o
 .debug_str     0x0013d29a   0x132d86 ./Core/Src/stm32u5xx_it.o
 .debug_str     0x0013d29a   0x132c01 ./Core/Src/system_stm32u5xx.o
 .debug_str     0x0013d29a   0x1336b7 ./Core/Src/tim.o
 .debug_str     0x0013d29a       0x87 ./Core/Startup/startup_stm32u535cetx.o
 .debug_str     0x0013d29a   0x133966 ./Drivers/STM32U5xx_HAL_Driver/Src/stm32u5xx_hal.o
 .debug_str     0x0013d29a   0x133efc ./Drivers/STM32U5xx_HAL_Driver/Src/stm32u5xx_hal_adc.o
 .debug_str     0x0013d29a   0x1337b8 ./Drivers/STM32U5xx_HAL_Driver/Src/stm32u5xx_hal_cortex.o
 .debug_str     0x0013d29a   0x132f97 ./Drivers/STM32U5xx_HAL_Driver/Src/stm32u5xx_hal_dma.o
 .debug_str     0x0013d29a   0x133603 ./Drivers/STM32U5xx_HAL_Driver/Src/stm32u5xx_hal_dma_ex.o
 .debug_str     0x0013d29a   0x132c26 ./Drivers/STM32U5xx_HAL_Driver/Src/stm32u5xx_hal_gpio.o
 .debug_str     0x0013d29a   0x132f35 ./Drivers/STM32U5xx_HAL_Driver/Src/stm32u5xx_hal_icache.o
 .debug_str     0x0013d29a   0x13371b ./Drivers/STM32U5xx_HAL_Driver/Src/stm32u5xx_hal_lptim.o
 .debug_str     0x0013d29a   0x1332a1 ./Drivers/STM32U5xx_HAL_Driver/Src/stm32u5xx_hal_pwr_ex.o
 .debug_str     0x0013d29a   0x134266 ./Drivers/STM32U5xx_HAL_Driver/Src/stm32u5xx_hal_rcc.o
 .debug_str     0x0013d29a   0x135356 ./Drivers/STM32U5xx_HAL_Driver/Src/stm32u5xx_hal_rcc_ex.o
 .debug_str     0x0013d29a   0x1334f5 ./Drivers/STM32U5xx_HAL_Driver/Src/stm32u5xx_hal_spi.o
 .debug_str     0x0013d29a   0x133065 ./Drivers/STM32U5xx_HAL_Driver/Src/stm32u5xx_hal_spi_ex.o
 .debug_str     0x0013d29a   0x134056 ./Drivers/STM32U5xx_HAL_Driver/Src/stm32u5xx_hal_tim.o
 .debug_str     0x0013d29a   0x133cad ./Drivers/STM32U5xx_HAL_Driver/Src/stm32u5xx_hal_tim_ex.o
 .debug_str     0x0013d29a   0x133473 ./Pheripheral/Src/ir_sensor.o

.comment        0x00000000       0x43
 .comment       0x00000000       0x43 ./Core/Src/adc.o
                                 0x44 (size before relaxing)
 .comment       0x00000043       0x44 ./Core/Src/gpdma.o
 .comment       0x00000043       0x44 ./Core/Src/gpio.o
 .comment       0x00000043       0x44 ./Core/Src/icache.o
 .comment       0x00000043       0x44 ./Core/Src/lptim.o
 .comment       0x00000043       0x44 ./Core/Src/main.o
 .comment       0x00000043       0x44 ./Core/Src/spi.o
 .comment       0x00000043       0x44 ./Core/Src/stm32u5xx_hal_msp.o
 .comment       0x00000043       0x44 ./Core/Src/stm32u5xx_it.o
 .comment       0x00000043       0x44 ./Core/Src/system_stm32u5xx.o
 .comment       0x00000043       0x44 ./Core/Src/tim.o
 .comment       0x00000043       0x44 ./Drivers/STM32U5xx_HAL_Driver/Src/stm32u5xx_hal.o
 .comment       0x00000043       0x44 ./Drivers/STM32U5xx_HAL_Driver/Src/stm32u5xx_hal_adc.o
 .comment       0x00000043       0x44 ./Drivers/STM32U5xx_HAL_Driver/Src/stm32u5xx_hal_cortex.o
 .comment       0x00000043       0x44 ./Drivers/STM32U5xx_HAL_Driver/Src/stm32u5xx_hal_dma.o
 .comment       0x00000043       0x44 ./Drivers/STM32U5xx_HAL_Driver/Src/stm32u5xx_hal_dma_ex.o
 .comment       0x00000043       0x44 ./Drivers/STM32U5xx_HAL_Driver/Src/stm32u5xx_hal_gpio.o
 .comment       0x00000043       0x44 ./Drivers/STM32U5xx_HAL_Driver/Src/stm32u5xx_hal_icache.o
 .comment       0x00000043       0x44 ./Drivers/STM32U5xx_HAL_Driver/Src/stm32u5xx_hal_lptim.o
 .comment       0x00000043       0x44 ./Drivers/STM32U5xx_HAL_Driver/Src/stm32u5xx_hal_pwr_ex.o
 .comment       0x00000043       0x44 ./Drivers/STM32U5xx_HAL_Driver/Src/stm32u5xx_hal_rcc.o
 .comment       0x00000043       0x44 ./Drivers/STM32U5xx_HAL_Driver/Src/stm32u5xx_hal_rcc_ex.o
 .comment       0x00000043       0x44 ./Drivers/STM32U5xx_HAL_Driver/Src/stm32u5xx_hal_spi.o
 .comment       0x00000043       0x44 ./Drivers/STM32U5xx_HAL_Driver/Src/stm32u5xx_hal_spi_ex.o
 .comment       0x00000043       0x44 ./Drivers/STM32U5xx_HAL_Driver/Src/stm32u5xx_hal_tim.o
 .comment       0x00000043       0x44 ./Drivers/STM32U5xx_HAL_Driver/Src/stm32u5xx_hal_tim_ex.o
 .comment       0x00000043       0x44 ./Pheripheral/Src/ir_sensor.o

.debug_frame    0x00000000     0x6bd0
 .debug_frame   0x00000000       0xa4 ./Core/Src/adc.o
 .debug_frame   0x000000a4       0x34 ./Core/Src/gpdma.o
 .debug_frame   0x000000d8       0x34 ./Core/Src/gpio.o
 .debug_frame   0x0000010c       0x2c ./Core/Src/icache.o
 .debug_frame   0x00000138       0x80 ./Core/Src/lptim.o
 .debug_frame   0x000001b8       0x6c ./Core/Src/main.o
 .debug_frame   0x00000224       0x80 ./Core/Src/spi.o
 .debug_frame   0x000002a4       0x34 ./Core/Src/stm32u5xx_hal_msp.o
 .debug_frame   0x000002d8      0x13c ./Core/Src/stm32u5xx_it.o
 .debug_frame   0x00000414       0x58 ./Core/Src/system_stm32u5xx.o
 .debug_frame   0x0000046c      0x15c ./Core/Src/tim.o
 .debug_frame   0x000005c8      0x500 ./Drivers/STM32U5xx_HAL_Driver/Src/stm32u5xx_hal.o
 .debug_frame   0x00000ac8      0xb94 ./Drivers/STM32U5xx_HAL_Driver/Src/stm32u5xx_hal_adc.o
 .debug_frame   0x0000165c      0x560 ./Drivers/STM32U5xx_HAL_Driver/Src/stm32u5xx_hal_cortex.o
 .debug_frame   0x00001bbc      0x2a0 ./Drivers/STM32U5xx_HAL_Driver/Src/stm32u5xx_hal_dma.o
 .debug_frame   0x00001e5c      0x754 ./Drivers/STM32U5xx_HAL_Driver/Src/stm32u5xx_hal_dma_ex.o
 .debug_frame   0x000025b0      0x1ec ./Drivers/STM32U5xx_HAL_Driver/Src/stm32u5xx_hal_gpio.o
 .debug_frame   0x0000279c      0x298 ./Drivers/STM32U5xx_HAL_Driver/Src/stm32u5xx_hal_icache.o
 .debug_frame   0x00002a34      0xaac ./Drivers/STM32U5xx_HAL_Driver/Src/stm32u5xx_hal_lptim.o
 .debug_frame   0x000034e0      0x7cc ./Drivers/STM32U5xx_HAL_Driver/Src/stm32u5xx_hal_pwr_ex.o
 .debug_frame   0x00003cac      0x288 ./Drivers/STM32U5xx_HAL_Driver/Src/stm32u5xx_hal_rcc.o
 .debug_frame   0x00003f34      0x5f0 ./Drivers/STM32U5xx_HAL_Driver/Src/stm32u5xx_hal_rcc_ex.o
 .debug_frame   0x00004524      0x7ac ./Drivers/STM32U5xx_HAL_Driver/Src/stm32u5xx_hal_spi.o
 .debug_frame   0x00004cd0      0x100 ./Drivers/STM32U5xx_HAL_Driver/Src/stm32u5xx_hal_spi_ex.o
 .debug_frame   0x00004dd0     0x125c ./Drivers/STM32U5xx_HAL_Driver/Src/stm32u5xx_hal_tim.o
 .debug_frame   0x0000602c      0xac0 ./Drivers/STM32U5xx_HAL_Driver/Src/stm32u5xx_hal_tim_ex.o
 .debug_frame   0x00006aec       0x98 ./Pheripheral/Src/ir_sensor.o
 .debug_frame   0x00006b84       0x20 C:/ST/STM32CubeIDE_1.18.1/STM32CubeIDE/plugins/com.st.stm32cube.ide.mcu.externaltools.gnu-tools-for-stm32.13.3.rel1.win32_1.0.0.202411081344/tools/bin/../lib/gcc/arm-none-eabi/13.3.1/../../../../arm-none-eabi/lib/thumb/v8-m.main+fp/hard\libc_nano.a(libc_a-memset.o)
 .debug_frame   0x00006ba4       0x2c C:/ST/STM32CubeIDE_1.18.1/STM32CubeIDE/plugins/com.st.stm32cube.ide.mcu.externaltools.gnu-tools-for-stm32.13.3.rel1.win32_1.0.0.202411081344/tools/bin/../lib/gcc/arm-none-eabi/13.3.1/../../../../arm-none-eabi/lib/thumb/v8-m.main+fp/hard\libc_nano.a(libc_a-init.o)

.debug_line_str
                0x00000000       0x6b
 .debug_line_str
                0x00000000       0x6b ./Core/Startup/startup_stm32u535cetx.o
