../Peripheral/Src/imu.c:19:9:read_byte	32	static
../Peripheral/Src/imu.c:32:6:write_byte	16	static
../Peripheral/Src/imu.c:40:6:IMU_initialize	8	static
../Peripheral/Src/imu.c:58:10:IMU_Check	24	static
../Peripheral/Src/imu.c:85:6:IMU_read_DMA_Start	8	static
../Peripheral/Src/imu.c:90:6:IMU_read_DMA_Stop	8	static
../Peripheral/Src/imu.c:96:6:HAL_SPI_TxRxCpltCallback	16	static
../Peripheral/Src/imu.c:109:7:read_gyro_x_axis	4	static
../Peripheral/Src/imu.c:113:7:read_gyro_y_axis	4	static
../Peripheral/Src/imu.c:117:7:read_gyro_z_axis	4	static
../Peripheral/Src/imu.c:121:7:read_accel_x_axis	8	static
../Peripheral/Src/imu.c:125:7:read_accel_y_axis	8	static
../Peripheral/Src/imu.c:129:7:read_accel_z_axis	8	static
