../Peripheral/Src/imu.c:22:9:read_byte	32	static
../Peripheral/Src/imu.c:35:6:write_byte	16	static
../Peripheral/Src/imu.c:44:6:IMU_initialize	8	static
../Peripheral/Src/imu.c:92:6:IMU_initialize_lsm6dsrx	8	static
../Peripheral/Src/imu.c:120:6:IMU_initialize_lsm6dsv16x	8	static
../Peripheral/Src/imu.c:205:10:IMU_Check	24	static
../Peripheral/Src/imu.c:232:6:IMU_read_DMA_Start	8	static
../Peripheral/Src/imu.c:237:6:IMU_read_DMA_Stop	8	static
../Peripheral/Src/imu.c:243:6:HAL_SPI_TxRxCpltCallback	16	static
../Peripheral/Src/imu.c:256:7:read_gyro_x_axis	4	static
../Peripheral/Src/imu.c:260:7:read_gyro_y_axis	4	static
../Peripheral/Src/imu.c:264:7:read_gyro_z_axis	4	static
../Peripheral/Src/imu.c:268:7:read_accel_x_axis	8	static
../Peripheral/Src/imu.c:272:7:read_accel_y_axis	8	static
../Peripheral/Src/imu.c:276:7:read_accel_z_axis	8	static
