../Task/Src/../Inc/../../Module/Inc/vehicle.h:24:15:void param_element::set(float)	16	static
../Task/Src/../Inc/../../Module/Inc/vehicle.h:25:15:void param_element::init()	16	static
../Task/Src/../Inc/../../Module/Inc/vehicle.h:26:16:float param_element::get()	16	static
../Task/Src/../Inc/../../Module/Inc/vehicle.h:34:15:void turn_dir_element::set(t_turn_dir)	16	static
../Task/Src/../Inc/../../Module/Inc/vehicle.h:36:21:t_turn_dir turn_dir_element::get()	16	static
../Task/Src/../Inc/../../Module/Inc/vehicle.h:90:15:void Vehicle::ego_integral_init()	16	static
../Task/Src/../Inc/../../Module/Inc/vehicle.h:124:15:void Vehicle::ideal_integral_init()	16	static
../Task/Src/../Inc/sensing_task.h:76:8:void IrSensTask::IrSensMotion_Set(t_irsens_motion)	16	static
../Task/Src/../Inc/sensing_task.h:82:15:void IrSensTask::EnableIrSens()	16	static
../Task/Src/../Inc/sensing_task.h:83:15:void IrSensTask::DisableIrSens()	16	static
../Task/Src/../Inc/sensing_task.h:84:8:void IrSensTask::EnableIrSensStraight()	16	static
../Task/Src/../Inc/sensing_task.h:85:8:void IrSensTask::EnableIrSensDiagonal()	16	static
../Task/Src/../Inc/sensing_task.h:88:10:t_bool IrSensTask::Division_Wall_Correction()	24	static
../Task/Src/../Inc/ctrl_task.h:128:15:void Motion::run_time_ms_update()	16	static
../Task/Src/../Inc/ctrl_task.h:129:16:float Motion::run_time_ms_get()	16	static
../Task/Src/../Inc/ctrl_task.h:134:16:float Motion::run_time_limit_ms_get()	16	static
../Task/Src/../Inc/ctrl_task.h:157:18:void Motion::motion_pattern_set(t_run_pattern)	16	static
../Task/Src/../Inc/ctrl_task.h:159:24:t_runControl Motion::motion_control_get()	16	static
../Task/Src/../Inc/ctrl_task.h:160:18:void Motion::motion_control_set(t_runControl)	16	static
../Task/Src/../Inc/ctrl_task.h:163:18:void Motion::motion_exeStatus_set(t_exeStatus)	16	static
../Task/Src/motion.cpp:15:7:float get_turn_table_value(float, float)	40	static
../Task/Src/motion.cpp:53:6:void Motion::SetIdeal_wall_control()	16	static
../Task/Src/motion.cpp:79:6:void Motion::Adjust_wall_corner()	72	static
../Task/Src/motion.cpp:249:7:void Motion::SetIdeal_search_straight()	48	static
../Task/Src/motion.cpp:358:7:void Motion::SetIdeal_search_turn()	48	static
../Task/Src/motion.cpp:467:6:void Motion::SetIdeal_straight()	40	static
../Task/Src/motion.cpp:582:6:void Motion::SetIdeal_backward()	32	static
../Task/Src/motion.cpp:634:6:void Motion::SetIdeal_diagonal()	40	static
../Task/Src/motion.cpp:716:6:void Motion::SetIdeal_pivot_turn()	32	static
../Task/Src/motion.cpp:778:6:void Motion::SetIdeal_fix_wall()	80	static
../Task/Src/motion.cpp:870:6:void Motion::SetIdeal_suction_start()	32	static
../Task/Src/motion.cpp:925:6:void Motion::SetIdeal_stop_brake()	32	static
../Task/Src/motion.cpp:979:6:void Motion::SetIdeal_free_rotation_set()	24	static
../Task/Src/motion.cpp:1014:6:void Motion::SetIdeal_enkaigei()	32	static
