../System/Src/../../Subsys/Inc/../../Task/Inc/../../Module/Inc/vehicle.h:24:15:void param_element::set(float)	16	static
../System/Src/../../Subsys/Inc/../../Task/Inc/../../Module/Inc/vehicle.h:144:16:virtual void Vehicle::motorSetDuty_l(int)	16	static
../System/Src/../../Subsys/Inc/../../Task/Inc/../../Module/Inc/vehicle.h:148:16:virtual void Vehicle::motorSetDuty_r(int)	16	static
../System/Src/../../Subsys/Inc/../../Task/Inc/../../Module/Inc/vehicle.h:167:16:virtual void Vehicle::suctionSetDuty(int)	16	static
../System/Src/../../Subsys/Inc/../../Task/Inc/../../Module/Inc/vehicle.h:173:16:virtual void Vehicle::suctionStop()	16	static
../System/Src/../../Subsys/Inc/../../Task/Inc/../../Module/Inc/vehicle.h:181:11:Vehicle::~Vehicle()	16	static
../System/Src/../../Subsys/Inc/../../Task/Inc/../../Module/Inc/vehicle.h:181:11:virtual Vehicle::~Vehicle()	16	static
../System/Src/../../Subsys/Inc/../../Task/Inc/../../Module/Inc/vehicle.h:192:7:virtual void Vehicle_type7::motorSetDuty_l(int)	16	static
../System/Src/../../Subsys/Inc/../../Task/Inc/../../Module/Inc/vehicle.h:198:7:virtual void Vehicle_type7::motorSetDuty_r(int)	16	static
../System/Src/../../Subsys/Inc/../../Task/Inc/../../Module/Inc/vehicle.h:204:7:virtual void Vehicle_type7::suctionSetDuty(int)	16	static
../System/Src/../../Subsys/Inc/../../Task/Inc/../../Module/Inc/vehicle.h:211:7:virtual void Vehicle_type7::suctionStop()	16	static
../System/Src/../../Subsys/Inc/../../Task/Inc/sensing_task.h:145:8:virtual void IrSensTask_type7::IrSensorSet(Vehicle*)	16	static
C:\ST\STM32CubeIDE_1.18.1\STM32CubeIDE\plugins\com.st.stm32cube.ide.mcu.externaltools.gnu-tools-for-stm32.14.3.rel1.win32_1.0.100.202602081740\tools\arm-none-eabi\include\c++\14.3.1\arm-none-eabi\thumb\v8-m.main+fp\hard\bits\gthr-default.h:229:1:int __gthread_key_delete(__gthread_key_t)	16	static
../System/Src/../../Subsys/Inc/../../Task/Inc/ctrl_task.h:150:3:Motion::Motion(Vehicle*, IrSensTask*, int)	24	static
../System/Src/../../Subsys/Inc/../../Task/Inc/ctrl_task.h:163:24:t_exeStatus Motion::motion_exeStatus_get()	16	static
../System/Src/../../Subsys/Inc/../../Task/Inc/ctrl_task.h:206:22:t_exeStatus Motion::execute_Motion()	16	static
../System/Src/../../Subsys/Inc/../../Task/Inc/ctrl_task.h:212:22:t_exeStatus Motion::exe_Motion_search_turn(const t_param*, const t_pid_gain*, const t_pid_gain*)	24	static
../System/Src/../../Subsys/Inc/../../Task/Inc/ctrl_task.h:218:22:t_exeStatus Motion::exe_Motion_straight(float, float, float, float, const t_pid_gain*, const t_pid_gain*)	40	static
../System/Src/../../Subsys/Inc/../../Task/Inc/ctrl_task.h:230:22:t_exeStatus Motion::exe_Motion_diagonal(float, float, float, float, const t_pid_gain*, const t_pid_gain*)	40	static
../System/Src/../../Subsys/Inc/../../Task/Inc/ctrl_task.h:263:22:t_exeStatus Motion::exe_Motion_turn_in(const t_param*, t_run_pattern, const t_pid_gain*, const t_pid_gain*)	32	static
../System/Src/../../Subsys/Inc/../../Task/Inc/ctrl_task.h:275:22:t_exeStatus Motion::exe_Motion_turn_out(const t_param*, t_run_pattern, const t_pid_gain*, const t_pid_gain*)	32	static
../System/Src/../../Subsys/Inc/../../Task/Inc/ctrl_task.h:300:22:t_exeStatus Motion::exe_Motion_turn_v90(const t_param*, t_run_pattern, const t_pid_gain*, const t_pid_gain*)	32	static
../System/Src/../../Subsys/Inc/../../Task/Inc/ctrl_task.h:328:15:IrSensTask* Motion::return_irObj()	16	static
../System/Src/../../Subsys/Inc/../../Task/Inc/ctrl_task.h:341:3:CtrlTask::CtrlTask(Vehicle*, IrSensTask*, int)	24	static
../System/Src/../../Subsys/Inc/../../Task/Inc/ctrl_task.h:359:3:CtrlTask_type7::CtrlTask_type7(Vehicle*, IrSensTask*)	24	static
../System/Src/../../Subsys/Inc/../../Module/Inc/interrupt.h:35:12:uint32_t Interrupt::return_time_count()	16	static
../System/Src/debug2.cpp:36:7:void Mode::Debug2(const t_straight_param*, const t_param* const*, int)	472	static
../System/Src/../../Subsys/Inc/../../Task/Inc/../../Module/Inc/../../Component/Inc/controller.h:20:7:PID_Controller::PID_Controller()	16	static
../System/Src/../../Subsys/Inc/../../Task/Inc/../../Module/Inc/../../Component/Inc/controller.h:58:7:mouse_Controller::mouse_Controller()	16	static
../System/Src/../../Subsys/Inc/../../Task/Inc/../../Module/Inc/vehicle.h:60:7:Vehicle::Vehicle()	16	static
../System/Src/../../Subsys/Inc/../../Task/Inc/../../Module/Inc/vehicle.h:189:7:Vehicle_type7::Vehicle_type7()	16	static
../System/Src/../../Subsys/Inc/../../Task/Inc/../../Module/Inc/vehicle.h:189:7:Vehicle_type7::~Vehicle_type7()	16	static
../System/Src/../../Subsys/Inc/../../Task/Inc/../../Module/Inc/vehicle.h:189:7:virtual Vehicle_type7::~Vehicle_type7()	16	static
../System/Src/../../Subsys/Inc/../../Task/Inc/../../Module/Inc/../../Component/Inc/singleton.h:16:12:void __tcf_0()	8	static
../System/Src/../../Subsys/Inc/../../Task/Inc/../../Module/Inc/../../Component/Inc/singleton.h:15:12:static T& Singleton<T>::getInstance() [with T = Vehicle_type7]	8	static,ignoring_inline_asm
../System/Src/../../Subsys/Inc/../../Task/Inc/sensing_task.h:72:7:IrSensTask::IrSensTask()	16	static
../System/Src/../../Subsys/Inc/../../Task/Inc/sensing_task.h:142:7:IrSensTask_type7::IrSensTask_type7()	16	static
../System/Src/../../Subsys/Inc/../../Task/Inc/../../Module/Inc/../../Component/Inc/singleton.h:15:12:static T& Singleton<T>::getInstance() [with T = IrSensTask_type7]	8	static,ignoring_inline_asm
../System/Src/../../Subsys/Inc/../../Task/Inc/../../Module/Inc/../../Component/Inc/singleton.h:15:12:static T& Singleton<T>::getInstance() [with T = Interrupt]	4	static
../System/Src/../../Subsys/Inc/../../Task/Inc/../../Module/Inc/../../Component/Inc/singleton.h:15:12:static T& Singleton<T>::getInstance() [with T = CtrlTask_type7]	16	static,ignoring_inline_asm
../System/Src/../../Module/Inc/log_data.h:22:7:LogData::LogData()	16	static
../System/Src/../../Subsys/Inc/../../Task/Inc/../../Module/Inc/../../Component/Inc/singleton.h:15:12:static T& Singleton<T>::getInstance() [with T = LogData]	8	static,ignoring_inline_asm
