../System/Src/../../Subsys/Inc/../../Task/Inc/../../Module/Inc/vehicle.h:24:15:void param_element::set(float)	16	static
../System/Src/../../Subsys/Inc/../../Task/Inc/../../Module/Inc/vehicle.h:143:16:virtual void Vehicle::motorSetDuty_l(int)	16	static
../System/Src/../../Subsys/Inc/../../Task/Inc/../../Module/Inc/vehicle.h:147:16:virtual void Vehicle::motorSetDuty_r(int)	16	static
../System/Src/../../Subsys/Inc/../../Task/Inc/../../Module/Inc/vehicle.h:166:16:virtual void Vehicle::suctionSetDuty(int)	16	static
../System/Src/../../Subsys/Inc/../../Task/Inc/../../Module/Inc/vehicle.h:172:16:virtual void Vehicle::suctionStop()	16	static
../System/Src/../../Subsys/Inc/../../Task/Inc/../../Module/Inc/vehicle.h:183:7:virtual void Vehicle_type7::motorSetDuty_l(int)	16	static
../System/Src/../../Subsys/Inc/../../Task/Inc/../../Module/Inc/vehicle.h:189:7:virtual void Vehicle_type7::motorSetDuty_r(int)	16	static
../System/Src/../../Subsys/Inc/../../Task/Inc/../../Module/Inc/vehicle.h:195:7:virtual void Vehicle_type7::suctionSetDuty(int)	16	static
../System/Src/../../Subsys/Inc/../../Task/Inc/../../Module/Inc/vehicle.h:202:7:virtual void Vehicle_type7::suctionStop()	16	static
../System/Src/../../Subsys/Inc/../../Task/Inc/sensing_task.h:122:8:virtual void IrSensTask_type7::IrSensorSet()	16	static
C:\ST\STM32CubeIDE_1.18.1\STM32CubeIDE\plugins\com.st.stm32cube.ide.mcu.externaltools.gnu-tools-for-stm32.13.3.rel1.win32_1.0.0.202411081344\tools\arm-none-eabi\include\c++\13.3.1\arm-none-eabi\thumb\v8-m.main+fp\hard\bits\gthr-default.h:229:1:int __gthread_key_delete(__gthread_key_t)	16	static
../System/Src/../../Subsys/Inc/../../Task/Inc/ctrl_task.h:158:3:Motion::Motion(Vehicle*, IrSensTask*, int)	24	static
../System/Src/../../Subsys/Inc/../../Task/Inc/ctrl_task.h:167:24:t_exeStatus Motion::motion_exeStatus_get()	16	static
../System/Src/../../Subsys/Inc/../../Task/Inc/ctrl_task.h:202:22:t_exeStatus Motion::execute_Motion()	16	static
../System/Src/../../Subsys/Inc/../../Task/Inc/ctrl_task.h:214:22:t_exeStatus Motion::exe_Motion_straight(float, float, float, float, const t_pid_gain*, const t_pid_gain*)	40	static
../System/Src/../../Subsys/Inc/../../Task/Inc/ctrl_task.h:220:22:t_exeStatus Motion::exe_Motion_backward(const t_pid_gain*, const t_pid_gain*)	24	static
../System/Src/../../Subsys/Inc/../../Task/Inc/ctrl_task.h:226:22:t_exeStatus Motion::exe_Motion_diagonal(float, float, float, float, const t_pid_gain*, const t_pid_gain*)	40	static
../System/Src/../../Subsys/Inc/../../Task/Inc/ctrl_task.h:247:22:t_exeStatus Motion::exe_Motion_suction_start(float, float, const t_pid_gain*, const t_pid_gain*)	32	static
../System/Src/../../Subsys/Inc/../../Task/Inc/ctrl_task.h:253:22:t_exeStatus Motion::exe_Motion_turn_in(const t_param*, t_run_pattern, const t_pid_gain*, const t_pid_gain*)	32	static
../System/Src/../../Subsys/Inc/../../Task/Inc/ctrl_task.h:265:22:t_exeStatus Motion::exe_Motion_turn_out(const t_param*, t_run_pattern, const t_pid_gain*, const t_pid_gain*)	32	static
../System/Src/../../Subsys/Inc/../../Task/Inc/ctrl_task.h:277:22:t_exeStatus Motion::exe_Motion_long_turn(const t_param*, t_run_pattern, const t_pid_gain*, const t_pid_gain*)	32	static
../System/Src/../../Subsys/Inc/../../Task/Inc/ctrl_task.h:290:22:t_exeStatus Motion::exe_Motion_turn_v90(const t_param*, t_run_pattern, const t_pid_gain*, const t_pid_gain*)	32	static
../System/Src/../../Subsys/Inc/../../Task/Inc/ctrl_task.h:318:15:IrSensTask* Motion::return_irObj()	16	static
../System/Src/../../Subsys/Inc/../../Task/Inc/ctrl_task.h:331:3:CtrlTask::CtrlTask(Vehicle*, IrSensTask*, int)	24	static
../System/Src/../../Subsys/Inc/../../Task/Inc/ctrl_task.h:349:3:CtrlTask_type7::CtrlTask_type7(Vehicle*, IrSensTask*)	24	static
../System/Src/../../Subsys/Inc/../../Module/Inc/interrupt.h:35:12:uint32_t Interrupt::return_time_count()	16	static
../System/Src/debug.cpp:38:7:void Mode::Debug(const t_straight_param*, const t_param* const*, int)	640	static
../System/Src/../../Subsys/Inc/../../Task/Inc/../../Module/Inc/../../Component/Inc/controller.h:19:7:constexpr PID_Controller::PID_Controller()	16	static
../System/Src/../../Subsys/Inc/../../Task/Inc/../../Module/Inc/../../Component/Inc/controller.h:37:7:constexpr mouse_Controller::mouse_Controller()	16	static
../System/Src/../../Subsys/Inc/../../Task/Inc/../../Module/Inc/vehicle.h:60:7:Vehicle::Vehicle()	16	static
../System/Src/../../Subsys/Inc/../../Task/Inc/../../Module/Inc/vehicle.h:181:7:Vehicle_type7::Vehicle_type7()	16	static
../System/Src/../../Subsys/Inc/../../Task/Inc/../../Module/Inc/../../Component/Inc/singleton.h:15:12:static T& Singleton<T>::getInstance() [with T = Vehicle_type7]	8	static,ignoring_inline_asm
../System/Src/../../Subsys/Inc/../../Task/Inc/sensing_task.h:52:7:IrSensTask::IrSensTask()	16	static
../System/Src/../../Subsys/Inc/../../Task/Inc/sensing_task.h:119:7:IrSensTask_type7::IrSensTask_type7()	16	static
../System/Src/../../Subsys/Inc/../../Task/Inc/../../Module/Inc/../../Component/Inc/singleton.h:15:12:static T& Singleton<T>::getInstance() [with T = IrSensTask_type7]	8	static,ignoring_inline_asm
../System/Src/../../Subsys/Inc/../../Task/Inc/../../Module/Inc/../../Component/Inc/singleton.h:15:12:static T& Singleton<T>::getInstance() [with T = Interrupt]	4	static
../System/Src/../../Subsys/Inc/../../Task/Inc/../../Module/Inc/../../Component/Inc/singleton.h:15:12:static T& Singleton<T>::getInstance() [with T = CtrlTask_type7]	16	static,ignoring_inline_asm
../System/Src/../../Module/Inc/log_data.h:19:7:LogData::LogData()	16	static
../System/Src/../../Subsys/Inc/../../Task/Inc/../../Module/Inc/../../Component/Inc/singleton.h:15:12:static T& Singleton<T>::getInstance() [with T = LogData]	8	static,ignoring_inline_asm
