../System/Src/../../Subsys/Inc/../../Task/Inc/../../Module/Inc/vehicle.h:24:15:void param_element::set(float)	16	static
../System/Src/../../Subsys/Inc/../../Task/Inc/../../Module/Inc/vehicle.h:26:16:float param_element::get()	16	static
../System/Src/../../Subsys/Inc/../../Task/Inc/../../Module/Inc/vehicle.h:144:16:virtual void Vehicle::motorSetDuty_l(int)	16	static
../System/Src/../../Subsys/Inc/../../Task/Inc/../../Module/Inc/vehicle.h:148:16:virtual void Vehicle::motorSetDuty_r(int)	16	static
../System/Src/../../Subsys/Inc/../../Task/Inc/../../Module/Inc/vehicle.h:167:16:virtual void Vehicle::suctionSetDuty(int)	16	static
../System/Src/../../Subsys/Inc/../../Task/Inc/../../Module/Inc/vehicle.h:173:16:virtual void Vehicle::suctionStop()	16	static
../System/Src/../../Subsys/Inc/../../Task/Inc/../../Module/Inc/vehicle.h:181:11:Vehicle::~Vehicle()	16	static
../System/Src/../../Subsys/Inc/../../Task/Inc/../../Module/Inc/vehicle.h:181:11:virtual Vehicle::~Vehicle()	16	static
../System/Src/../../Subsys/Inc/../../Task/Inc/../../Module/Inc/vehicle.h:192:7:virtual void Vehicle_type7::motorSetDuty_l(int)	16	static
../System/Src/../../Subsys/Inc/../../Task/Inc/../../Module/Inc/vehicle.h:198:7:virtual void Vehicle_type7::motorSetDuty_r(int)	16	static
../System/Src/../../Subsys/Inc/../../Task/Inc/../../Module/Inc/vehicle.h:204:7:virtual void Vehicle_type7::suctionSetDuty(int)	16	static
../System/Src/../../Subsys/Inc/../../Task/Inc/../../Module/Inc/vehicle.h:211:7:virtual void Vehicle_type7::suctionStop()	16	static
../System/Src/../../Subsys/Inc/../../Task/Inc/sensing_task.h:128:8:virtual void IrSensTask_type7::IrSensorSet()	16	static
C:\ST\STM32CubeIDE_1.18.1\STM32CubeIDE\plugins\com.st.stm32cube.ide.mcu.externaltools.gnu-tools-for-stm32.13.3.rel1.win32_1.0.0.202411081344\tools\arm-none-eabi\include\c++\13.3.1\arm-none-eabi\thumb\v8-m.main+fp\hard\bits\gthr-default.h:229:1:int __gthread_key_delete(__gthread_key_t)	16	static
../System/Src/../../Subsys/Inc/../../Task/Inc/ctrl_task.h:149:3:Motion::Motion(Vehicle*, IrSensTask*, int)	24	static
../System/Src/../../Subsys/Inc/../../Task/Inc/ctrl_task.h:162:24:t_exeStatus Motion::motion_exeStatus_get()	16	static
../System/Src/../../Subsys/Inc/../../Task/Inc/ctrl_task.h:205:22:t_exeStatus Motion::execute_Motion()	16	static
../System/Src/../../Subsys/Inc/../../Task/Inc/ctrl_task.h:237:22:t_exeStatus Motion::exe_Motion_pivot_turn(float, float, float, const t_pid_gain*, const t_pid_gain*)	32	static
../System/Src/../../Subsys/Inc/../../Task/Inc/ctrl_task.h:244:22:t_exeStatus Motion::exe_Motion_fix_wall(float, const t_pid_gain*, const t_pid_gain*)	24	static
../System/Src/../../Subsys/Inc/../../Task/Inc/ctrl_task.h:250:22:t_exeStatus Motion::exe_Motion_enkaigei(float, const t_pid_gain*, const t_pid_gain*)	24	static
../System/Src/../../Subsys/Inc/../../Task/Inc/ctrl_task.h:326:12:Vehicle* Motion::return_vehicleObj()	16	static
../System/Src/../../Subsys/Inc/../../Task/Inc/ctrl_task.h:327:15:IrSensTask* Motion::return_irObj()	16	static
../System/Src/../../Subsys/Inc/../../Task/Inc/ctrl_task.h:340:3:CtrlTask::CtrlTask(Vehicle*, IrSensTask*, int)	24	static
../System/Src/../../Subsys/Inc/../../Task/Inc/ctrl_task.h:358:3:CtrlTask_type7::CtrlTask_type7(Vehicle*, IrSensTask*)	24	static
../System/Src/../../Subsys/Inc/../../Module/Inc/interrupt.h:35:12:uint32_t Interrupt::return_time_count()	16	static
../System/Src/interface_check.cpp:38:7:void Mode::Interface_Check()	672	static
../System/Src/../../Subsys/Inc/../../Task/Inc/../../Module/Inc/../../Component/Inc/controller.h:20:7:constexpr PID_Controller::PID_Controller()	16	static
../System/Src/../../Subsys/Inc/../../Task/Inc/../../Module/Inc/../../Component/Inc/controller.h:47:7:constexpr mouse_Controller::mouse_Controller()	16	static
../System/Src/../../Subsys/Inc/../../Task/Inc/../../Module/Inc/vehicle.h:60:7:Vehicle::Vehicle()	16	static
../System/Src/../../Subsys/Inc/../../Task/Inc/../../Module/Inc/vehicle.h:189:7:Vehicle_type7::Vehicle_type7()	16	static
../System/Src/../../Subsys/Inc/../../Task/Inc/../../Module/Inc/vehicle.h:189:7:Vehicle_type7::~Vehicle_type7()	16	static
../System/Src/../../Subsys/Inc/../../Task/Inc/../../Module/Inc/vehicle.h:189:7:virtual Vehicle_type7::~Vehicle_type7()	16	static
../System/Src/../../Subsys/Inc/../../Task/Inc/../../Module/Inc/../../Component/Inc/singleton.h:16:12:void __tcf_0()	8	static
../System/Src/../../Subsys/Inc/../../Task/Inc/../../Module/Inc/../../Component/Inc/singleton.h:15:12:static T& Singleton<T>::getInstance() [with T = Vehicle_type7]	8	static,ignoring_inline_asm
../System/Src/../../Subsys/Inc/../../Task/Inc/sensing_task.h:55:7:IrSensTask::IrSensTask()	16	static
../System/Src/../../Subsys/Inc/../../Task/Inc/sensing_task.h:125:7:IrSensTask_type7::IrSensTask_type7()	16	static
../System/Src/../../Subsys/Inc/../../Task/Inc/../../Module/Inc/../../Component/Inc/singleton.h:15:12:static T& Singleton<T>::getInstance() [with T = IrSensTask_type7]	8	static,ignoring_inline_asm
../System/Src/../../Subsys/Inc/../../Task/Inc/../../Module/Inc/../../Component/Inc/singleton.h:15:12:static T& Singleton<T>::getInstance() [with T = Interrupt]	4	static
../System/Src/../../Subsys/Inc/../../Task/Inc/../../Module/Inc/../../Component/Inc/singleton.h:15:12:static T& Singleton<T>::getInstance() [with T = CtrlTask_type7]	16	static,ignoring_inline_asm
../System/Src/../../Module/Inc/log_data.h:19:7:LogData::LogData()	16	static
../System/Src/../../Subsys/Inc/../../Task/Inc/../../Module/Inc/../../Component/Inc/singleton.h:15:12:static T& Singleton<T>::getInstance() [with T = LogData]	8	static,ignoring_inline_asm
