../System/Src/../../Module/Inc/log_data.h:41:8:void LogData::set_logmode(uint8_t)	16	static
../System/Src/../../Task/Inc/../../Module/Inc/vehicle.h:24:15:void param_element::set(float)	16	static
../System/Src/../../Task/Inc/../../Module/Inc/vehicle.h:143:16:virtual void Vehicle::motorSetDuty_l(int)	16	static
../System/Src/../../Task/Inc/../../Module/Inc/vehicle.h:147:16:virtual void Vehicle::motorSetDuty_r(int)	16	static
../System/Src/../../Task/Inc/../../Module/Inc/vehicle.h:166:16:virtual void Vehicle::suctionSetDuty(int)	16	static
../System/Src/../../Task/Inc/../../Module/Inc/vehicle.h:172:16:virtual void Vehicle::suctionStop()	16	static
../System/Src/../../Task/Inc/../../Module/Inc/vehicle.h:183:7:virtual void Vehicle_type7::motorSetDuty_l(int)	16	static
../System/Src/../../Task/Inc/../../Module/Inc/vehicle.h:189:7:virtual void Vehicle_type7::motorSetDuty_r(int)	16	static
../System/Src/../../Task/Inc/../../Module/Inc/vehicle.h:195:7:virtual void Vehicle_type7::suctionSetDuty(int)	16	static
../System/Src/../../Task/Inc/../../Module/Inc/vehicle.h:202:7:virtual void Vehicle_type7::suctionStop()	16	static
../System/Src/../../Task/Inc/sensing_task.h:122:8:virtual void IrSensTask_type7::IrSensorSet()	16	static
../System/Src/../../Task/Inc/ctrl_task.h:160:3:Motion::Motion(Vehicle*, IrSensTask*, int)	24	static
../System/Src/../../Task/Inc/ctrl_task.h:169:24:t_exeStatus Motion::motion_exeStatus_get()	16	static
../System/Src/../../Task/Inc/ctrl_task.h:204:22:t_exeStatus Motion::execute_Motion()	16	static
../System/Src/../../Task/Inc/ctrl_task.h:320:15:IrSensTask* Motion::return_irObj()	16	static
../System/Src/../../Task/Inc/ctrl_task.h:333:3:CtrlTask::CtrlTask(Vehicle*, IrSensTask*, int)	24	static
../System/Src/../../Task/Inc/ctrl_task.h:351:3:CtrlTask_type7::CtrlTask_type7(Vehicle*, IrSensTask*)	24	static
../System/Src/myshell.cpp:57:12:int usrcmd_help(int, char**)	24	static
../System/Src/myshell.cpp:70:12:int usrcmd_info(int, char**)	16	static
../System/Src/myshell.cpp:90:12:int usrcmd_disp(int, char**)	16	static
../System/Src/myshell.cpp:109:12:int usrcmd_end(int, char**)	16	static
../System/Src/myshell.cpp:125:12:int usrcmd_log(int, char**)	16	static
../System/Src/myshell.cpp:145:5:int shell_debug_straight(int, char**)	80	static
../System/Src/myshell.cpp:215:5:int shell_debug_diagonal(int, char**)	80	static
../System/Src/myshell.cpp:285:5:int shell_debug_turn(int, char**)	96	static
../System/Src/myshell.cpp:394:12:int usrcmd_debug(int, char**)	16	static
../System/Src/myshell.cpp:420:12:int func_read(char*, int, void*)	40	static
../System/Src/myshell.cpp:429:12:int func_write(const char*, int, void*)	32	static
../System/Src/myshell.cpp:442:12:int user_callback(const char*, void*)	16	static
../System/Src/myshell.cpp:449:12:int usrcmd_execute(const char*)	16	static
../System/Src/myshell.cpp:454:12:int usrcmd_ntopt_callback(int, char**, void*)	32	static
../System/Src/myshell.cpp:474:6:void Myshell_Initialize()	24	static
../System/Src/myshell.cpp:481:6:void Myshell_Execute()	16	static
../System/Src/../../Task/Inc/../../Module/Inc/../../Component/Inc/controller.h:19:7:constexpr PID_Controller::PID_Controller()	16	static
../System/Src/../../Task/Inc/../../Module/Inc/../../Component/Inc/controller.h:37:7:constexpr mouse_Controller::mouse_Controller()	16	static
../System/Src/../../Task/Inc/../../Module/Inc/vehicle.h:60:7:Vehicle::Vehicle()	16	static
../System/Src/../../Task/Inc/../../Module/Inc/vehicle.h:181:7:Vehicle_type7::Vehicle_type7()	16	static
../System/Src/../../Module/Inc/../../Component/Inc/singleton.h:15:12:static T& Singleton<T>::getInstance() [with T = Vehicle_type7]	8	static,ignoring_inline_asm
../System/Src/../../Task/Inc/sensing_task.h:52:7:IrSensTask::IrSensTask()	16	static
../System/Src/../../Task/Inc/sensing_task.h:119:7:IrSensTask_type7::IrSensTask_type7()	16	static
../System/Src/../../Module/Inc/../../Component/Inc/singleton.h:15:12:static T& Singleton<T>::getInstance() [with T = IrSensTask_type7]	8	static,ignoring_inline_asm
../System/Src/../../Module/Inc/log_data.h:19:7:LogData::LogData()	16	static
../System/Src/../../Module/Inc/../../Component/Inc/singleton.h:15:12:static T& Singleton<T>::getInstance() [with T = LogData]	8	static,ignoring_inline_asm
../System/Src/../../Module/Inc/../../Component/Inc/singleton.h:15:12:static T& Singleton<T>::getInstance() [with T = CtrlTask_type7]	16	static,ignoring_inline_asm
