../Core/Src/stm32u5xx_it.c:87:6:NMI_Handler	4	static
../Core/Src/stm32u5xx_it.c:102:6:HardFault_Handler	4	static
../Core/Src/stm32u5xx_it.c:117:6:MemManage_Handler	4	static
../Core/Src/stm32u5xx_it.c:132:6:BusFault_Handler	4	static
../Core/Src/stm32u5xx_it.c:147:6:UsageFault_Handler	4	static
../Core/Src/stm32u5xx_it.c:162:6:SVC_Handler	4	static
../Core/Src/stm32u5xx_it.c:175:6:DebugMon_Handler	4	static
../Core/Src/stm32u5xx_it.c:188:6:PendSV_Handler	4	static
../Core/Src/stm32u5xx_it.c:201:6:SysTick_Handler	8	static
../Core/Src/stm32u5xx_it.c:222:6:GPDMA1_Channel0_IRQHandler	8	static
../Core/Src/stm32u5xx_it.c:236:6:GPDMA1_Channel1_IRQHandler	8	static
../Core/Src/stm32u5xx_it.c:250:6:GPDMA1_Channel2_IRQHandler	8	static
../Core/Src/stm32u5xx_it.c:264:6:GPDMA1_Channel3_IRQHandler	8	static
../Core/Src/stm32u5xx_it.c:278:6:GPDMA1_Channel4_IRQHandler	8	static
../Core/Src/stm32u5xx_it.c:292:6:GPDMA1_Channel5_IRQHandler	8	static
../Core/Src/stm32u5xx_it.c:306:6:GPDMA1_Channel6_IRQHandler	8	static
../Core/Src/stm32u5xx_it.c:320:6:GPDMA1_Channel7_IRQHandler	8	static
../Core/Src/stm32u5xx_it.c:334:6:ADC1_IRQHandler	8	static
../Core/Src/stm32u5xx_it.c:348:6:SPI2_IRQHandler	8	static
../Core/Src/stm32u5xx_it.c:362:6:USART1_IRQHandler	8	static
