C:\ST\STM32CubeIDE_1.18.1\STM32CubeIDE\plugins\com.st.stm32cube.ide.mcu.externaltools.gnu-tools-for-stm32.13.3.rel1.win32_1.0.0.202411081344\tools\arm-none-eabi\include\c++\13.3.1\arm-none-eabi\thumb\v8-m.main+fp\hard\bits\gthr-default.h:229:1:int __gthread_key_delete(__gthread_key_t)	16	static
../Subsys/Src/make_path_expand.cpp:136:15:t_posDijkstra Dijkstra::LocalPosDir2GlobWallPos_Center(t_posDijkstra, t_direction, t_local_dir, t_local_dir)	32	static
../Subsys/Src/make_path_expand.cpp:230:15:t_posDijkstra Dijkstra::LocalPosDir2GlobWallPos_WPos(t_posDijkstra, t_direction, t_local_dir)	32	static
../Subsys/Src/make_path_expand.cpp:643:12:t_element* Dijkstra::get_closure_inf(t_posDijkstra)	16	static
../Subsys/Src/make_path_expand.cpp:657:9:uint8_t Dijkstra::get_wall_inf(t_posDijkstra)	24	static
../Subsys/Src/make_path_expand.cpp:690:6:void Dijkstra::straight_expand(t_posDijkstra, t_direction)	80	static
../Subsys/Src/make_path_expand.cpp:719:6:void Dijkstra::diagonal_expand(t_posDijkstra, t_direction)	80	static
../Subsys/Src/make_path_expand.cpp:749:6:void Dijkstra::turn_inR45_expand(t_posDijkstra, t_direction)	80	static
../Subsys/Src/make_path_expand.cpp:771:6:void Dijkstra::turn_inL45_expand(t_posDijkstra, t_direction)	80	static
../Subsys/Src/make_path_expand.cpp:792:6:void Dijkstra::turn_outR45_expand(t_posDijkstra, t_direction)	72	static
../Subsys/Src/make_path_expand.cpp:839:6:void Dijkstra::turn_outL45_expand(t_posDijkstra, t_direction)	72	static
../Subsys/Src/make_path_expand.cpp:887:6:void Dijkstra::turn_inR135_expand(t_posDijkstra, t_direction)	80	static
../Subsys/Src/make_path_expand.cpp:925:6:void Dijkstra::turn_inL135_expand(t_posDijkstra, t_direction)	88	static
../Subsys/Src/make_path_expand.cpp:947:6:void Dijkstra::turn_outR135_expand(t_posDijkstra, t_direction)	80	static
../Subsys/Src/make_path_expand.cpp:997:6:void Dijkstra::turn_outL135_expand(t_posDijkstra, t_direction)	80	static
../Subsys/Src/make_path_expand.cpp:1046:6:void Dijkstra::longturn_R90_expand(t_posDijkstra, t_direction)	80	static
../Subsys/Src/make_path_expand.cpp:1068:6:void Dijkstra::longturn_L90_expand(t_posDijkstra, t_direction)	80	static
../Subsys/Src/make_path_expand.cpp:1090:6:void Dijkstra::longturn_R180_expand(t_posDijkstra, t_direction)	80	static
../Subsys/Src/make_path_expand.cpp:1113:6:void Dijkstra::longturn_L180_expand(t_posDijkstra, t_direction)	80	static
../Subsys/Src/make_path_expand.cpp:1135:6:void Dijkstra::turn_vR90_expand(t_posDijkstra, t_direction)	80	static
../Subsys/Src/make_path_expand.cpp:1172:6:void Dijkstra::turn_vL90_expand(t_posDijkstra, t_direction)	80	static
